/usr/bin/ld: /tmp/ccNwK2Be.o: in function `tflite::MutableOpResolver::~MutableOpResolver()':
accuracy_harness.cc:(.text._ZN6tflite17MutableOpResolverD2Ev[_ZN6tflite17MutableOpResolverD5Ev]+0x4): undefined reference to `vtable for tflite::MutableOpResolver'
/usr/bin/ld: /tmp/ccNwK2Be.o: in function `tflite::impl::FlatBufferModelBase<tflite::impl::FlatBufferModel>::BuildFromFile(char const*, tflite::ErrorReporter*)':
accuracy_harness.cc:(.text._ZN6tflite4impl19FlatBufferModelBaseINS0_15FlatBufferModelEE13BuildFromFileEPKcPNS_13ErrorReporterE[_ZN6tflite4impl19FlatBufferModelBaseINS0_15FlatBufferModelEE13BuildFromFileEPKcPNS_13ErrorReporterE]+0x20): undefined reference to `tflite::GetAllocationFromFile(char const*, tflite::ErrorReporter*, bool)'
/usr/bin/ld: accuracy_harness.cc:(.text._ZN6tflite4impl19FlatBufferModelBaseINS0_15FlatBufferModelEE13BuildFromFileEPKcPNS_13ErrorReporterE[_ZN6tflite4impl19FlatBufferModelBaseINS0_15FlatBufferModelEE13BuildFromFileEPKcPNS_13ErrorReporterE]+0x134): undefined reference to `tflite::ErrorReporter::Report(char const*, ...)'
/usr/bin/ld: accuracy_harness.cc:(.text._ZN6tflite4impl19FlatBufferModelBaseINS0_15FlatBufferModelEE13BuildFromFileEPKcPNS_13ErrorReporterE[_ZN6tflite4impl19FlatBufferModelBaseINS0_15FlatBufferModelEE13BuildFromFileEPKcPNS_13ErrorReporterE]+0x13c): undefined reference to `tflite::DefaultErrorReporter()'
/usr/bin/ld: accuracy_harness.cc:(.text._ZN6tflite4impl19FlatBufferModelBaseINS0_15FlatBufferModelEE13BuildFromFileEPKcPNS_13ErrorReporterE[_ZN6tflite4impl19FlatBufferModelBaseINS0_15FlatBufferModelEE13BuildFromFileEPKcPNS_13ErrorReporterE]+0x146): undefined reference to `tflite::DefaultErrorReporter()'
/usr/bin/ld: accuracy_harness.cc:(.text._ZN6tflite4impl19FlatBufferModelBaseINS0_15FlatBufferModelEE13BuildFromFileEPKcPNS_13ErrorReporterE[_ZN6tflite4impl19FlatBufferModelBaseINS0_15FlatBufferModelEE13BuildFromFileEPKcPNS_13ErrorReporterE]+0x152): undefined reference to `tflite::DefaultErrorReporter()'
/usr/bin/ld: accuracy_harness.cc:(.text._ZN6tflite4impl19FlatBufferModelBaseINS0_15FlatBufferModelEE13BuildFromFileEPKcPNS_13ErrorReporterE[_ZN6tflite4impl19FlatBufferModelBaseINS0_15FlatBufferModelEE13BuildFromFileEPKcPNS_13ErrorReporterE]+0x17c): undefined reference to `tflite::ErrorReporter::Report(char const*, ...)'
/usr/bin/ld: accuracy_harness.cc:(.text._ZN6tflite4impl19FlatBufferModelBaseINS0_15FlatBufferModelEE13BuildFromFileEPKcPNS_13ErrorReporterE[_ZN6tflite4impl19FlatBufferModelBaseINS0_15FlatBufferModelEE13BuildFromFileEPKcPNS_13ErrorReporterE]+0x196): undefined reference to `tflite::ErrorReporter::Report(char const*, ...)'
/usr/bin/ld: /tmp/ccNwK2Be.o: in function `main':
accuracy_harness.cc:(.text.startup+0x1e8): undefined reference to `tflite::DefaultErrorReporter()'
/usr/bin/ld: accuracy_harness.cc:(.text.startup+0x206): undefined reference to `tflite::ops::builtin::BuiltinOpResolver::BuiltinOpResolver()'
/usr/bin/ld: accuracy_harness.cc:(.text.startup+0x224): undefined reference to `tflite::impl::InterpreterBuilder::InterpreterBuilder(tflite::impl::FlatBufferModel const&, tflite::OpResolver const&, tflite::InterpreterOptions const*)'
/usr/bin/ld: accuracy_harness.cc:(.text.startup+0x22c): undefined reference to `tflite::impl::InterpreterBuilder::operator()(std::unique_ptr<tflite::impl::Interpreter, std::default_delete<tflite::impl::Interpreter> >*)'
/usr/bin/ld: accuracy_harness.cc:(.text.startup+0x23c): undefined reference to `tflite::impl::InterpreterBuilder::~InterpreterBuilder()'
/usr/bin/ld: accuracy_harness.cc:(.text.startup+0x24a): undefined reference to `tflite::impl::Interpreter::SetNumThreads(int)'
/usr/bin/ld: accuracy_harness.cc:(.text.startup+0x254): undefined reference to `tflite::impl::Interpreter::AllocateTensors()'
/usr/bin/ld: accuracy_harness.cc:(.text.startup+0x3d8): undefined reference to `tflite::impl::Interpreter::Invoke()'
/usr/bin/ld: accuracy_harness.cc:(.text.startup+0x436): undefined reference to `tflite::impl::Interpreter::~Interpreter()'
/usr/bin/ld: accuracy_harness.cc:(.text.startup+0x4de): undefined reference to `tflite::impl::InterpreterBuilder::~InterpreterBuilder()'
/usr/bin/ld: accuracy_harness.cc:(.text.startup+0x5de): undefined reference to `tflite::impl::Interpreter::Invoke()'
/usr/bin/ld: accuracy_harness.cc:(.text.startup+0x78c): undefined reference to `tflite::impl::Interpreter::Invoke()'
/usr/bin/ld: accuracy_harness.cc:(.text.startup+0x938): undefined reference to `tflite::impl::Interpreter::Invoke()'
/usr/bin/ld: accuracy_harness.cc:(.text.startup+0xcd0): undefined reference to `tflite::impl::Interpreter::~Interpreter()'
/usr/bin/ld: accuracy_harness.cc:(.text.startup+0xd24): undefined reference to `tflite::impl::InterpreterBuilder::~InterpreterBuilder()'
/usr/bin/ld: /tmp/ccNwK2Be.o:(.data.rel.ro._ZTIN6tflite3ops7builtin17BuiltinOpResolverE[_ZTIN6tflite3ops7builtin17BuiltinOpResolverE]+0x10): undefined reference to `typeinfo for tflite::MutableOpResolver'
/usr/bin/ld: /tmp/ccNwK2Be.o:(.data.rel.ro._ZTVN6tflite3ops7builtin17BuiltinOpResolverE[_ZTVN6tflite3ops7builtin17BuiltinOpResolverE]+0x10): undefined reference to `tflite::MutableOpResolver::FindOp(tflite::BuiltinOperator, int) const'
/usr/bin/ld: /tmp/ccNwK2Be.o:(.data.rel.ro._ZTVN6tflite3ops7builtin17BuiltinOpResolverE[_ZTVN6tflite3ops7builtin17BuiltinOpResolverE]+0x18): undefined reference to `tflite::MutableOpResolver::FindOp(char const*, int) const'
/usr/bin/ld: /tmp/ccNwK2Be.o:(.data.rel.ro._ZTVN6tflite3ops7builtin17BuiltinOpResolverE[_ZTVN6tflite3ops7builtin17BuiltinOpResolverE]+0x48): undefined reference to `tflite::MutableOpResolver::MayContainUserDefinedOps() const'
collect2: error: ld returned 1 exit status
