[  1%] Built target absl_exponential_biased
[  1%] Built target ruy_profiler_instrumentation
[  1%] Built target absl_spinlock_wait
[  3%] Built target absl_strerror
[  5%] Built target absl_utf8_for_code_point
[  7%] Built target absl_civil_time
[  7%] Built target absl_log_severity
[  9%] Built target absl_time_zone
[  9%] Built target absl_leak_check
[  9%] Built target fft2d_fftsg
[  9%] Built target absl_flags_commandlineflag_internal
[  9%] Built target farmhash
[ 11%] Built target eight_bit_int_gemm
[ 12%] Built target cpuinfo
[ 12%] Built target flatbuffers
[ 12%] Built target ruy_system_aligned_alloc
[ 12%] Built target ruy_block_map
[ 12%] Built target ruy_wait
[ 12%] Built target ruy_denormal
[ 12%] Built target ruy_apply_multiplier
[ 12%] Built target ruy_have_built_path_for_avx512
[ 12%] Built target ruy_have_built_path_for_avx2_fma
[ 12%] Built target absl_raw_logging_internal
[ 12%] Built target ruy_have_built_path_for_avx
[ 12%] Built target ruy_cpuinfo
[ 12%] Built target fft2d_fftsg2d
[ 12%] Built target ruy_prepacked_cache
[ 14%] Built target ruy_allocator
[ 14%] Built target ruy_blocking_counter
[ 14%] Built target ruy_tune
[ 14%] Built target absl_debugging_internal
[ 14%] Built target absl_cordz_functions
[ 14%] Built target absl_throw_delegate
[ 16%] Built target absl_base
[ 18%] Built target ruy_thread_pool
[ 18%] Built target ruy_pack_arm
[ 20%] Built target ruy_kernel_arm
[ 20%] Built target ruy_pack_avx512
[ 20%] Built target ruy_kernel_avx
[ 20%] Built target ruy_kernel_avx2_fma
[ 20%] Built target ruy_pack_avx2_fma
[ 20%] Built target ruy_kernel_avx512
[ 22%] Built target ruy_pack_avx
[ 22%] Built target absl_tracing_internal
[ 22%] Built target ruy_ctx
[ 24%] Built target absl_malloc_internal
[ 24%] Built target absl_decode_rust_punycode
[ 24%] Built target absl_city
[ 25%] Built target absl_strings_internal
[ 27%] Built target absl_int128
[ 27%] Built target absl_crc_cpu_detect
[ 29%] Built target ruy_context
[ 31%] Built target ruy_trmul
[ 31%] Built target ruy_prepare_packed_matrices
[ 31%] Built target absl_demangle_rust
[ 33%] Built target absl_graphcycles_internal
[ 35%] Built target absl_demangle_internal
[ 37%] Built target absl_crc_internal
[ 38%] Built target ruy_frontend
[ 38%] Built target ruy_context_get_ctx
[ 40%] Built target absl_strings
[ 40%] Built target absl_hash
[ 40%] Built target absl_flags_commandlineflag
[ 40%] Built target absl_str_format_internal
[ 40%] Built target absl_symbolize
[ 42%] Built target absl_time
[ 42%] Built target absl_borrowed_fixup_buffer
[ 42%] Built target absl_flags_private_handle_accessor
[ 42%] Built target absl_flags_marshalling
[ 42%] Built target absl_kernel_timeout_internal
[ 42%] Built target absl_crc32c
[ 42%] Built target absl_stacktrace
[ 42%] Built target absl_crc_cord_state
[ 44%] Built target absl_synchronization
[ 46%] Built target absl_cord_internal
[ 46%] Built target absl_cordz_handle
[ 46%] Built target absl_flags_program_name
[ 46%] Built target absl_hashtablez_sampler
[ 46%] Built target absl_cordz_info
[ 46%] Built target absl_flags_config
[ 46%] Built target absl_cord
[ 48%] Built target absl_flags_internal
[ 48%] Built target absl_raw_hash_set
[ 48%] Built target absl_status
[ 50%] Built target absl_flags_reflection
[100%] Built target tensorflow-lite
