[  0%] Built target absl_utf8_for_code_point
[  0%] Built target absl_civil_time
[  0%] Built target absl_spinlock_wait
[  0%] Built target absl_exponential_biased
[  0%] Built target ruy_profiler_instrumentation
[  0%] Built target absl_log_severity
[  0%] Built target absl_strerror
[  1%] Built target absl_time_zone
[  1%] Built target absl_leak_check
[  3%] Built target fft2d_fftsg
[  3%] Built target absl_flags_commandlineflag_internal
[  5%] Built target farmhash
[  7%] Built target flatbuffers
[  7%] Built target ruy_wait
[  7%] Built target eight_bit_int_gemm
[  7%] Built target ruy_system_aligned_alloc
[  8%] Built target cpuinfo
[  8%] Built target ruy_block_map
[  8%] Built target ruy_denormal
[  8%] Built target ruy_apply_multiplier
[  8%] Built target absl_raw_logging_internal
[  8%] Built target ruy_have_built_path_for_avx512
[  8%] Built target ruy_have_built_path_for_avx
[  8%] Built target fft2d_fftsg2d
[  8%] Built target ruy_cpuinfo
[  8%] Built target ruy_have_built_path_for_avx2_fma
[ 10%] Built target ruy_allocator
[ 10%] Built target ruy_prepacked_cache
[ 10%] Built target ruy_tune
[ 10%] Built target absl_throw_delegate
[ 10%] Built target ruy_blocking_counter
[ 12%] Built target absl_cordz_functions
[ 14%] Built target absl_debugging_internal
[ 15%] Built target absl_base
[ 17%] Built target ruy_kernel_arm
[ 17%] Built target ruy_kernel_avx512
[ 17%] Built target ruy_pack_arm
[ 17%] Built target ruy_pack_avx512
[ 17%] Built target ruy_kernel_avx2_fma
[ 17%] Built target ruy_pack_avx2_fma
[ 17%] Built target ruy_kernel_avx
[ 19%] Built target ruy_pack_avx
[ 19%] Built target absl_tracing_internal
[ 19%] Built target absl_strings_internal
[ 19%] Built target absl_malloc_internal
[ 19%] Built target absl_int128
[ 19%] Built target absl_decode_rust_punycode
[ 19%] Built target absl_crc_cpu_detect
[ 19%] Built target absl_string_view
[ 19%] Built target absl_city
[ 19%] Built target ruy_thread_pool
[ 19%] Built target absl_graphcycles_internal
[ 21%] Built target absl_stacktrace
[ 22%] Built target absl_demangle_rust
[ 22%] Built target ruy_ctx
[ 22%] Built target absl_crc_internal
[ 22%] Built target absl_demangle_internal
[ 26%] Built target absl_strings
[ 28%] Built target ruy_trmul
[ 28%] Built target ruy_context
[ 29%] Built target ruy_prepare_packed_matrices
[ 31%] Built target absl_flags_commandlineflag
[ 33%] Built target absl_symbolize
[ 35%] Built target absl_str_format_internal
[ 35%] Built target absl_hash
[ 38%] Built target absl_time
[ 38%] Built target ruy_context_get_ctx
[ 40%] Built target ruy_frontend
[ 40%] Built target absl_flags_private_handle_accessor
[ 42%] Built target absl_flags_marshalling
[ 42%] Built target absl_kernel_timeout_internal
[ 43%] Built target absl_crc32c
[ 43%] Built target absl_crc_cord_state
[ 45%] Built target absl_synchronization
[ 45%] Built target absl_cord_internal
[ 47%] Built target absl_hashtablez_sampler
[ 47%] Built target absl_cordz_handle
[ 47%] Built target absl_flags_program_name
[ 47%] Built target absl_flags_config
[ 47%] Built target absl_cordz_info
[ 47%] Built target absl_flags_internal
[ 49%] Built target absl_cord
[ 50%] Built target absl_raw_hash_set
[ 50%] Built target absl_status
[ 50%] Built target absl_flags_reflection
[100%] Built target tensorflow-lite
