[  0%] Built target absl_log_severity
[  0%] Built target absl_exponential_biased
[  0%] Built target absl_utf8_for_code_point
[  0%] Built target absl_strerror
[  0%] Built target ruy_profiler_instrumentation
[  1%] Built target absl_civil_time
[  3%] Built target absl_spinlock_wait
[  5%] Built target absl_time_zone
[  5%] Built target absl_leak_check
[  7%] Built target farmhash
[  7%] Built target fft2d_fftsg
[  7%] Built target absl_flags_commandlineflag_internal
[  7%] Built target eight_bit_int_gemm
[  8%] Built target ruy_system_aligned_alloc
[ 10%] Built target flatbuffers
[ 10%] Built target ruy_wait
[ 12%] Built target cpuinfo
[ 12%] Built target ruy_block_map
[ 14%] Built target ruy_apply_multiplier
[ 14%] Built target ruy_denormal
[ 16%] Built target ruy_have_built_path_for_avx512
[ 16%] Built target ruy_have_built_path_for_avx2_fma
[ 17%] Built target ruy_have_built_path_for_avx
[ 17%] Built target fft2d_fftsg2d
[ 17%] Built target absl_raw_logging_internal
[ 17%] Built target ruy_allocator
[ 17%] Built target ruy_cpuinfo
[ 19%] Built target ruy_blocking_counter
[ 21%] Built target ruy_prepacked_cache
[ 21%] Built target absl_debugging_internal
[ 21%] Built target absl_throw_delegate
[ 21%] Built target absl_cordz_functions
[ 23%] Built target absl_base
[ 23%] Built target ruy_thread_pool
[ 23%] Built target ruy_tune
[ 23%] Built target absl_malloc_internal
[ 23%] Built target absl_city
[ 23%] Built target absl_tracing_internal
[ 23%] Built target absl_strings_internal
[ 23%] Built target absl_crc_cpu_detect
[ 23%] Built target ruy_kernel_arm
[ 23%] Built target absl_int128
[ 23%] Built target absl_decode_rust_punycode
[ 25%] Built target ruy_pack_arm
[ 25%] Built target ruy_kernel_avx512
[ 25%] Built target ruy_pack_avx512
[ 25%] Built target ruy_pack_avx2_fma
[ 25%] Built target ruy_pack_avx
[ 25%] Built target ruy_kernel_avx2_fma
[ 25%] Built target ruy_kernel_avx
[ 25%] Built target ruy_ctx
[ 25%] Built target absl_demangle_rust
[ 25%] Built target absl_graphcycles_internal
[ 28%] Built target absl_strings
[ 30%] Built target absl_crc_internal
[ 30%] Built target ruy_context
[ 30%] Built target ruy_trmul
[ 30%] Built target ruy_prepare_packed_matrices
[ 32%] Built target absl_demangle_internal
[ 33%] Built target absl_str_format_internal
[ 33%] Built target absl_flags_commandlineflag
[ 35%] Built target absl_time
[ 37%] Built target absl_hash
[ 37%] Built target ruy_context_get_ctx
[ 39%] Built target absl_symbolize
[ 39%] Built target ruy_frontend
[ 39%] Built target absl_flags_private_handle_accessor
[ 41%] Built target absl_kernel_timeout_internal
[ 41%] Built target absl_flags_marshalling
[ 41%] Built target absl_borrowed_fixup_buffer
[ 42%] Built target absl_crc32c
[ 42%] Built target absl_stacktrace
[ 42%] Built target absl_crc_cord_state
[ 44%] Built target absl_synchronization
[ 46%] Built target absl_cord_internal
[ 46%] Built target absl_hashtablez_sampler
[ 46%] Built target absl_cordz_handle
[ 46%] Built target absl_flags_program_name
[ 46%] Built target absl_cordz_info
[ 46%] Built target absl_flags_config
[ 48%] Built target absl_flags_internal
[ 48%] Built target absl_cord
[ 48%] Built target absl_raw_hash_set
[ 48%] Built target absl_status
[ 50%] Built target absl_flags_reflection
[100%] Built target tensorflow-lite
