CMake Warning (dev) at /usr/share/cmake-3.31/Modules/FetchContent.cmake:1953 (message):
  Calling FetchContent_Populate(abseil-cpp) is deprecated, call
  FetchContent_MakeAvailable(abseil-cpp) instead.  Policy CMP0169 can be set
  to OLD to allow FetchContent_Populate(abseil-cpp) to be called directly for
  now, but the ability to call it with declared details will be removed
  completely in a future version.
Call Stack (most recent call first):
  tools/cmake/modules/OverridableFetchContent.cmake:537 (FetchContent_Populate)
  tools/cmake/modules/abseil-cpp.cmake:35 (OverridableFetchContent_Populate)
  tools/cmake/modules/Findabsl.cmake:18 (include)
  CMakeLists.txt:189 (find_package)
This warning is for project developers.  Use -Wno-dev to suppress it.

CMake Warning (dev) at /usr/share/cmake-3.31/Modules/FetchContent.cmake:1953 (message):
  Calling FetchContent_Populate(eigen) is deprecated, call
  FetchContent_MakeAvailable(eigen) instead.  Policy CMP0169 can be set to
  OLD to allow FetchContent_Populate(eigen) to be called directly for now,
  but the ability to call it with declared details will be removed completely
  in a future version.
Call Stack (most recent call first):
  tools/cmake/modules/OverridableFetchContent.cmake:537 (FetchContent_Populate)
  tools/cmake/modules/eigen.cmake:39 (OverridableFetchContent_Populate)
  tools/cmake/modules/FindEigen3.cmake:18 (include)
  CMakeLists.txt:190 (find_package)
This warning is for project developers.  Use -Wno-dev to suppress it.

-- 
-- Configured Eigen 5.0.1-dev
-- 
CMake Warning (dev) at /usr/share/cmake-3.31/Modules/FetchContent.cmake:1953 (message):
  Calling FetchContent_Populate(farmhash) is deprecated, call
  FetchContent_MakeAvailable(farmhash) instead.  Policy CMP0169 can be set to
  OLD to allow FetchContent_Populate(farmhash) to be called directly for now,
  but the ability to call it with declared details will be removed completely
  in a future version.
Call Stack (most recent call first):
  tools/cmake/modules/OverridableFetchContent.cmake:537 (FetchContent_Populate)
  tools/cmake/modules/farmhash.cmake:37 (OverridableFetchContent_Populate)
  tools/cmake/modules/Findfarmhash.cmake:34 (include)
  CMakeLists.txt:191 (find_package)
This warning is for project developers.  Use -Wno-dev to suppress it.

CMake Warning (dev) at /usr/share/cmake-3.31/Modules/FetchContent.cmake:1373 (message):
  The DOWNLOAD_EXTRACT_TIMESTAMP option was not given and policy CMP0135 is
  not set.  The policy's OLD behavior will be used.  When using a URL
  download, the timestamps of extracted files should preferably be that of
  the time of extraction, otherwise code that depends on the extracted
  contents might not be rebuilt if the URL changes.  The OLD behavior
  preserves the timestamps from the archive instead, but this is usually not
  what you want.  Update your project to the NEW behavior or specify the
  DOWNLOAD_EXTRACT_TIMESTAMP option with a value of true to avoid this
  robustness issue.
Call Stack (most recent call first):
  tools/cmake/modules/OverridableFetchContent.cmake:398 (FetchContent_Declare)
  tools/cmake/modules/fft2d.cmake:22 (OverridableFetchContent_Declare)
  tools/cmake/modules/Findfft2d.cmake:18 (include)
  CMakeLists.txt:192 (find_package)
This warning is for project developers.  Use -Wno-dev to suppress it.

CMake Warning (dev) at /usr/share/cmake-3.31/Modules/FetchContent.cmake:1953 (message):
  Calling FetchContent_Populate(fft2d) is deprecated, call
  FetchContent_MakeAvailable(fft2d) instead.  Policy CMP0169 can be set to
  OLD to allow FetchContent_Populate(fft2d) to be called directly for now,
  but the ability to call it with declared details will be removed completely
  in a future version.
Call Stack (most recent call first):
  tools/cmake/modules/OverridableFetchContent.cmake:537 (FetchContent_Populate)
  tools/cmake/modules/fft2d.cmake:33 (OverridableFetchContent_Populate)
  tools/cmake/modules/Findfft2d.cmake:18 (include)
  CMakeLists.txt:192 (find_package)
This warning is for project developers.  Use -Wno-dev to suppress it.

CMake Warning (dev) at /usr/share/cmake-3.31/Modules/FetchContent.cmake:1953 (message):
  Calling FetchContent_Populate(flatbuffers) is deprecated, call
  FetchContent_MakeAvailable(flatbuffers) instead.  Policy CMP0169 can be set
  to OLD to allow FetchContent_Populate(flatbuffers) to be called directly
  for now, but the ability to call it with declared details will be removed
  completely in a future version.
Call Stack (most recent call first):
  tools/cmake/modules/OverridableFetchContent.cmake:537 (FetchContent_Populate)
  tools/cmake/modules/flatbuffers.cmake:37 (OverridableFetchContent_Populate)
  tools/cmake/modules/FindFlatBuffers.cmake:18 (include)
  CMakeLists.txt:193 (find_package)
This warning is for project developers.  Use -Wno-dev to suppress it.

-- Proceeding with version: 25.9.23.0
-- Looking for strtof_l
-- Looking for strtof_l - found
-- Looking for strtoull_l
-- Looking for strtoull_l - found
-- Looking for realpath
-- Looking for realpath - found
-- CMAKE_CXX_FLAGS: -march=rv64gcv -mabi=lp64d -I/work/s2602/tf-shared/third_party/xla/xla
CMake Warning (dev) at /usr/share/cmake-3.31/Modules/FetchContent.cmake:1953 (message):
  Calling FetchContent_Populate(gemmlowp) is deprecated, call
  FetchContent_MakeAvailable(gemmlowp) instead.  Policy CMP0169 can be set to
  OLD to allow FetchContent_Populate(gemmlowp) to be called directly for now,
  but the ability to call it with declared details will be removed completely
  in a future version.
Call Stack (most recent call first):
  tools/cmake/modules/OverridableFetchContent.cmake:537 (FetchContent_Populate)
  tools/cmake/modules/gemmlowp.cmake:38 (OverridableFetchContent_Populate)
  tools/cmake/modules/Findgemmlowp.cmake:18 (include)
  CMakeLists.txt:194 (find_package)
This warning is for project developers.  Use -Wno-dev to suppress it.

[ 11%] Creating directories for 'gemmlowp-populate'
[ 22%] Performing download step (git clone) for 'gemmlowp-populate'
Cloning into 'gemmlowp'...
fatal: unable to access 'https://github.com/google/gemmlowp/': Failed to connect to github.com port 443 after 134135 ms: Could not connect to server
Cloning into 'gemmlowp'...
error: RPC failed; curl 28 Failed to connect to github.com port 443 after 134273 ms: Could not connect to server
fatal: expected flush after ref listing
Cloning into 'gemmlowp'...
error: RPC failed; curl 28 Failed to connect to github.com port 443 after 135296 ms: Could not connect to server
fatal: expected flush after ref listing
Had to git clone more than once: 3 times.
CMake Error at _deps/gemmlowp-subbuild/gemmlowp-populate-prefix/tmp/gemmlowp-populate-gitclone.cmake:50 (message):
  Failed to clone repository: 'https://github.com/google/gemmlowp'


gmake[2]: *** [CMakeFiles/gemmlowp-populate.dir/build.make:102: gemmlowp-populate-prefix/src/gemmlowp-populate-stamp/gemmlowp-populate-download] Error 1
gmake[1]: *** [CMakeFiles/Makefile2:87: CMakeFiles/gemmlowp-populate.dir/all] Error 2
gmake: *** [Makefile:91: all] Error 2

CMake Error at /usr/share/cmake-3.31/Modules/FetchContent.cmake:1918 (message):
  Build step for gemmlowp failed: 2
Call Stack (most recent call first):
  /usr/share/cmake-3.31/Modules/FetchContent.cmake:1609 (__FetchContent_populateSubbuild)
  /usr/share/cmake-3.31/Modules/FetchContent.cmake:2145:EVAL:2 (__FetchContent_doPopulation)
  /usr/share/cmake-3.31/Modules/FetchContent.cmake:2145 (cmake_language)
  /usr/share/cmake-3.31/Modules/FetchContent.cmake:1978:EVAL:1 (__FetchContent_Populate)
  /usr/share/cmake-3.31/Modules/FetchContent.cmake:1978 (cmake_language)
  tools/cmake/modules/OverridableFetchContent.cmake:537 (FetchContent_Populate)
  tools/cmake/modules/gemmlowp.cmake:38 (OverridableFetchContent_Populate)
  tools/cmake/modules/Findgemmlowp.cmake:18 (include)
  CMakeLists.txt:194 (find_package)


-- Configuring incomplete, errors occurred!
