[  0%] Built target absl_civil_time
[  0%] Built target absl_spinlock_wait
[  0%] Built target ruy_profiler_instrumentation
[  0%] Built target absl_log_severity
[  0%] Built target absl_exponential_biased
[  0%] Built target absl_utf8_for_code_point
[  0%] Built target absl_strerror
[  1%] Built target absl_time_zone
[  1%] Built target absl_leak_check
[  1%] Built target absl_flags_commandlineflag_internal
[  1%] Built target fft2d_fftsg
[  1%] Built target farmhash
[  1%] Built target eight_bit_int_gemm
[  3%] Built target cpuinfo
[  3%] Built target ruy_wait
[  5%] Built target flatbuffers
[  5%] Built target ruy_system_aligned_alloc
[  5%] Built target ruy_block_map
[  5%] Built target ruy_have_built_path_for_avx512
[  5%] Built target ruy_have_built_path_for_avx
[  5%] Built target ruy_have_built_path_for_avx2_fma
[  5%] Built target ruy_denormal
[  5%] Built target ruy_apply_multiplier
[  5%] Built target absl_raw_logging_internal
[  5%] Built target fft2d_fftsg2d
[  5%] Built target ruy_cpuinfo
[  5%] Built target ruy_blocking_counter
[  5%] Built target ruy_prepacked_cache
[  7%] Built target ruy_allocator
[  7%] Built target ruy_tune
[  7%] Built target absl_throw_delegate
[  9%] Built target absl_debugging_internal
[  9%] Built target absl_cordz_functions
[ 11%] Built target absl_base
[ 12%] Built target ruy_thread_pool
[ 12%] Built target ruy_kernel_avx512
[ 12%] Built target ruy_pack_avx2_fma
[ 14%] Built target ruy_kernel_arm
[ 14%] Built target ruy_kernel_avx2_fma
[ 14%] Built target ruy_pack_avx512
[ 14%] Built target ruy_kernel_avx
[ 16%] Built target ruy_pack_arm
[ 16%] Built target ruy_pack_avx
[ 16%] Built target ruy_ctx
[ 16%] Built target absl_tracing_internal
[ 16%] Built target absl_string_view
[ 16%] Built target absl_decode_rust_punycode
[ 16%] Built target absl_malloc_internal
[ 16%] Built target absl_int128
[ 16%] Built target absl_strings_internal
[ 16%] Built target absl_crc_cpu_detect
[ 16%] Built target absl_city
[ 16%] Built target ruy_trmul
[ 18%] Built target absl_demangle_rust
[ 20%] Built target ruy_context
[ 20%] Built target absl_graphcycles_internal
[ 22%] Built target ruy_prepare_packed_matrices
[ 24%] Built target absl_stacktrace
[ 25%] Built target absl_crc_internal
[ 25%] Built target ruy_context_get_ctx
[ 27%] Built target ruy_frontend
[ 31%] Built target absl_strings
[ 31%] Built target absl_demangle_internal
[ 33%] Built target absl_flags_commandlineflag
[ 33%] Built target absl_hash
[ 35%] Built target absl_symbolize
[ 37%] Built target absl_time
[ 38%] Built target absl_str_format_internal
[ 38%] Built target absl_flags_private_handle_accessor
[ 38%] Built target absl_kernel_timeout_internal
[ 40%] Built target absl_flags_marshalling
[ 42%] Built target absl_crc32c
[ 42%] Built target absl_crc_cord_state
[ 44%] Built target absl_synchronization
[ 44%] Built target absl_flags_program_name
[ 44%] Built target absl_hashtablez_sampler
[ 44%] Built target absl_cord_internal
[ 44%] Built target absl_cordz_handle
[ 44%] Built target absl_flags_config
[ 44%] Built target absl_cordz_info
[ 44%] Built target absl_flags_internal
[ 46%] Built target absl_cord
[ 48%] Built target absl_raw_hash_set
[ 48%] Built target absl_status
[ 48%] Built target absl_flags_reflection
[100%] Built target tensorflow-lite
