$DEBUG_LEVEL is 1, $LIB_MODE is shared
Makefile:184: Warning: Compiling in debug mode. Don't use the resulting binary in production
$DEBUG_LEVEL is 1, $LIB_MODE is shared
Makefile:184: Warning: Compiling in debug mode. Don't use the resulting binary in production
  CC       cache/cache.o
  CC       cache/cache_entry_roles.o
  CC       cache/cache_key.o
  CC       cache/cache_helpers.o
  CC       cache/cache_reservation_manager.o
  CC       cache/charged_cache.o
  CC       cache/clock_cache.o
  CC       cache/lru_cache.o
  CC       cache/compressed_secondary_cache.o
  CC       cache/secondary_cache.o
  CC       cache/secondary_cache_adapter.o
  CC       cache/sharded_cache.o
  CC       cache/tiered_secondary_cache.o
  CC       db/arena_wrapped_db_iter.o
  CC       db/attribute_group_iterator_impl.o
  CC       db/blob/blob_contents.o
  CC       db/blob/blob_fetcher.o
  CC       db/blob/blob_file_addition.o
  CC       db/blob/blob_file_builder.o
  CC       db/blob/blob_file_cache.o
  CC       db/blob/blob_file_garbage.o
  CC       db/blob/blob_file_meta.o
  CC       db/blob/blob_file_reader.o
  CC       db/blob/blob_garbage_meter.o
  CC       db/blob/blob_log_format.o
  CC       db/blob/blob_log_sequential_reader.o
  CC       db/blob/blob_log_writer.o
  CC       db/blob/blob_source.o
  CC       db/blob/prefetch_buffer_collection.o
  CC       db/builder.o
  CC       db/c.o
  CC       db/coalescing_iterator.o
  CC       db/column_family.o
  CC       db/compaction/compaction.o
  CC       db/compaction/compaction_iterator.o
  CC       db/compaction/compaction_job.o
  CC       db/compaction/compaction_picker.o
  CC       db/compaction/compaction_picker_fifo.o
  CC       db/compaction/compaction_picker_level.o
  CC       db/compaction/compaction_picker_universal.o
  CC       db/compaction/compaction_service_job.o
  CC       db/compaction/compaction_state.o
  CC       db/compaction/compaction_outputs.o
  CC       db/compaction/sst_partitioner.o
  CC       db/compaction/subcompaction_state.o
  CC       db/convenience.o
  CC       db/db_filesnapshot.o
  CC       db/db_impl/compacted_db_impl.o
  CC       db/db_impl/db_impl.o
  CC       db/db_impl/db_impl_compaction_flush.o
  CC       db/db_impl/db_impl_debug.o
  CC       db/db_impl/db_impl_experimental.o
  CC       db/db_impl/db_impl_files.o
  CC       db/db_impl/db_impl_follower.o
  CC       db/db_impl/db_impl_open.o
  CC       db/db_impl/db_impl_readonly.o
  CC       db/db_impl/db_impl_secondary.o
  CC       db/db_impl/db_impl_write.o
  CC       db/db_info_dumper.o
  CC       db/db_iter.o
  CC       db/dbformat.o
  CC       db/error_handler.o
  CC       db/event_helpers.o
  CC       db/experimental.o
  CC       db/external_sst_file_ingestion_job.o
  CC       db/file_indexer.o
  CC       db/flush_job.o
  CC       db/flush_scheduler.o
  CC       db/forward_iterator.o
  CC       db/import_column_family_job.o
  CC       db/internal_stats.o
  CC       db/logs_with_prep_tracker.o
  CC       db/log_reader.o
  CC       db/log_writer.o
  CC       db/malloc_stats.o
  CC       db/manifest_ops.o
  CC       db/memtable.o
  CC       db/memtable_list.o
  CC       db/merge_helper.o
  CC       db/merge_operator.o
  CC       db/multi_scan.o
  CC       db/output_validator.o
  CC       db/periodic_task_scheduler.o
  CC       db/range_del_aggregator.o
  CC       db/range_tombstone_fragmenter.o
  CC       db/repair.o
  CC       db/seqno_to_time_mapping.o
  CC       db/snapshot_impl.o
  CC       db/table_cache.o
  CC       db/table_properties_collector.o
  CC       db/transaction_log_impl.o
  CC       db/trim_history_scheduler.o
  CC       db/version_builder.o
  CC       db/version_edit.o
  CC       db/version_edit_handler.o
  CC       db/version_set.o
  CC       db/version_util.o
  CC       db/wal_edit.o
  CC       db/wal_manager.o
  CC       db/wide/wide_column_serialization.o
  CC       db/wide/wide_columns.o
  CC       db/wide/wide_columns_helper.o
  CC       db/write_batch.o
  CC       db/write_batch_base.o
  CC       db/write_controller.o
  CC       db/write_stall_stats.o
  CC       db/write_thread.o
  CC       env/composite_env.o
  CC       env/env.o
  CC       env/env_chroot.o
  CC       env/env_encryption.o
  CC       env/env_posix.o
  CC       env/file_system.o
  CC       env/fs_on_demand.o
  CC       env/fs_posix.o
  CC       env/fs_remap.o
  CC       env/file_system_tracer.o
  CC       env/io_posix.o
  CC       env/mock_env.o
  CC       env/unique_id_gen.o
  CC       file/delete_scheduler.o
  CC       file/file_prefetch_buffer.o
  CC       file/file_util.o
  CC       file/filename.o
  CC       file/line_file_reader.o
  CC       file/random_access_file_reader.o
  CC       file/read_write_util.o
  CC       file/readahead_raf.o
  CC       file/sequence_file_reader.o
  CC       file/sst_file_manager_impl.o
  CC       file/writable_file_writer.o
  CC       logging/auto_roll_logger.o
  CC       logging/event_logger.o
  CC       logging/log_buffer.o
  CC       memory/arena.o
  CC       memory/concurrent_arena.o
  CC       memory/jemalloc_nodump_allocator.o
  CC       memory/memkind_kmem_allocator.o
  CC       memory/memory_allocator.o
  CC       memtable/alloc_tracker.o
  CC       memtable/hash_linklist_rep.o
  CC       memtable/hash_skiplist_rep.o
  CC       memtable/skiplistrep.o
  CC       memtable/vectorrep.o
  CC       memtable/wbwi_memtable.o
  CC       memtable/write_buffer_manager.o
  CC       monitoring/histogram.o
  CC       monitoring/histogram_windowing.o
  CC       monitoring/in_memory_stats_history.o
  CC       monitoring/instrumented_mutex.o
  CC       monitoring/iostats_context.o
  CC       monitoring/perf_context.o
  CC       monitoring/perf_level.o
  CC       monitoring/persistent_stats_history.o
  CC       monitoring/statistics.o
  CC       monitoring/thread_status_impl.o
  CC       monitoring/thread_status_updater.o
  CC       monitoring/thread_status_updater_debug.o
  CC       monitoring/thread_status_util.o
  CC       monitoring/thread_status_util_debug.o
  CC       options/cf_options.o
  CC       options/configurable.o
  CC       options/customizable.o
  CC       options/db_options.o
  CC       options/offpeak_time_info.o
  CC       options/options.o
  CC       options/options_helper.o
  CC       options/options_parser.o
  CC       port/mmap.o
  CC       port/port_posix.o
  CC       port/win/env_default.o
  CC       port/win/env_win.o
  CC       port/win/io_win.o
  CC       port/win/port_win.o
  CC       port/win/win_logger.o
  CC       port/win/win_thread.o
  CC       port/stack_trace.o
  CC       table/adaptive/adaptive_table_factory.o
  CC       table/block_based/binary_search_index_reader.o
  CC       table/block_based/block.o
  CC       table/block_based/block_based_table_builder.o
  CC       table/block_based/block_based_table_factory.o
  CC       table/block_based/block_based_table_iterator.o
  CC       table/block_based/multi_scan_index_iterator.o
  CC       table/block_based/block_based_table_reader.o
  CC       table/block_based/block_builder.o
  CC       table/block_based/block_cache.o
  CC       table/block_based/block_prefetcher.o
  CC       table/block_based/block_prefix_index.o
  CC       table/block_based/data_block_hash_index.o
  CC       table/block_based/data_block_footer.o
  CC       table/block_based/filter_block_reader_common.o
  CC       table/block_based/filter_policy.o
  CC       table/block_based/flush_block_policy.o
  CC       table/block_based/full_filter_block.o
  CC       table/block_based/hash_index_reader.o
  CC       table/block_based/index_builder.o
  CC       table/block_based/index_reader_common.o
  CC       table/block_based/parsed_full_filter_block.o
  CC       table/block_based/partitioned_filter_block.o
  CC       table/block_based/partitioned_index_iterator.o
  CC       table/block_based/partitioned_index_reader.o
  CC       table/block_based/reader_common.o
  CC       table/block_based/uncompression_dict_reader.o
  CC       table/block_fetcher.o
  CC       table/cuckoo/cuckoo_table_builder.o
  CC       table/cuckoo/cuckoo_table_factory.o
  CC       table/cuckoo/cuckoo_table_reader.o
  CC       table/external_table.o
  CC       table/format.o
  CC       table/get_context.o
  CC       table/iterator.o
  CC       table/merging_iterator.o
  CC       table/compaction_merging_iterator.o
  CC       table/meta_blocks.o
  CC       table/persistent_cache_helper.o
  CC       table/plain/plain_table_bloom.o
  CC       table/plain/plain_table_builder.o
  CC       table/plain/plain_table_factory.o
  CC       table/plain/plain_table_index.o
  CC       table/plain/plain_table_key_coding.o
  CC       table/plain/plain_table_reader.o
  CC       table/sst_file_dumper.o
  CC       table/sst_file_reader.o
  CC       table/sst_file_writer.o
  CC       table/table_factory.o
  CC       table/table_properties.o
  CC       table/two_level_iterator.o
  CC       table/unique_id.o
  CC       test_util/sync_point.o
  CC       test_util/sync_point_impl.o
  CC       test_util/transaction_test_util.o
  CC       tools/dump/db_dump_tool.o
  CC       trace_replay/trace_record_handler.o
  CC       trace_replay/trace_record_result.o
  CC       trace_replay/trace_record.o
  CC       trace_replay/trace_replay.o
  CC       trace_replay/block_cache_tracer.o
  CC       trace_replay/io_tracer.o
  CC       util/async_file_reader.o
  CC       util/auto_tune_compressor.o
  CC       util/cleanable.o
  CC       util/coding.o
  CC       util/compaction_job_stats_impl.o
  CC       util/comparator.o
  CC       util/compression.o
  CC       util/compression_context_cache.o
  CC       util/concurrent_task_limiter_impl.o
  CC       util/crc32c.o
  CC       util/crc32c_arm64.o
  CC       util/crc32c_riscv64.o
  CC       util/crc32c_zbc.o
  CC       util/data_structure.o
  CC       util/dynamic_bloom.o
  CC       util/hash.o
  CC       util/murmurhash.o
  CC       util/random.o
  CC       util/rate_limiter.o
  CC       util/ribbon_config.o
  CC       util/slice.o
  CC       util/file_checksum_helper.o
  CC       util/simple_mixed_compressor.o
  CC       util/status.o
  CC       util/stderr_logger.o
  CC       util/string_util.o
  CC       util/thread_local.o
  CC       util/threadpool_imp.o
  CC       util/io_dispatcher_imp.o
  CC       util/udt_util.o
  CC       util/write_batch_util.o
  CC       util/xxhash.o
  CC       utilities/agg_merge/agg_merge.o
  CC       utilities/backup/backup_engine.o
  CC       utilities/blob_db/blob_compaction_filter.o
  CC       utilities/blob_db/blob_db.o
  CC       utilities/blob_db/blob_db_impl.o
  CC       utilities/blob_db/blob_db_impl_filesnapshot.o
  CC       utilities/blob_db/blob_file.o
  CC       utilities/cache_dump_load.o
  CC       utilities/cache_dump_load_impl.o
  CC       utilities/cassandra/cassandra_compaction_filter.o
  CC       utilities/cassandra/format.o
  CC       utilities/cassandra/merge_operator.o
  CC       utilities/checkpoint/checkpoint_impl.o
  CC       utilities/compaction_filters.o
  CC       utilities/compaction_filters/remove_emptyvalue_compactionfilter.o
  CC       utilities/convenience/info_log_finder.o
  CC       utilities/counted_fs.o
  CC       utilities/debug.o
  CC       utilities/env_mirror.o
  CC       utilities/env_timed.o
  CC       utilities/fault_injection_env.o
  CC       utilities/fault_injection_fs.o
  CC       utilities/fault_injection_secondary_cache.o
  CC       utilities/leveldb_options/leveldb_options.o
  CC       utilities/memory/memory_util.o
  CC       utilities/merge_operators.o
  CC       utilities/merge_operators/max.o
  CC       utilities/merge_operators/put.o
  CC       utilities/merge_operators/sortlist.o
  CC       utilities/merge_operators/string_append/stringappend.o
  CC       utilities/merge_operators/string_append/stringappend2.o
  CC       utilities/merge_operators/uint64add.o
  CC       utilities/merge_operators/bytesxor.o
  CC       utilities/object_registry.o
  CC       utilities/option_change_migration/option_change_migration.o
  CC       utilities/options/options_util.o
  CC       utilities/persistent_cache/block_cache_tier.o
  CC       utilities/persistent_cache/block_cache_tier_file.o
  CC       utilities/persistent_cache/block_cache_tier_metadata.o
  CC       utilities/persistent_cache/persistent_cache_tier.o
  CC       utilities/persistent_cache/volatile_tier_impl.o
  CC       utilities/secondary_index/secondary_index_iterator.o
  CC       utilities/secondary_index/simple_secondary_index.o
  CC       utilities/simulator_cache/cache_simulator.o
  CC       utilities/simulator_cache/sim_cache.o
  CC       utilities/table_properties_collectors/compact_for_tiering_collector.o
  CC       utilities/table_properties_collectors/compact_on_deletion_collector.o
  CC       utilities/trace/file_trace_reader_writer.o
  CC       utilities/trace/replayer_impl.o
  CC       utilities/transactions/lock/lock_manager.o
  CC       utilities/transactions/lock/point/point_lock_tracker.o
  CC       utilities/transactions/lock/point/point_lock_manager.o
  CC       utilities/transactions/optimistic_transaction.o
  CC       utilities/transactions/optimistic_transaction_db_impl.o
  CC       utilities/transactions/pessimistic_transaction.o
  CC       utilities/transactions/pessimistic_transaction_db.o
  CC       utilities/transactions/snapshot_checker.o
  CC       utilities/transactions/transaction_base.o
  CC       utilities/transactions/transaction_db_mutex_impl.o
  CC       utilities/transactions/transaction_util.o
  CC       utilities/transactions/write_prepared_txn.o
  CC       utilities/transactions/write_prepared_txn_db.o
  CC       utilities/transactions/write_unprepared_txn.o
  CC       utilities/transactions/write_unprepared_txn_db.o
  CC       utilities/ttl/db_ttl_impl.o
  CC       utilities/trie_index/bitvector.o
  CC       utilities/trie_index/louds_trie.o
  CC       utilities/trie_index/trie_index_factory.o
  CC       utilities/types_util.o
  CC       utilities/wal_filter.o
  CC       utilities/write_batch_with_index/write_batch_with_index.o
  CC       utilities/write_batch_with_index/write_batch_with_index_internal.o
  CC       utilities/transactions/lock/range/range_tree/lib/locktree/concurrent_tree.o
  CC       utilities/transactions/lock/range/range_tree/lib/locktree/keyrange.o
  CC       utilities/transactions/lock/range/range_tree/lib/locktree/lock_request.o
  CC       utilities/transactions/lock/range/range_tree/lib/locktree/locktree.o
  CC       utilities/transactions/lock/range/range_tree/lib/locktree/manager.o
  CC       utilities/transactions/lock/range/range_tree/lib/locktree/range_buffer.o
  CC       utilities/transactions/lock/range/range_tree/lib/locktree/treenode.o
  CC       utilities/transactions/lock/range/range_tree/lib/locktree/txnid_set.o
  CC       utilities/transactions/lock/range/range_tree/lib/locktree/wfg.o
  CC       utilities/transactions/lock/range/range_tree/lib/standalone_port.o
  CC       utilities/transactions/lock/range/range_tree/lib/util/dbt.o
  CC       utilities/transactions/lock/range/range_tree/lib/util/memarena.o
  CC       utilities/transactions/lock/range/range_tree/range_tree_lock_manager.o
  CC       utilities/transactions/lock/range/range_tree/range_tree_lock_tracker.o
  CC       cache/cache_bench.o
  CC       cache/cache_bench_tool.o
  CC       db/range_del_aggregator_bench.o
  CC       memtable/memtablerep_bench.o
  CC       table/table_reader_bench.o
  CC       db/db_test_util.o
  CC       db/db_with_timestamp_test_util.o
  CC       test_util/mock_time_env.o
  CC       test_util/secondary_cache_test_util.o
  CC       test_util/testharness.o
  CC       test_util/testutil.o
  CC       utilities/agg_merge/test_agg_merge.o
  CC       utilities/cassandra/test_utils.o
  CC       table/mock_table.o
  CC       third-party/gtest-1.8.1/fused-src/gtest/gtest-all.o
  CC       tools/db_bench.o
  CC       tools/db_bench_tool.o
  CC       tools/tool_hooks.o
  CC       tools/simulated_hybrid_file_system.o
  CC       util/filter_bench.o
  CC       utilities/persistent_cache/persistent_cache_bench.o
  CC       db_stress_tool/db_stress.o
  CC       tools/block_cache_analyzer/block_cache_trace_analyzer.o
  CC       tools/trace_analyzer_tool.o
  CC       db_stress_tool/batched_ops_stress.o
  CC       db_stress_tool/cf_consistency_stress.o
  CC       db_stress_tool/db_stress_common.o
  CC       db_stress_tool/db_stress_compaction_service.o
  CC       db_stress_tool/db_stress_compression_manager.o
  CC       db_stress_tool/db_stress_driver.o
  CC       db_stress_tool/db_stress_filters.o
  CC       db_stress_tool/db_stress_gflags.o
  CC       db_stress_tool/db_stress_listener.o
  CC       db_stress_tool/db_stress_shared_state.o
  CC       db_stress_tool/db_stress_test_base.o
  CC       db_stress_tool/db_stress_tool.o
  CC       db_stress_tool/db_stress_wide_merge_operator.o
  CC       db_stress_tool/expected_state.o
  CC       db_stress_tool/expected_value.o
  CC       db_stress_tool/no_batched_ops_stress.o
  CC       db_stress_tool/multi_ops_txns_stress.o
  CC       tools/io_tracer_parser_tool.o
  CC       tools/ldb_cmd.o
  CC       tools/ldb_tool.o
  CC       tools/sst_dump_tool.o
  CC       utilities/blob_db/blob_dump_tool.o
  CC       tools/blob_dump.o
  CC       tools/block_cache_analyzer/block_cache_trace_analyzer_tool.o
  CC       tools/db_repl_stress.o
  CC       tools/db_sanity_test.o
  CC       tools/ldb.o
  CC       tools/io_tracer_parser.o
  CC       tools/sst_dump.o
  CC       tools/write_stress.o
  CC       tools/dump/rocksdb_dump.o
  CC       tools/dump/rocksdb_undump.o
  CC       tools/trace_analyzer.o
  CC       env/env_basic_test.o
  CC       cache/cache_test.o
  CC       cache/cache_reservation_manager_test.o
  CC       cache/compressed_secondary_cache_test.o
  CC       cache/lru_cache_test.o
  CC       cache/tiered_secondary_cache_test.o
  CC       db/blob/blob_counting_iterator_test.o
  CC       db/blob/blob_file_addition_test.o
  CC       db/blob/blob_file_builder_test.o
  CC       db/blob/blob_file_cache_test.o
  CC       db/blob/blob_file_garbage_test.o
  CC       db/blob/blob_file_reader_test.o
  CC       db/blob/blob_garbage_meter_test.o
  CC       db/blob/blob_source_test.o
  CC       db/blob/db_blob_basic_test.o
  CC       db/blob/db_blob_compaction_test.o
  CC       db/blob/db_blob_corruption_test.o
  CC       db/blob/db_blob_index_test.o
  CC       db/column_family_test.o
  CC       db/compact_files_test.o
  CC       db/compaction/clipping_iterator_test.o
  CC       db/compaction/compaction_iterator_test.o
  CC       db/compaction/compaction_job_test.o
  CC       db/compaction/compaction_job_stats_test.o
  CC       db/compaction/compaction_picker_test.o
  CC       db/compaction/compaction_service_test.o
  CC       db/compaction/tiered_compaction_test.o
  CC       db/comparator_db_test.o
  CC       db/corruption_test.o
  CC       db/cuckoo_table_db_test.o
  CC       db/db_basic_test.o
  CC       db/db_block_cache_test.o
  CC       db/db_bloom_filter_test.o
  CC       db/db_compaction_abort_test.o
  CC       db/db_compaction_filter_test.o
  CC       db/db_compaction_test.o
  CC       db/db_clip_test.o
  CC       db/db_dynamic_level_test.o
  CC       db/db_encryption_test.o
  CC       db/db_etc3_test.o
  CC       db/db_flush_test.o
  CC       db/db_follower_test.o
  CC       db/db_readonly_with_timestamp_test.o
  CC       db/db_with_timestamp_basic_test.o
  CC       db/import_column_family_test.o
  CC       db/db_inplace_update_test.o
  CC       db/db_io_failure_test.o
  CC       db/db_iter_test.o
  CC       db/db_iter_stress_test.o
  CC       db/db_iterator_test.o
  CC       db/db_kv_checksum_test.o
  CC       db/db_log_iter_test.o
  CC       db/db_memtable_test.o
  CC       db/db_merge_operator_test.o
  CC       db/db_merge_operand_test.o
  CC       db/db_options_test.o
  CC       db/db_properties_test.o
  CC       db/db_range_del_test.o
  CC       db/db_rate_limiter_test.o
  CC       db/db_secondary_test.o
  CC       db/db_sst_test.o
  CC       db/db_statistics_test.o
  CC       db/db_table_properties_test.o
  CC       db/db_tailing_iter_test.o
  CC       db/db_test.o
  CC       db/db_test2.o
  CC       db/db_logical_block_size_cache_test.o
  CC       db/db_universal_compaction_test.o
  CC       db/db_wal_test.o
  CC       db/db_with_timestamp_compaction_test.o
  CC       db/db_write_buffer_manager_test.o
  CC       db/db_write_test.o
  CC       db/dbformat_test.o
  CC       db/deletefile_test.o
  CC       db/error_handler_fs_test.o
  CC       db/external_sst_file_basic_test.o
  CC       db/external_sst_file_test.o
  CC       db/fault_injection_test.o
  CC       db/file_indexer_test.o
  CC       db/filename_test.o
  CC       db/flush_job_test.o
  CC       db/listener_test.o
  CC       db/log_test.o
  CC       db/manual_compaction_test.o
  CC       db/memtable_list_test.o
  CC       db/merge_helper_test.o
  CC       db/merge_test.o
  CC       db/multi_cf_iterator_test.o
  CC       db/obsolete_files_test.o
  CC       db/options_file_test.o
  CC       db/perf_context_test.o
  CC       db/periodic_task_scheduler_test.o
  CC       db/plain_table_db_test.o
  CC       db/prefix_test.o
  CC       db/repair_test.o
  CC       db/range_del_aggregator_test.o
  CC       db/range_tombstone_fragmenter_test.o
  CC       db/seqno_time_test.o
  CC       db/table_properties_collector_test.o
  CC       db/version_builder_test.o
  CC       db/version_edit_test.o
  CC       db/version_set_test.o
  CC       db/wal_manager_test.o
  CC       db/wide/db_wide_basic_test.o
  CC       db/wide/wide_column_serialization_test.o
  CC       db/wide/wide_columns_helper_test.o
  CC       db/write_batch_test.o
  CC       db/write_callback_test.o
  CC       db/write_controller_test.o
  CC       env/env_test.o
  CC       env/io_posix_test.o
  CC       env/mock_env_test.o
  CC       file/delete_scheduler_test.o
  CC       file/prefetch_test.o
  CC       file/random_access_file_reader_test.o
  CC       logging/auto_roll_logger_test.o
  CC       logging/env_logger_test.o
  CC       logging/event_logger_test.o
  CC       memory/arena_test.o
  CC       memory/memory_allocator_test.o
  CC       memtable/inlineskiplist_test.o
  CC       memtable/skiplist_test.o
  CC       memtable/write_buffer_manager_test.o
  CC       monitoring/histogram_test.o
  CC       monitoring/iostats_context_test.o
  CC       monitoring/statistics_test.o
  CC       monitoring/stats_history_test.o
  CC       options/configurable_test.o
  CC       options/customizable_test.o
  CC       options/options_settable_test.o
  CC       options/options_test.o
  CC       table/block_based/block_based_table_reader_test.o
  CC       table/block_based/block_test.o
  CC       table/block_based/data_block_hash_index_test.o
  CC       table/block_based/full_filter_block_test.o
  CC       table/block_based/partitioned_filter_block_test.o
  CC       table/cleanable_test.o
  CC       table/cuckoo/cuckoo_table_builder_test.o
  CC       table/cuckoo/cuckoo_table_reader_test.o
  CC       table/merger_test.o
  CC       table/sst_file_reader_test.o
  CC       table/table_test.o
  CC       table/block_fetcher_test.o
  CC       test_util/testutil_test.o
  CC       util/compression_test.o
  CC       tools/block_cache_analyzer/block_cache_trace_analyzer_test.o
  CC       tools/io_tracer_parser_test.o
  CC       tools/ldb_cmd_test.o
  CC       tools/reduce_levels_test.o
  CC       tools/sst_dump_test.o
  CC       tools/trace_analyzer_test.o
  CC       trace_replay/block_cache_tracer_test.o
  CC       trace_replay/io_tracer_test.o
  CC       util/autovector_test.o
  CC       util/bloom_test.o
  CC       util/coding_test.o
  CC       util/crc32c_test.o
  CC       util/defer_test.o
  CC       util/dynamic_bloom_test.o
  CC       util/filelock_test.o
  CC       util/file_reader_writer_test.o
  CC       util/hash_test.o
  CC       util/heap_test.o
  CC       util/interval_test.o
  CC       util/io_dispatcher_test.o
  CC       util/random_test.o
  CC       util/rate_limiter_test.o
  CC       util/repeatable_thread_test.o
  CC       util/ribbon_test.o
  CC       util/slice_test.o
  CC       util/slice_transform_test.o
  CC       util/timer_queue_test.o
  CC       util/timer_test.o
  CC       util/thread_list_test.o
  CC       util/thread_local_test.o
  CC       util/udt_util_test.o
  CC       util/work_queue_test.o
  CC       utilities/agg_merge/agg_merge_test.o
  CC       utilities/backup/backup_engine_test.o
  CC       utilities/blob_db/blob_db_test.o
  CC       utilities/cassandra/cassandra_format_test.o
  CC       utilities/cassandra/cassandra_functional_test.o
  CC       utilities/cassandra/cassandra_row_merge_test.o
  CC       utilities/cassandra/cassandra_serialize_test.o
  CC       utilities/checkpoint/checkpoint_test.o
  CC       utilities/env_timed_test.o
  CC       utilities/fault_injection_fs_test.o
  CC       utilities/memory/memory_test.o
  CC       utilities/merge_operators/string_append/stringappend_test.o
  CC       utilities/object_registry_test.o
  CC       utilities/option_change_migration/option_change_migration_test.o
  CC       utilities/options/options_util_test.o
  CC       utilities/persistent_cache/hash_table_test.o
  CC       utilities/persistent_cache/persistent_cache_test.o
  CC       utilities/simulator_cache/cache_simulator_test.o
  CC       utilities/simulator_cache/sim_cache_test.o
  CC       utilities/table_properties_collectors/compact_for_tiering_collector_test.o
  CC       utilities/table_properties_collectors/compact_on_deletion_collector_test.o
  CC       utilities/transactions/optimistic_transaction_test.o
  CC       utilities/transactions/lock/range/range_locking_test.o
  CC       utilities/transactions/transaction_test.o
  CC       utilities/transactions/lock/point/point_lock_manager_test.o
  CC       utilities/transactions/lock/point/point_lock_manager_stress_test.o
  CC       utilities/transactions/write_prepared_transaction_test.o
  CC       utilities/transactions/write_prepared_transaction_seqno_test.o
  CC       utilities/transactions/write_unprepared_transaction_test.o
  CC       utilities/transactions/write_committed_transaction_ts_test.o
  CC       utilities/transactions/timestamped_snapshot_test.o
  CC       utilities/ttl/ttl_test.o
  CC       utilities/trie_index/trie_index_db_test.o
  CC       utilities/trie_index/trie_index_test.o
  CC       utilities/types_util_test.o
  CC       utilities/util_merge_operators_test.o
  CC       utilities/write_batch_with_index/write_batch_with_index_test.o
  CC       db/c_test.o
  GEN      util/build_version.cc
  AR       librocksdb_stress_debug.a
/usr/bin/ar: creating librocksdb_stress_debug.a
  CC       util/build_version.o
  CCLD     librocksdb.so.11.1.1
  AR       librocksdb_env_basic_test.a
/usr/bin/ar: creating librocksdb_env_basic_test.a
ln -fs librocksdb.so.11.1.1 librocksdb.so.11.1
ln -fs librocksdb.so.11.1.1 librocksdb.so.11
ln -fs librocksdb.so.11.1.1 librocksdb.so
  CCLD     cache_bench
  CCLD     range_del_aggregator_bench
  CCLD     memtablerep_bench
  AR       librocksdb_test_debug.so
  CCLD     db_bench
  CCLD     filter_bench
  CCLD     persistent_cache_bench
  AR       librocksdb_tools_debug.so
  CCLD     db_repl_stress
  CCLD     db_sanity_test
  CCLD     librocksdb_test_debug.so
  CCLD     write_stress
  CCLD     rocksdb_dump
  CCLD     librocksdb_tools_debug.so
  CCLD     rocksdb_undump
  CCLD     table_reader_bench
  CCLD     cache_test
  CCLD     compressed_secondary_cache_test
  CCLD     lru_cache_test
  CCLD     cache_reservation_manager_test
  CCLD     tiered_secondary_cache_test
  CCLD     blob_counting_iterator_test
  CCLD     blob_file_addition_test
  CCLD     blob_file_garbage_test
  CCLD     blob_file_cache_test
  CCLD     blob_file_reader_test
  CCLD     blob_file_builder_test
  CCLD     blob_garbage_meter_test
  CCLD     blob_source_test
  CCLD     db_blob_basic_test
  CCLD     db_blob_compaction_test
  CCLD     db_blob_corruption_test
  CCLD     db_blob_index_test
  CCLD     column_family_test
  CCLD     compact_files_test
  CCLD     clipping_iterator_test
  CCLD     compaction_iterator_test
  CCLD     compaction_job_test
  CCLD     compaction_job_stats_test
  CCLD     compaction_picker_test
  CCLD     compaction_service_test
  CCLD     tiered_compaction_test
  CCLD     comparator_db_test
  CCLD     corruption_test
  CCLD     cuckoo_table_db_test
  CCLD     db_basic_test
  CCLD     db_block_cache_test
  CCLD     db_bloom_filter_test
  CCLD     db_compaction_abort_test
  CCLD     db_compaction_filter_test
  CCLD     db_clip_test
  CCLD     db_dynamic_level_test
  CCLD     db_encryption_test
  CCLD     db_etc3_test
  CCLD     db_flush_test
  CCLD     db_follower_test
  CCLD     db_readonly_with_timestamp_test
  CCLD     db_with_timestamp_basic_test
  CCLD     import_column_family_test
  CCLD     db_inplace_update_test
  CCLD     db_io_failure_test
  CCLD     db_iter_test
  CCLD     db_iter_stress_test
  CCLD     db_iterator_test
  CCLD     db_kv_checksum_test
  CCLD     db_log_iter_test
  CCLD     db_memtable_test
  CCLD     db_merge_operator_test
  CCLD     db_merge_operand_test
  CCLD     db_options_test
  CCLD     db_properties_test
  CCLD     db_range_del_test
  CCLD     db_rate_limiter_test
  CCLD     db_secondary_test
  CCLD     db_sst_test
  CCLD     db_statistics_test
  CCLD     db_table_properties_test
  CCLD     db_tailing_iter_test
  CCLD     db_test
  CCLD     db_logical_block_size_cache_test
  CCLD     db_universal_compaction_test
  CCLD     db_wal_test
  CCLD     db_with_timestamp_compaction_test
  CCLD     db_write_buffer_manager_test
  CCLD     db_write_test
  CCLD     dbformat_test
  CCLD     deletefile_test
  CCLD     error_handler_fs_test
  CCLD     external_sst_file_basic_test
  CCLD     external_sst_file_test
  CCLD     fault_injection_test
  CCLD     file_indexer_test
  CCLD     filename_test
  CCLD     flush_job_test
  CCLD     listener_test
  CCLD     log_test
  CCLD     manual_compaction_test
  CCLD     memtable_list_test
  CCLD     merge_helper_test
  CCLD     merge_test
  CCLD     multi_cf_iterator_test
  CCLD     obsolete_files_test
  CCLD     options_file_test
  CCLD     perf_context_test
  CCLD     periodic_task_scheduler_test
  CCLD     plain_table_db_test
  CCLD     prefix_test
  CCLD     repair_test
  CCLD     range_del_aggregator_test
  CCLD     range_tombstone_fragmenter_test
  CCLD     seqno_time_test
  CCLD     table_properties_collector_test
  CCLD     version_builder_test
  CCLD     version_edit_test
  CCLD     version_set_test
  CCLD     wal_manager_test
  CCLD     db_wide_basic_test
  CCLD     wide_column_serialization_test
  CCLD     wide_columns_helper_test
  CCLD     write_batch_test
  CCLD     write_callback_test
  CCLD     write_controller_test
  CCLD     env_basic_test
  CCLD     env_test
  CCLD     io_posix_test
  CCLD     mock_env_test
  CCLD     delete_scheduler_test
  CCLD     prefetch_test
  CCLD     random_access_file_reader_test
  CCLD     auto_roll_logger_test
  CCLD     env_logger_test
  CCLD     event_logger_test
  CCLD     arena_test
  CCLD     memory_allocator_test
  CCLD     inlineskiplist_test
  CCLD     skiplist_test
  CCLD     write_buffer_manager_test
  CCLD     histogram_test
  CCLD     iostats_context_test
  CCLD     statistics_test
  CCLD     stats_history_test
  CCLD     configurable_test
  CCLD     customizable_test
  CCLD     options_settable_test
  CCLD     block_based_table_reader_test
  CCLD     block_test
  CCLD     data_block_hash_index_test
  CCLD     full_filter_block_test
  CCLD     partitioned_filter_block_test
  CCLD     cleanable_test
  CCLD     cuckoo_table_builder_test
  CCLD     cuckoo_table_reader_test
  CCLD     merger_test
  CCLD     sst_file_reader_test
  CCLD     block_fetcher_test
  CCLD     testutil_test
  CCLD     compression_test
  CCLD     block_cache_trace_analyzer_test
  CCLD     io_tracer_parser_test
  CCLD     ldb_cmd_test
  CCLD     reduce_levels_test
  CCLD     sst_dump_test
  CCLD     trace_analyzer_test
  CCLD     block_cache_tracer_test
  CCLD     io_tracer_test
  CCLD     autovector_test
  CCLD     bloom_test
  CCLD     coding_test
  CCLD     crc32c_test
  CCLD     defer_test
  CCLD     dynamic_bloom_test
  CCLD     filelock_test
  CCLD     file_reader_writer_test
  CCLD     hash_test
  CCLD     heap_test
  CCLD     interval_test
  CCLD     io_dispatcher_test
  CCLD     random_test
  CCLD     rate_limiter_test
  CCLD     repeatable_thread_test
  CCLD     slice_test
  CCLD     slice_transform_test
  CCLD     timer_queue_test
  CCLD     timer_test
  CCLD     thread_list_test
  CCLD     thread_local_test
  CCLD     udt_util_test
  CCLD     work_queue_test
  CCLD     agg_merge_test
  CCLD     backup_engine_test
  CCLD     blob_db_test
  CCLD     cassandra_format_test
  CCLD     cassandra_functional_test
  CCLD     cassandra_row_merge_test
  CCLD     cassandra_serialize_test
  CCLD     checkpoint_test
  CCLD     env_timed_test
  CCLD     fault_injection_fs_test
  CCLD     memory_test
  CCLD     stringappend_test
  CCLD     object_registry_test
  CCLD     option_change_migration_test
  CCLD     options_util_test
  CCLD     hash_table_test
  CCLD     persistent_cache_test
  CCLD     cache_simulator_test
  CCLD     sim_cache_test
  CCLD     compact_for_tiering_collector_test
  CCLD     compact_on_deletion_collector_test
  CCLD     range_locking_test
  CCLD     point_lock_manager_test
  CCLD     point_lock_manager_stress_test
  CCLD     write_prepared_transaction_seqno_test
  CCLD     write_unprepared_transaction_test
  CCLD     timestamped_snapshot_test
  CCLD     ttl_test
  CCLD     types_util_test
  CCLD     util_merge_operators_test
  CCLD     c_test
  CCLD     blob_dump
  CCLD     db_stress
  CCLD     block_cache_trace_analyzer
  CCLD     ldb
  CCLD     io_tracer_parser
  CCLD     sst_dump
  CCLD     trace_analyzer
  CCLD     db_compaction_test
  CCLD     db_test2
  CCLD     write_committed_transaction_ts_test
  CCLD     trie_index_db_test
  CCLD     optimistic_transaction_test
  CCLD     trie_index_test
  CCLD     options_test
  CCLD     write_prepared_transaction_test
  CCLD     write_batch_with_index_test
  CCLD     table_test
  CCLD     ribbon_test
  CCLD     transaction_test
Cleaning up stale test directories older than 3 hours...
make gen_parallel_tests
make[1]: Entering directory '/home/rvspoc/rvspoc-verify/src/rvspoc-S2605-rocksdb-pr3'
$DEBUG_LEVEL is 1, $LIB_MODE is shared
Makefile:184: Warning: Compiling in debug mode. Don't use the resulting binary in production
make parallel_cache_test parallel_cache_reservation_manager_test parallel_compressed_secondary_cache_test parallel_lru_cache_test parallel_tiered_secondary_cache_test parallel_blob_counting_iterator_test parallel_blob_file_addition_test parallel_blob_file_builder_test parallel_blob_file_cache_test parallel_blob_file_garbage_test parallel_blob_file_reader_test parallel_blob_garbage_meter_test parallel_blob_source_test parallel_db_blob_basic_test parallel_db_blob_compaction_test parallel_db_blob_corruption_test parallel_db_blob_index_test parallel_column_family_test parallel_compact_files_test parallel_clipping_iterator_test parallel_compaction_iterator_test parallel_compaction_job_test parallel_compaction_job_stats_test parallel_compaction_picker_test parallel_compaction_service_test parallel_tiered_compaction_test parallel_comparator_db_test parallel_corruption_test parallel_cuckoo_table_db_test parallel_db_basic_test parallel_db_block_cache_test parallel_db_compaction_abort_test parallel_db_compaction_filter_test parallel_db_compaction_test parallel_db_clip_test parallel_db_dynamic_level_test parallel_db_encryption_test parallel_db_etc3_test parallel_db_flush_test parallel_db_follower_test parallel_db_readonly_with_timestamp_test parallel_db_with_timestamp_basic_test parallel_import_column_family_test parallel_db_inplace_update_test parallel_db_iter_test parallel_db_iter_stress_test parallel_db_iterator_test parallel_db_kv_checksum_test parallel_db_log_iter_test parallel_db_memtable_test parallel_db_merge_operator_test parallel_db_merge_operand_test parallel_db_options_test parallel_db_properties_test parallel_db_range_del_test parallel_db_rate_limiter_test parallel_db_secondary_test parallel_db_sst_test parallel_db_statistics_test parallel_db_table_properties_test parallel_db_tailing_iter_test parallel_db_test parallel_db_test2 parallel_db_logical_block_size_cache_test parallel_db_universal_compaction_test parallel_db_wal_test parallel_db_with_timestamp_compaction_test parallel_db_write_buffer_manager_test parallel_db_write_test parallel_dbformat_test parallel_error_handler_fs_test parallel_external_sst_file_basic_test parallel_external_sst_file_test parallel_fault_injection_test parallel_file_indexer_test parallel_filename_test parallel_flush_job_test parallel_listener_test parallel_log_test parallel_manual_compaction_test parallel_memtable_list_test parallel_merge_helper_test parallel_merge_test parallel_multi_cf_iterator_test parallel_options_file_test parallel_periodic_task_scheduler_test parallel_plain_table_db_test parallel_prefix_test parallel_repair_test parallel_range_del_aggregator_test parallel_range_tombstone_fragmenter_test parallel_seqno_time_test parallel_table_properties_collector_test parallel_version_builder_test parallel_version_edit_test parallel_version_set_test parallel_wal_manager_test parallel_db_wide_basic_test parallel_wide_column_serialization_test parallel_wide_columns_helper_test parallel_write_batch_test parallel_write_callback_test parallel_write_controller_test parallel_env_basic_test parallel_io_posix_test parallel_mock_env_test parallel_delete_scheduler_test parallel_random_access_file_reader_test parallel_auto_roll_logger_test parallel_env_logger_test parallel_event_logger_test parallel_arena_test parallel_memory_allocator_test parallel_inlineskiplist_test parallel_skiplist_test parallel_write_buffer_manager_test parallel_histogram_test parallel_iostats_context_test parallel_statistics_test parallel_stats_history_test parallel_configurable_test parallel_customizable_test parallel_options_settable_test parallel_options_test parallel_block_based_table_reader_test parallel_block_test parallel_data_block_hash_index_test parallel_full_filter_block_test parallel_partitioned_filter_block_test parallel_cleanable_test parallel_cuckoo_table_builder_test parallel_cuckoo_table_reader_test parallel_merger_test parallel_sst_file_reader_test parallel_table_test parallel_block_fetcher_test parallel_testutil_test parallel_compression_test parallel_block_cache_trace_analyzer_test parallel_io_tracer_parser_test parallel_ldb_cmd_test parallel_reduce_levels_test parallel_sst_dump_test parallel_trace_analyzer_test parallel_block_cache_tracer_test parallel_io_tracer_test parallel_autovector_test parallel_bloom_test parallel_coding_test parallel_crc32c_test parallel_defer_test parallel_dynamic_bloom_test parallel_filelock_test parallel_file_reader_writer_test parallel_hash_test parallel_heap_test parallel_interval_test parallel_io_dispatcher_test parallel_random_test parallel_rate_limiter_test parallel_repeatable_thread_test parallel_ribbon_test parallel_slice_test parallel_slice_transform_test parallel_timer_queue_test parallel_timer_test parallel_thread_list_test parallel_thread_local_test parallel_udt_util_test parallel_work_queue_test parallel_agg_merge_test parallel_blob_db_test parallel_cassandra_format_test parallel_cassandra_functional_test parallel_cassandra_row_merge_test parallel_cassandra_serialize_test parallel_checkpoint_test parallel_env_timed_test parallel_fault_injection_fs_test parallel_memory_test parallel_stringappend_test parallel_object_registry_test parallel_option_change_migration_test parallel_options_util_test parallel_hash_table_test parallel_persistent_cache_test parallel_cache_simulator_test parallel_sim_cache_test parallel_compact_for_tiering_collector_test parallel_compact_on_deletion_collector_test parallel_optimistic_transaction_test parallel_range_locking_test parallel_transaction_test parallel_point_lock_manager_test parallel_point_lock_manager_stress_test parallel_write_prepared_transaction_test parallel_write_prepared_transaction_seqno_test parallel_write_unprepared_transaction_test parallel_write_committed_transaction_ts_test parallel_timestamped_snapshot_test parallel_ttl_test parallel_trie_index_db_test parallel_trie_index_test parallel_types_util_test parallel_util_merge_operators_test parallel_write_batch_with_index_test
make[2]: Entering directory '/home/rvspoc/rvspoc-verify/src/rvspoc-S2605-rocksdb-pr3'
$DEBUG_LEVEL is 1, $LIB_MODE is shared
Makefile:184: Warning: Compiling in debug mode. Don't use the resulting binary in production
  Generating parallel test scripts for blob_file_cache_test
  Generating parallel test scripts for blob_file_garbage_test
  Generating parallel test scripts for blob_file_builder_test
  Generating parallel test scripts for blob_garbage_meter_test
  Generating parallel test scripts for blob_file_reader_test
  Generating parallel test scripts for compressed_secondary_cache_test
  Generating parallel test scripts for blob_counting_iterator_test
  Generating parallel test scripts for tiered_secondary_cache_test
  Generating parallel test scripts for blob_file_addition_test
  Generating parallel test scripts for blob_source_test
  Generating parallel test scripts for lru_cache_test
  Generating parallel test scripts for cache_reservation_manager_test
  Generating parallel test scripts for db_blob_compaction_test
  Generating parallel test scripts for db_blob_basic_test
  Generating parallel test scripts for column_family_test
  Generating parallel test scripts for compact_files_test
  Generating parallel test scripts for db_blob_corruption_test
  Generating parallel test scripts for db_blob_index_test
  Generating parallel test scripts for compaction_job_stats_test
  Generating parallel test scripts for compaction_job_test
  Generating parallel test scripts for cache_test
  Generating parallel test scripts for compaction_service_test
  Generating parallel test scripts for compaction_picker_test
  Generating parallel test scripts for clipping_iterator_test
  Generating parallel test scripts for tiered_compaction_test
  Generating parallel test scripts for comparator_db_test
  Generating parallel test scripts for cuckoo_table_db_test
  Generating parallel test scripts for corruption_test
  Generating parallel test scripts for db_basic_test
  Generating parallel test scripts for db_block_cache_test
  Generating parallel test scripts for compaction_iterator_test
  Generating parallel test scripts for db_compaction_abort_test
  Generating parallel test scripts for db_compaction_filter_test
  Generating parallel test scripts for db_clip_test
  Generating parallel test scripts for db_dynamic_level_test
  Generating parallel test scripts for db_encryption_test
  Generating parallel test scripts for db_compaction_test
  Generating parallel test scripts for db_etc3_test
  Generating parallel test scripts for db_flush_test
  Generating parallel test scripts for db_readonly_with_timestamp_test
  Generating parallel test scripts for db_follower_test
  Generating parallel test scripts for db_inplace_update_test
  Generating parallel test scripts for import_column_family_test
  Generating parallel test scripts for db_iter_stress_test
  Generating parallel test scripts for db_iter_test
  Generating parallel test scripts for db_iterator_test
  Generating parallel test scripts for db_log_iter_test
  Generating parallel test scripts for db_memtable_test
  Generating parallel test scripts for db_with_timestamp_basic_test
  Generating parallel test scripts for db_merge_operand_test
  Generating parallel test scripts for db_merge_operator_test
  Generating parallel test scripts for db_kv_checksum_test
  Generating parallel test scripts for db_properties_test
  Generating parallel test scripts for db_options_test
  Generating parallel test scripts for db_range_del_test
  Generating parallel test scripts for db_rate_limiter_test
  Generating parallel test scripts for db_sst_test
  Generating parallel test scripts for db_secondary_test
  Generating parallel test scripts for db_statistics_test
  Generating parallel test scripts for db_table_properties_test
  Generating parallel test scripts for db_tailing_iter_test
  Generating parallel test scripts for db_test2
  Generating parallel test scripts for db_test
  Generating parallel test scripts for db_logical_block_size_cache_test
  Generating parallel test scripts for db_universal_compaction_test
  Generating parallel test scripts for db_with_timestamp_compaction_test
  Generating parallel test scripts for db_write_buffer_manager_test
  Generating parallel test scripts for db_wal_test
  Generating parallel test scripts for dbformat_test
  Generating parallel test scripts for db_write_test
  Generating parallel test scripts for external_sst_file_basic_test
  Generating parallel test scripts for external_sst_file_test
  Generating parallel test scripts for error_handler_fs_test
  Generating parallel test scripts for file_indexer_test
  Generating parallel test scripts for fault_injection_test
  Generating parallel test scripts for filename_test
  Generating parallel test scripts for flush_job_test
  Generating parallel test scripts for listener_test
  Generating parallel test scripts for memtable_list_test
  Generating parallel test scripts for merge_helper_test
  Generating parallel test scripts for manual_compaction_test
  Generating parallel test scripts for log_test
  Generating parallel test scripts for merge_test
  Generating parallel test scripts for multi_cf_iterator_test
  Generating parallel test scripts for options_file_test
  Generating parallel test scripts for periodic_task_scheduler_test
  Generating parallel test scripts for prefix_test
  Generating parallel test scripts for plain_table_db_test
  Generating parallel test scripts for range_tombstone_fragmenter_test
  Generating parallel test scripts for range_del_aggregator_test
  Generating parallel test scripts for repair_test
  Generating parallel test scripts for version_builder_test
  Generating parallel test scripts for version_edit_test
  Generating parallel test scripts for seqno_time_test
  Generating parallel test scripts for table_properties_collector_test
  Generating parallel test scripts for wal_manager_test
  Generating parallel test scripts for version_set_test
  Generating parallel test scripts for db_wide_basic_test
  Generating parallel test scripts for wide_column_serialization_test
  Generating parallel test scripts for wide_columns_helper_test
  Generating parallel test scripts for write_batch_test
  Generating parallel test scripts for write_callback_test
  Generating parallel test scripts for write_controller_test
  Generating parallel test scripts for io_posix_test
  Generating parallel test scripts for env_basic_test
  Generating parallel test scripts for delete_scheduler_test
  Generating parallel test scripts for mock_env_test
  Generating parallel test scripts for random_access_file_reader_test
  Generating parallel test scripts for env_logger_test
  Generating parallel test scripts for event_logger_test
  Generating parallel test scripts for auto_roll_logger_test
  Generating parallel test scripts for memory_allocator_test
  Generating parallel test scripts for inlineskiplist_test
  Generating parallel test scripts for arena_test
  Generating parallel test scripts for write_buffer_manager_test
  Generating parallel test scripts for skiplist_test
  Generating parallel test scripts for histogram_test
  Generating parallel test scripts for iostats_context_test
  Generating parallel test scripts for statistics_test
  Generating parallel test scripts for configurable_test
  Generating parallel test scripts for stats_history_test
  Generating parallel test scripts for customizable_test
  Generating parallel test scripts for options_test
  Generating parallel test scripts for options_settable_test
  Generating parallel test scripts for data_block_hash_index_test
  Generating parallel test scripts for full_filter_block_test
  Generating parallel test scripts for partitioned_filter_block_test
  Generating parallel test scripts for cleanable_test
  Generating parallel test scripts for cuckoo_table_reader_test
  Generating parallel test scripts for cuckoo_table_builder_test
  Generating parallel test scripts for sst_file_reader_test
  Generating parallel test scripts for merger_test
  Generating parallel test scripts for testutil_test
  Generating parallel test scripts for block_fetcher_test
  Generating parallel test scripts for compression_test
  Generating parallel test scripts for block_cache_trace_analyzer_test
  Generating parallel test scripts for ldb_cmd_test
  Generating parallel test scripts for io_tracer_parser_test
  Generating parallel test scripts for sst_dump_test
  Generating parallel test scripts for block_cache_tracer_test
  Generating parallel test scripts for reduce_levels_test
  Generating parallel test scripts for trace_analyzer_test
  Generating parallel test scripts for io_tracer_test
  Generating parallel test scripts for bloom_test
  Generating parallel test scripts for autovector_test
  Generating parallel test scripts for coding_test
  Generating parallel test scripts for defer_test
  Generating parallel test scripts for dynamic_bloom_test
  Generating parallel test scripts for table_test
NPHash64 id: 251012e7
  Generating parallel test scripts for hash_test
  Generating parallel test scripts for file_reader_writer_test
  Generating parallel test scripts for filelock_test
  Generating parallel test scripts for crc32c_test
  Generating parallel test scripts for heap_test
  Generating parallel test scripts for block_test
  Generating parallel test scripts for interval_test
  Generating parallel test scripts for random_test
  Generating parallel test scripts for rate_limiter_test
  Generating parallel test scripts for io_dispatcher_test
  Generating parallel test scripts for repeatable_thread_test
  Generating parallel test scripts for slice_test
  Generating parallel test scripts for ribbon_test
  Generating parallel test scripts for timer_queue_test
  Generating parallel test scripts for slice_transform_test
  Generating parallel test scripts for timer_test
  Generating parallel test scripts for udt_util_test
  Generating parallel test scripts for thread_list_test
  Generating parallel test scripts for work_queue_test
  Generating parallel test scripts for blob_db_test
  Generating parallel test scripts for thread_local_test
  Generating parallel test scripts for agg_merge_test
  Generating parallel test scripts for cassandra_functional_test
  Generating parallel test scripts for cassandra_format_test
  Generating parallel test scripts for cassandra_row_merge_test
  Generating parallel test scripts for block_based_table_reader_test
  Generating parallel test scripts for cassandra_serialize_test
  Generating parallel test scripts for env_timed_test
  Generating parallel test scripts for checkpoint_test
  Generating parallel test scripts for memory_test
  Generating parallel test scripts for fault_injection_fs_test
  Generating parallel test scripts for stringappend_test
  Generating parallel test scripts for option_change_migration_test
  Generating parallel test scripts for object_registry_test
  Generating parallel test scripts for hash_table_test
  Generating parallel test scripts for options_util_test
  Generating parallel test scripts for sim_cache_test
  Generating parallel test scripts for persistent_cache_test
  Generating parallel test scripts for compact_for_tiering_collector_test
  Generating parallel test scripts for cache_simulator_test
  Generating parallel test scripts for optimistic_transaction_test
  Generating parallel test scripts for range_locking_test
  Generating parallel test scripts for compact_on_deletion_collector_test
  Generating parallel test scripts for point_lock_manager_test
  Generating parallel test scripts for point_lock_manager_stress_test
  Generating parallel test scripts for transaction_test
  Generating parallel test scripts for write_unprepared_transaction_test
  Generating parallel test scripts for write_prepared_transaction_seqno_test
  Generating parallel test scripts for write_prepared_transaction_test
  Generating parallel test scripts for timestamped_snapshot_test
  Generating parallel test scripts for write_committed_transaction_ts_test
  Generating parallel test scripts for ttl_test
  Generating parallel test scripts for trie_index_db_test
  Generating parallel test scripts for trie_index_test
  Generating parallel test scripts for types_util_test
  Generating parallel test scripts for util_merge_operators_test
  Generating parallel test scripts for write_batch_with_index_test
make[2]: Leaving directory '/home/rvspoc/rvspoc-verify/src/rvspoc-S2605-rocksdb-pr3'
make[1]: Leaving directory '/home/rvspoc/rvspoc-verify/src/rvspoc-S2605-rocksdb-pr3'
  GEN      check
make[1]: Entering directory '/home/rvspoc/rvspoc-verify/src/rvspoc-S2605-rocksdb-pr3'
$DEBUG_LEVEL is 1, $LIB_MODE is shared
Makefile:184: Warning: Compiling in debug mode. Don't use the resulting binary in production

To monitor subtest <duration,pass/fail,name>,
  run "make watch-log" in a separate window


Computers / CPU cores / Max jobs to run
1:local / 32 / 32

Computer:jobs running/jobs completed/%of started jobs/Average seconds to complete
ETA: 0s Left: 38934 AVG: 0.00s  local:32/0/100%/0.0s 
ETA: 0s Left: 38785 AVG: 0.00s  local:32/149/100%/0.3s 
ETA: 1086s Left: 35473 AVG: 0.03s  local:32/3461/100%/0.0s 
ETA: 868s Left: 29141 AVG: 0.03s  local:32/9793/100%/0.0s 
ETA: 592s Left: 20972 AVG: 0.03s  local:32/17962/100%/0.0s 
ETA: 553s Left: 20013 AVG: 0.03s  local:32/18921/100%/0.0s 
ETA: 518s Left: 18909 AVG: 0.03s  local:32/20025/100%/0.0s 
ETA: 491s Left: 17750 AVG: 0.03s  local:32/21184/100%/0.0s 
ETA: 500s Left: 17609 AVG: 0.03s  local:32/21325/100%/0.0s 
ETA: 421s Left: 14432 AVG: 0.03s  local:32/24502/100%/0.0s 
ETA: 415s Left: 13909 AVG: 0.03s  local:32/25025/100%/0.0s 
ETA: 427s Left: 13873 AVG: 0.03s  local:32/25061/100%/0.0s 
ETA: 441s Left: 13841 AVG: 0.03s  local:32/25093/100%/0.0s 
ETA: 443s Left: 13515 AVG: 0.03s  local:32/25419/100%/0.0s 
ETA: 413s Left: 12525 AVG: 0.03s  local:32/26409/100%/0.0s 
ETA: 263s Left: 8163 AVG: 0.03s  local:32/30771/100%/0.0s 
ETA: 154s Left: 4887 AVG: 0.03s  local:32/34047/100%/0.0s 
ETA: 0s Left: 10 AVG: 0.03s  local:10/38924/100%/0.0s 
ETA: 0s Left: 0 AVG: 0.03s  local:0/38934/100%/0.0s 
make[1]: Leaving directory '/home/rvspoc/rvspoc-verify/src/rvspoc-S2605-rocksdb-pr3'
rm -rf /dev/shm/rocksdb.1a2k
/usr/bin/python3 tools/check_all_python.py
No syntax errors in 38 .py files
/usr/bin/python3 tools/ldb_test.py
.........Warning: 7 bad lines ignored.
..........Compacting the db...
Checking wal file: /tmp/ldb_test_dgj2omjt/testdb/000029.log
Sequence,Count,ByteSize,Physical Offset,Key(s)
.......
----------------------------------------------------------------------
Ran 26 tests in 10.084s

OK
Running testBlobBatchPut...
Running testBlobDump
Running testBlobPut...
Running testBlobStartingLevel...
Running testCheckConsistency...
Running testColumnFamilies...
Running testCountDelimDump...
Running testCountDelimIDump...
Running testDumpLiveFiles...
Running testDumpLoad...
Running testGetProperty...
Running testHexPutGet...
Running testIDumpBasics...
Running testIDumpDecodeBlobIndex...
Running testIngestExternalSst...
Running testInvalidCmdLines...
Running testListColumnFamilies...
Running testListLiveFilesMetadata...
Running testManifestDump...
Running testMiscAdminTask...
Running testSSTDump...
Running testSimpleStringPutGet...
Running testStringBatchPut...
Running testTtlPutGet...
Running testTxnPutGet...
Running testWALDump...
sh tools/rocksdb_dump_test.sh
make check-format
make[1]: Entering directory '/home/rvspoc/rvspoc-verify/src/rvspoc-S2605-rocksdb-pr3'
$DEBUG_LEVEL is 1, $LIB_MODE is shared
Makefile:184: Warning: Compiling in debug mode. Don't use the resulting binary in production
build_tools/format-diff.sh -c
You didn't have clang-format-diff.py and/or clang-format available in your computer!
You can download clang-format-diff.py by running: 
    curl --location https://raw.githubusercontent.com/llvm/llvm-project/main/clang/tools/clang-format/clang-format-diff.py -o /home/rvspoc/rvspoc-verify/src/rvspoc-S2605-rocksdb-pr3/clang-format-diff.py
You should make sure the downloaded script is not compromised.
You can download clang-format by running:
    brew install clang-format
  Or
    apt install clang-format
  This might work too:
    yum install git-clang-format
Then make sure clang-format is available and executable from $PATH:
    clang-format --version
make[1]: *** [Makefile:1332: check-format] Error 128
make[1]: Leaving directory '/home/rvspoc/rvspoc-verify/src/rvspoc-S2605-rocksdb-pr3'
make: *** [Makefile:1121: check] Error 2
