$DEBUG_LEVEL is 1, $LIB_MODE is static
Makefile:184: Warning: Compiling in debug mode. Don't use the resulting binary in production
$DEBUG_LEVEL is 1, $LIB_MODE is static
Makefile:184: Warning: Compiling in debug mode. Don't use the resulting binary in production
  CC       db/db_test.o
  CC       db/db_test_util.o
  CC       db/db_with_timestamp_test_util.o
  CC       test_util/mock_time_env.o
  CC       test_util/secondary_cache_test_util.o
  CC       test_util/testharness.o
  CC       test_util/testutil.o
  CC       utilities/agg_merge/test_agg_merge.o
  CC       utilities/cassandra/test_utils.o
  CC       table/mock_table.o
  CC       third-party/gtest-1.8.1/fused-src/gtest/gtest-all.o
  CC       cache/cache.o
  CC       cache/cache_entry_roles.o
  CC       cache/cache_key.o
  CC       cache/cache_helpers.o
  CC       cache/cache_reservation_manager.o
  CC       cache/charged_cache.o
  CC       cache/clock_cache.o
  CC       cache/lru_cache.o
  CC       cache/compressed_secondary_cache.o
  CC       cache/secondary_cache.o
  CC       cache/secondary_cache_adapter.o
  CC       cache/sharded_cache.o
  CC       cache/tiered_secondary_cache.o
  CC       db/arena_wrapped_db_iter.o
  CC       db/attribute_group_iterator_impl.o
  CC       db/blob/blob_fetcher.o
  CC       db/blob/blob_contents.o
  CC       db/blob/blob_file_cache.o
  CC       db/blob/blob_file_builder.o
  CC       db/blob/blob_file_addition.o
  CC       db/blob/blob_file_garbage.o
  CC       db/blob/blob_file_meta.o
  CC       db/blob/blob_file_reader.o
  CC       db/blob/blob_garbage_meter.o
  CC       db/blob/blob_log_format.o
  CC       db/blob/blob_log_sequential_reader.o
  CC       db/blob/blob_log_writer.o
  CC       db/blob/blob_source.o
  CC       db/blob/prefetch_buffer_collection.o
  CC       db/builder.o
  CC       db/c.o
  CC       db/coalescing_iterator.o
  CC       db/column_family.o
  CC       db/compaction/compaction.o
  CC       db/compaction/compaction_iterator.o
  CC       db/compaction/compaction_job.o
  CC       db/compaction/compaction_picker.o
  CC       db/compaction/compaction_picker_fifo.o
  CC       db/compaction/compaction_picker_level.o
  CC       db/compaction/compaction_picker_universal.o
  CC       db/compaction/compaction_service_job.o
  CC       db/compaction/compaction_state.o
  CC       db/compaction/compaction_outputs.o
  CC       db/compaction/sst_partitioner.o
  CC       db/compaction/subcompaction_state.o
  CC       db/convenience.o
  CC       db/db_filesnapshot.o
  CC       db/db_impl/compacted_db_impl.o
  CC       db/db_impl/db_impl.o
  CC       db/db_impl/db_impl_compaction_flush.o
  CC       db/db_impl/db_impl_debug.o
  CC       db/db_impl/db_impl_experimental.o
  CC       db/db_impl/db_impl_files.o
  CC       db/db_impl/db_impl_follower.o
  CC       db/db_impl/db_impl_open.o
  CC       db/db_impl/db_impl_readonly.o
  CC       db/db_impl/db_impl_secondary.o
  CC       db/db_impl/db_impl_write.o
  CC       db/db_info_dumper.o
  CC       db/db_iter.o
  CC       db/dbformat.o
  CC       db/error_handler.o
  CC       db/event_helpers.o
  CC       db/experimental.o
  CC       db/external_sst_file_ingestion_job.o
  CC       db/file_indexer.o
  CC       db/flush_job.o
  CC       db/flush_scheduler.o
  CC       db/forward_iterator.o
  CC       db/import_column_family_job.o
  CC       db/internal_stats.o
  CC       db/logs_with_prep_tracker.o
  CC       db/log_reader.o
  CC       db/log_writer.o
  CC       db/malloc_stats.o
  CC       db/manifest_ops.o
  CC       db/memtable.o
  CC       db/memtable_list.o
  CC       db/merge_helper.o
  CC       db/merge_operator.o
  CC       db/multi_scan.o
  CC       db/output_validator.o
  CC       db/periodic_task_scheduler.o
  CC       db/range_del_aggregator.o
  CC       db/range_tombstone_fragmenter.o
  CC       db/repair.o
  CC       db/seqno_to_time_mapping.o
  CC       db/snapshot_impl.o
  CC       db/table_cache.o
  CC       db/table_properties_collector.o
  CC       db/transaction_log_impl.o
  CC       db/trim_history_scheduler.o
  CC       db/version_builder.o
  CC       db/version_edit.o
  CC       db/version_edit_handler.o
  CC       db/version_set.o
  CC       db/version_util.o
  CC       db/wal_edit.o
  CC       db/wal_manager.o
  CC       db/wide/wide_column_serialization.o
  CC       db/wide/wide_columns.o
  CC       db/wide/wide_columns_helper.o
  CC       db/write_batch.o
  CC       db/write_batch_base.o
  CC       db/write_controller.o
  CC       db/write_stall_stats.o
  CC       db/write_thread.o
  CC       env/composite_env.o
  CC       env/env.o
  CC       env/env_chroot.o
  CC       env/env_encryption.o
  CC       env/env_posix.o
  CC       env/file_system.o
  CC       env/fs_on_demand.o
  CC       env/fs_posix.o
  CC       env/fs_remap.o
  CC       env/file_system_tracer.o
  CC       env/io_posix.o
  CC       env/mock_env.o
  CC       env/unique_id_gen.o
  CC       file/delete_scheduler.o
  CC       file/file_prefetch_buffer.o
  CC       file/file_util.o
  CC       file/filename.o
  CC       file/line_file_reader.o
  CC       file/random_access_file_reader.o
  CC       file/read_write_util.o
  CC       file/readahead_raf.o
  CC       file/sequence_file_reader.o
  CC       file/sst_file_manager_impl.o
  CC       file/writable_file_writer.o
  CC       logging/auto_roll_logger.o
  CC       logging/event_logger.o
  CC       logging/log_buffer.o
  CC       memory/arena.o
  CC       memory/concurrent_arena.o
  CC       memory/jemalloc_nodump_allocator.o
  CC       memory/memkind_kmem_allocator.o
  CC       memory/memory_allocator.o
  CC       memtable/alloc_tracker.o
  CC       memtable/hash_linklist_rep.o
  CC       memtable/hash_skiplist_rep.o
  CC       memtable/skiplistrep.o
  CC       memtable/vectorrep.o
  CC       memtable/wbwi_memtable.o
  CC       memtable/write_buffer_manager.o
  CC       monitoring/histogram.o
  CC       monitoring/histogram_windowing.o
  CC       monitoring/in_memory_stats_history.o
  CC       monitoring/instrumented_mutex.o
  CC       monitoring/iostats_context.o
  CC       monitoring/perf_context.o
  CC       monitoring/perf_level.o
  CC       monitoring/persistent_stats_history.o
  CC       monitoring/statistics.o
  CC       monitoring/thread_status_impl.o
  CC       monitoring/thread_status_updater.o
  CC       monitoring/thread_status_updater_debug.o
  CC       monitoring/thread_status_util.o
  CC       monitoring/thread_status_util_debug.o
  CC       options/cf_options.o
  CC       options/configurable.o
  CC       options/customizable.o
  CC       options/db_options.o
  CC       options/offpeak_time_info.o
  CC       options/options.o
  CC       options/options_helper.o
  CC       options/options_parser.o
  CC       port/mmap.o
  CC       port/port_posix.o
  CC       port/win/env_default.o
  CC       port/win/env_win.o
  CC       port/win/io_win.o
  CC       port/win/port_win.o
  CC       port/win/win_logger.o
  CC       port/win/win_thread.o
  CC       port/stack_trace.o
  CC       table/adaptive/adaptive_table_factory.o
  CC       table/block_based/binary_search_index_reader.o
  CC       table/block_based/block.o
  CC       table/block_based/block_based_table_builder.o
  CC       table/block_based/block_based_table_factory.o
  CC       table/block_based/block_based_table_iterator.o
  CC       table/block_based/multi_scan_index_iterator.o
  CC       table/block_based/block_based_table_reader.o
  CC       table/block_based/block_builder.o
  CC       table/block_based/block_cache.o
  CC       table/block_based/block_prefetcher.o
  CC       table/block_based/block_prefix_index.o
  CC       table/block_based/data_block_hash_index.o
  CC       table/block_based/data_block_footer.o
  CC       table/block_based/filter_block_reader_common.o
  CC       table/block_based/filter_policy.o
  CC       table/block_based/flush_block_policy.o
  CC       table/block_based/full_filter_block.o
  CC       table/block_based/hash_index_reader.o
  CC       table/block_based/index_builder.o
  CC       table/block_based/index_reader_common.o
  CC       table/block_based/parsed_full_filter_block.o
  CC       table/block_based/partitioned_filter_block.o
  CC       table/block_based/partitioned_index_iterator.o
  CC       table/block_based/partitioned_index_reader.o
  CC       table/block_based/reader_common.o
  CC       table/block_based/uncompression_dict_reader.o
  CC       table/block_fetcher.o
  CC       table/cuckoo/cuckoo_table_builder.o
  CC       table/cuckoo/cuckoo_table_factory.o
  CC       table/cuckoo/cuckoo_table_reader.o
  CC       table/external_table.o
  CC       table/format.o
  CC       table/get_context.o
  CC       table/iterator.o
  CC       table/merging_iterator.o
  CC       table/compaction_merging_iterator.o
  CC       table/meta_blocks.o
  CC       table/persistent_cache_helper.o
  CC       table/plain/plain_table_bloom.o
  CC       table/plain/plain_table_builder.o
  CC       table/plain/plain_table_factory.o
  CC       table/plain/plain_table_index.o
  CC       table/plain/plain_table_key_coding.o
  CC       table/plain/plain_table_reader.o
  CC       table/sst_file_dumper.o
  CC       table/sst_file_reader.o
  CC       table/sst_file_writer.o
  CC       table/table_factory.o
  CC       table/table_properties.o
  CC       table/two_level_iterator.o
  CC       table/unique_id.o
  CC       test_util/sync_point.o
  CC       test_util/sync_point_impl.o
  CC       test_util/transaction_test_util.o
  CC       tools/dump/db_dump_tool.o
  CC       trace_replay/trace_record_handler.o
  CC       trace_replay/trace_record_result.o
  CC       trace_replay/trace_record.o
  CC       trace_replay/trace_replay.o
  CC       trace_replay/block_cache_tracer.o
  CC       trace_replay/io_tracer.o
  CC       util/async_file_reader.o
  CC       util/auto_tune_compressor.o
  CC       util/cleanable.o
  CC       util/coding.o
  CC       util/compaction_job_stats_impl.o
  CC       util/comparator.o
  CC       util/compression.o
  CC       util/compression_context_cache.o
  CC       util/concurrent_task_limiter_impl.o
  CC       util/crc32c.o
  CC       util/crc32c_arm64.o
  CC       util/data_structure.o
  CC       util/dynamic_bloom.o
  CC       util/hash.o
  CC       util/murmurhash.o
  CC       util/random.o
  CC       util/rate_limiter.o
  CC       util/ribbon_config.o
  CC       util/slice.o
  CC       util/file_checksum_helper.o
  CC       util/simple_mixed_compressor.o
  CC       util/status.o
  CC       util/stderr_logger.o
  CC       util/string_util.o
  CC       util/thread_local.o
  CC       util/threadpool_imp.o
  CC       util/io_dispatcher_imp.o
  CC       util/udt_util.o
  CC       util/write_batch_util.o
  CC       util/xxhash.o
  CC       utilities/agg_merge/agg_merge.o
  CC       utilities/backup/backup_engine.o
  CC       utilities/blob_db/blob_compaction_filter.o
  CC       utilities/blob_db/blob_db.o
  CC       utilities/blob_db/blob_db_impl.o
  CC       utilities/blob_db/blob_db_impl_filesnapshot.o
  CC       utilities/blob_db/blob_file.o
  CC       utilities/cache_dump_load.o
  CC       utilities/cache_dump_load_impl.o
  CC       utilities/cassandra/cassandra_compaction_filter.o
  CC       utilities/cassandra/format.o
  CC       utilities/cassandra/merge_operator.o
  CC       utilities/checkpoint/checkpoint_impl.o
  CC       utilities/compaction_filters.o
  CC       utilities/compaction_filters/remove_emptyvalue_compactionfilter.o
  CC       utilities/convenience/info_log_finder.o
  CC       utilities/counted_fs.o
  CC       utilities/debug.o
  CC       utilities/env_mirror.o
  CC       utilities/env_timed.o
  CC       utilities/fault_injection_env.o
  CC       utilities/fault_injection_fs.o
  CC       utilities/fault_injection_secondary_cache.o
  CC       utilities/leveldb_options/leveldb_options.o
  CC       utilities/memory/memory_util.o
  CC       utilities/merge_operators.o
  CC       utilities/merge_operators/max.o
  CC       utilities/merge_operators/put.o
  CC       utilities/merge_operators/sortlist.o
  CC       utilities/merge_operators/string_append/stringappend.o
  CC       utilities/merge_operators/string_append/stringappend2.o
  CC       utilities/merge_operators/uint64add.o
  CC       utilities/merge_operators/bytesxor.o
  CC       utilities/object_registry.o
  CC       utilities/option_change_migration/option_change_migration.o
  CC       utilities/options/options_util.o
  CC       utilities/persistent_cache/block_cache_tier.o
  CC       utilities/persistent_cache/block_cache_tier_file.o
  CC       utilities/persistent_cache/block_cache_tier_metadata.o
  CC       utilities/persistent_cache/persistent_cache_tier.o
  CC       utilities/persistent_cache/volatile_tier_impl.o
  CC       utilities/secondary_index/secondary_index_iterator.o
  CC       utilities/secondary_index/simple_secondary_index.o
  CC       utilities/simulator_cache/cache_simulator.o
  CC       utilities/simulator_cache/sim_cache.o
  CC       utilities/table_properties_collectors/compact_for_tiering_collector.o
  CC       utilities/table_properties_collectors/compact_on_deletion_collector.o
  CC       utilities/trace/file_trace_reader_writer.o
  CC       utilities/trace/replayer_impl.o
  CC       utilities/transactions/lock/lock_manager.o
  CC       utilities/transactions/lock/point/point_lock_tracker.o
  CC       utilities/transactions/lock/point/point_lock_manager.o
  CC       utilities/transactions/optimistic_transaction.o
  CC       utilities/transactions/optimistic_transaction_db_impl.o
  CC       utilities/transactions/pessimistic_transaction.o
  CC       utilities/transactions/pessimistic_transaction_db.o
  CC       utilities/transactions/snapshot_checker.o
  CC       utilities/transactions/transaction_base.o
  CC       utilities/transactions/transaction_db_mutex_impl.o
  CC       utilities/transactions/transaction_util.o
  CC       utilities/transactions/write_prepared_txn.o
  CC       utilities/transactions/write_prepared_txn_db.o
  CC       utilities/transactions/write_unprepared_txn.o
  CC       utilities/transactions/write_unprepared_txn_db.o
  CC       utilities/ttl/db_ttl_impl.o
  CC       utilities/trie_index/bitvector.o
  CC       utilities/trie_index/louds_trie.o
  CC       utilities/trie_index/trie_index_factory.o
  CC       utilities/types_util.o
  CC       utilities/wal_filter.o
  CC       utilities/write_batch_with_index/write_batch_with_index.o
  CC       utilities/write_batch_with_index/write_batch_with_index_internal.o
  CC       utilities/transactions/lock/range/range_tree/lib/locktree/concurrent_tree.o
  CC       utilities/transactions/lock/range/range_tree/lib/locktree/keyrange.o
  CC       utilities/transactions/lock/range/range_tree/lib/locktree/lock_request.o
  CC       utilities/transactions/lock/range/range_tree/lib/locktree/locktree.o
  CC       utilities/transactions/lock/range/range_tree/lib/locktree/manager.o
  CC       utilities/transactions/lock/range/range_tree/lib/locktree/range_buffer.o
  CC       utilities/transactions/lock/range/range_tree/lib/locktree/treenode.o
  CC       utilities/transactions/lock/range/range_tree/lib/locktree/txnid_set.o
  CC       utilities/transactions/lock/range/range_tree/lib/locktree/wfg.o
  CC       utilities/transactions/lock/range/range_tree/lib/standalone_port.o
  CC       utilities/transactions/lock/range/range_tree/lib/util/dbt.o
  CC       utilities/transactions/lock/range/range_tree/lib/util/memarena.o
  CC       utilities/transactions/lock/range/range_tree/range_tree_lock_manager.o
  CC       utilities/transactions/lock/range/range_tree/range_tree_lock_tracker.o
  AR       librocksdb_test_debug.a
/usr/bin/ar: creating librocksdb_test_debug.a
  GEN      util/build_version.cc
  CC       util/build_version.o
  AR       librocksdb_debug.a
/usr/bin/ar: creating librocksdb_debug.a
  CCLD     db_test
[==========] Running 287 tests from 5 test cases.
[----------] Global test environment set-up.
[----------] 112 tests from DBTest
[ RUN      ] DBTest.MockEnvTest
[       OK ] DBTest.MockEnvTest (24 ms)
[ RUN      ] DBTest.RequestIdPlumbingTest
[       OK ] DBTest.RequestIdPlumbingTest (17 ms)
[ RUN      ] DBTest.MemEnvTest
[       OK ] DBTest.MemEnvTest (23 ms)
[ RUN      ] DBTest.WriteEmptyBatch
[       OK ] DBTest.WriteEmptyBatch (40 ms)
[ RUN      ] DBTest.SkipDelay
[       OK ] DBTest.SkipDelay (32 ms)
[ RUN      ] DBTest.MixedSlowdownOptions
[       OK ] DBTest.MixedSlowdownOptions (20030 ms)
[ RUN      ] DBTest.MixedSlowdownOptionsInQueue
[       OK ] DBTest.MixedSlowdownOptionsInQueue (20031 ms)
[ RUN      ] DBTest.MixedSlowdownOptionsStop
[       OK ] DBTest.MixedSlowdownOptionsStop (3031 ms)
[ RUN      ] DBTest.LevelLimitReopen
[       OK ] DBTest.LevelLimitReopen (1882 ms)
[ RUN      ] DBTest.LevelReopenWithFIFO
[       OK ] DBTest.LevelReopenWithFIFO (9207 ms)
[ RUN      ] DBTest.PutSingleDeleteGet
[       OK ] DBTest.PutSingleDeleteGet (905 ms)
[ RUN      ] DBTest.ReadFromPersistedTier
[       OK ] DBTest.ReadFromPersistedTier (2361 ms)
[ RUN      ] DBTest.SingleDeleteFlush
[       OK ] DBTest.SingleDeleteFlush (1235 ms)
[ RUN      ] DBTest.SingleDeletePutFlush
[       OK ] DBTest.SingleDeletePutFlush (991 ms)
[ RUN      ] DBTest.GetFromImmutableLayer
[       OK ] DBTest.GetFromImmutableLayer (1069 ms)
[ RUN      ] DBTest.GetLevel0Ordering
[       OK ] DBTest.GetLevel0Ordering (1176 ms)
[ RUN      ] DBTest.WrongLevel0Config
[       OK ] DBTest.WrongLevel0Config (22 ms)
[ RUN      ] DBTest.GetOrderedByLevels
[       OK ] DBTest.GetOrderedByLevels (1207 ms)
[ RUN      ] DBTest.GetPicksCorrectFile
[       OK ] DBTest.GetPicksCorrectFile (1339 ms)
[ RUN      ] DBTest.GetEncountersEmptyLevel
[       OK ] DBTest.GetEncountersEmptyLevel (1294 ms)
[ RUN      ] DBTest.FlushMultipleMemtable
[       OK ] DBTest.FlushMultipleMemtable (147 ms)
[ RUN      ] DBTest.FlushSchedule
[       OK ] DBTest.FlushSchedule (300 ms)
[ RUN      ] DBTest.FailMoreDbPaths
[       OK ] DBTest.FailMoreDbPaths (12 ms)
[ RUN      ] DBTest.MetaDataTest
[       OK ] DBTest.MetaDataTest (651 ms)
[ RUN      ] DBTest.GetColumnFamilyMetaDataWithKeyRangeAndLevel
[       OK ] DBTest.GetColumnFamilyMetaDataWithKeyRangeAndLevel (624 ms)
[ RUN      ] DBTest.GetColumnFamilyMetaDataBottommostLevel
[       OK ] DBTest.GetColumnFamilyMetaDataBottommostLevel (746 ms)
[ RUN      ] DBTest.GetColumnFamilyMetaDataMultipleLevels
[       OK ] DBTest.GetColumnFamilyMetaDataMultipleLevels (554 ms)
[ RUN      ] DBTest.GetColumnFamilyMetaDataEmptyDB
[       OK ] DBTest.GetColumnFamilyMetaDataEmptyDB (23 ms)
[ RUN      ] DBTest.AllMetaDataTest
[       OK ] DBTest.AllMetaDataTest (39 ms)
[ RUN      ] DBTest.MinLevelToCompress1
Test with compression options : window_bits = -14, level =  -1, strategy = 0}
using snappy
[       OK ] DBTest.MinLevelToCompress1 (60 ms)
[ RUN      ] DBTest.MinLevelToCompress2
Test with compression options : window_bits = 15, level =  -1, strategy = 0}
using snappy
[       OK ] DBTest.MinLevelToCompress2 (60 ms)
[ RUN      ] DBTest.ApproximateSizesMemTable
[       OK ] DBTest.ApproximateSizesMemTable (65 ms)
[ RUN      ] DBTest.ApproximateSizesFilesWithErrorMargin
[       OK ] DBTest.ApproximateSizesFilesWithErrorMargin (1307 ms)
[ RUN      ] DBTest.GetApproximateMemTableStats
[       OK ] DBTest.GetApproximateMemTableStats (35 ms)
[ RUN      ] DBTest.ApproximateSizes
[       OK ] DBTest.ApproximateSizes (9255 ms)
[ RUN      ] DBTest.ApproximateSizes_MixOfSmallAndLarge
[       OK ] DBTest.ApproximateSizes_MixOfSmallAndLarge (2780 ms)
[ RUN      ] DBTest.Snapshot
[       OK ] DBTest.Snapshot (1001 ms)
[ RUN      ] DBTest.HiddenValuesAreRemoved
[       OK ] DBTest.HiddenValuesAreRemoved (1647 ms)
[ RUN      ] DBTest.UnremovableSingleDelete
[       OK ] DBTest.UnremovableSingleDelete (1102 ms)
[ RUN      ] DBTest.DeletionMarkers1
[       OK ] DBTest.DeletionMarkers1 (38 ms)
[ RUN      ] DBTest.DeletionMarkers2
[       OK ] DBTest.DeletionMarkers2 (37 ms)
[ RUN      ] DBTest.OverlapInLevel0
[       OK ] DBTest.OverlapInLevel0 (1307 ms)
[ RUN      ] DBTest.ComparatorCheck
[       OK ] DBTest.ComparatorCheck (146 ms)
[ RUN      ] DBTest.CustomComparator
[       OK ] DBTest.CustomComparator (491 ms)
[ RUN      ] DBTest.DBOpen_Options
[       OK ] DBTest.DBOpen_Options (32 ms)
[ RUN      ] DBTest.DBOpen_Change_NumLevels
[       OK ] DBTest.DBOpen_Change_NumLevels (43 ms)
[ RUN      ] DBTest.DestroyDBMetaDatabase
[       OK ] DBTest.DestroyDBMetaDatabase (49 ms)
[ RUN      ] DBTest.SnapshotFiles
[       OK ] DBTest.SnapshotFiles (1153 ms)
[ RUN      ] DBTest.ReadonlyDBGetLiveManifestSize
[       OK ] DBTest.ReadonlyDBGetLiveManifestSize (138 ms)
[ RUN      ] DBTest.GetLiveBlobFiles
[       OK ] DBTest.GetLiveBlobFiles (20 ms)
[ RUN      ] DBTest.PurgeInfoLogs
db/db_test.cc:3096: Failure
Value of: env_->GetChildren(dbname_, &db_files).IsNotFound()
  Actual: false
Expected: true
[  FAILED  ] DBTest.PurgeInfoLogs (80 ms)
[ RUN      ] DBTest.GroupCommitTest
[       OK ] DBTest.GroupCommitTest (2479 ms)
[ RUN      ] DBTest.BlockBasedTablePrefixIndexTest
[       OK ] DBTest.BlockBasedTablePrefixIndexTest (56 ms)
[ RUN      ] DBTest.SetOptionsEffectiveInSuperVersions
[       OK ] DBTest.SetOptionsEffectiveInSuperVersions (42 ms)
[ RUN      ] DBTest.BlockBasedTablePrefixHashIndexTest
[       OK ] DBTest.BlockBasedTablePrefixHashIndexTest (23 ms)
[ RUN      ] DBTest.BlockBasedTablePrefixIndexTotalOrderSeek
[       OK ] DBTest.BlockBasedTablePrefixIndexTotalOrderSeek (21 ms)
[ RUN      ] DBTest.ChecksumTest
[       OK ] DBTest.ChecksumTest (49 ms)
[ RUN      ] DBTest.FIFOCompactionTestWithCompaction
[       OK ] DBTest.FIFOCompactionTestWithCompaction (370 ms)
[ RUN      ] DBTest.FIFOCompactionStyleWithCompactionAndDelete
[       OK ] DBTest.FIFOCompactionStyleWithCompactionAndDelete (37 ms)
[ RUN      ] DBTest.FIFOCompactionWithTTLAndMaxOpenFilesTest
[       OK ] DBTest.FIFOCompactionWithTTLAndMaxOpenFilesTest (20 ms)
[ RUN      ] DBTest.FIFOCompactionWithTTLAndVariousTableFormatsTest
[       OK ] DBTest.FIFOCompactionWithTTLAndVariousTableFormatsTest (23 ms)
[ RUN      ] DBTest.FIFOCompactionWithTTLTest
[       OK ] DBTest.FIFOCompactionWithTTLTest (520 ms)
[ RUN      ] DBTest.CustomedRateLimiterWithNoOptionalAPIImplTest
[       OK ] DBTest.CustomedRateLimiterWithNoOptionalAPIImplTest (24 ms)
[ RUN      ] DBTest.TableOptionsSanitizeTest
[       OK ] DBTest.TableOptionsSanitizeTest (39 ms)
[ RUN      ] DBTest.ConcurrentMemtableNotSupported
[       OK ] DBTest.ConcurrentMemtableNotSupported (20 ms)
[ RUN      ] DBTest.SanitizeNumThreads
[       OK ] DBTest.SanitizeNumThreads (37 ms)
[ RUN      ] DBTest.WriteSingleThreadEntry
[       OK ] DBTest.WriteSingleThreadEntry (37 ms)
[ RUN      ] DBTest.ConcurrentFlushWAL
[       OK ] DBTest.ConcurrentFlushWAL (195 ms)
[ RUN      ] DBTest.ManualFlushWalAndWriteRace
[       OK ] DBTest.ManualFlushWalAndWriteRace (36 ms)
[ RUN      ] DBTest.DynamicMemtableOptions
[       OK ] DBTest.DynamicMemtableOptions (120 ms)
[ RUN      ] DBTest.GetThreadStatus
[       OK ] DBTest.GetThreadStatus (59 ms)
[ RUN      ] DBTest.DisableThreadStatus
[       OK ] DBTest.DisableThreadStatus (44 ms)
[ RUN      ] DBTest.ThreadStatusFlush
[       OK ] DBTest.ThreadStatusFlush (33 ms)
[ RUN      ] DBTest.PreShutdownFlush
[       OK ] DBTest.PreShutdownFlush (29 ms)
[ RUN      ] DBTest.FlushOnDestroy
[       OK ] DBTest.FlushOnDestroy (13 ms)
[ RUN      ] DBTest.DynamicCompactionOptions
[       OK ] DBTest.DynamicCompactionOptions (3203 ms)
[ RUN      ] DBTest.DynamicFIFOCompactionOptions
[       OK ] DBTest.DynamicFIFOCompactionOptions (44 ms)
[ RUN      ] DBTest.DynamicUniversalCompactionOptions
[       OK ] DBTest.DynamicUniversalCompactionOptions (29 ms)
[ RUN      ] DBTest.FileCreationRandomFailure
[       OK ] DBTest.FileCreationRandomFailure (3660 ms)
[ RUN      ] DBTest.DynamicMiscOptions
[       OK ] DBTest.DynamicMiscOptions (73 ms)
[ RUN      ] DBTest.L0L1L2AndUpHitCounter
[       OK ] DBTest.L0L1L2AndUpHitCounter (776 ms)
[ RUN      ] DBTest.CloseSpeedup
[       OK ] DBTest.CloseSpeedup (45 ms)
[ RUN      ] DBTest.MergeTestTime
[       OK ] DBTest.MergeTestTime (30 ms)
[ RUN      ] DBTest.TestLogCleanup
[       OK ] DBTest.TestLogCleanup (2273 ms)
[ RUN      ] DBTest.EmptyCompactedDB
[       OK ] DBTest.EmptyCompactedDB (19 ms)
[ RUN      ] DBTest.SuggestCompactRangeTest
[       OK ] DBTest.SuggestCompactRangeTest (149 ms)
[ RUN      ] DBTest.SuggestCompactRangeUniversal
[       OK ] DBTest.SuggestCompactRangeUniversal (157 ms)
[ RUN      ] DBTest.PromoteL0
[       OK ] DBTest.PromoteL0 (115 ms)
[ RUN      ] DBTest.PromoteL0Failure
[       OK ] DBTest.PromoteL0Failure (31 ms)
[ RUN      ] DBTest.CompactRangeWithEmptyBottomLevel
[       OK ] DBTest.CompactRangeWithEmptyBottomLevel (28 ms)
[ RUN      ] DBTest.AutomaticConflictsWithManualCompaction
[       OK ] DBTest.AutomaticConflictsWithManualCompaction (137 ms)
[ RUN      ] DBTest.CompactFilesShouldTriggerAutoCompaction
[       OK ] DBTest.CompactFilesShouldTriggerAutoCompaction (71 ms)
[ RUN      ] DBTest.LargeBatchWithColumnFamilies
prepare: 5 MB, pass:1
write: 5 MB
done
prepare: 5 MB, pass:2
write: 5 MB
done
prepare: 5 MB, pass:3
write: 5 MB
done
prepare: 6 MB, pass:1
write: 6 MB
done
prepare: 6 MB, pass:2
write: 6 MB
done
prepare: 6 MB, pass:3
write: 6 MB
done
prepare: 7 MB, pass:1
write: 7 MB
done
prepare: 7 MB, pass:2
write: 7 MB
done
prepare: 7 MB, pass:3
write: 7 MB
done
prepare: 8 MB, pass:1
write: 8 MB
done
prepare: 8 MB, pass:2
write: 8 MB
done
prepare: 8 MB, pass:3
write: 8 MB
done
prepare: 9 MB, pass:1
write: 9 MB
done
prepare: 9 MB, pass:2
write: 9 MB
done
prepare: 9 MB, pass:3
write: 9 MB
done
[       OK ] DBTest.LargeBatchWithColumnFamilies (1724 ms)
[ RUN      ] DBTest.FlushesInParallelWithCompactRange
[       OK ] DBTest.FlushesInParallelWithCompactRange (442 ms)
[ RUN      ] DBTest.DelayedWriteRate
[       OK ] DBTest.DelayedWriteRate (111 ms)
[ RUN      ] DBTest.HardLimit
[       OK ] DBTest.HardLimit (94 ms)
[ RUN      ] DBTest.SoftLimit
[       OK ] DBTest.SoftLimit (1473 ms)
[ RUN      ] DBTest.LastWriteBufferDelay
[       OK ] DBTest.LastWriteBufferDelay (26 ms)
[ RUN      ] DBTest.CreateColumnFamilyShouldFailOnIncompatibleOptions
[       OK ] DBTest.CreateColumnFamilyShouldFailOnIncompatibleOptions (26 ms)
[ RUN      ] DBTest.RowCache
[       OK ] DBTest.RowCache (35 ms)
[ RUN      ] DBTest.PinnableSliceAndRowCache
[       OK ] DBTest.PinnableSliceAndRowCache (25 ms)
[ RUN      ] DBTest.ReusePinnableSlice
[       OK ] DBTest.ReusePinnableSlice (25 ms)
[ RUN      ] DBTest.DeletingOldWalAfterDrop
[       OK ] DBTest.DeletingOldWalAfterDrop (36 ms)
[ RUN      ] DBTest.UnsupportedManualSync
[       OK ] DBTest.UnsupportedManualSync (22 ms)
[ RUN      ] DBTest.PauseBackgroundWorkTest
[       OK ] DBTest.PauseBackgroundWorkTest (335 ms)
[ RUN      ] DBTest.ThreadLocalPtrDeadlock
Flushed 1 times
Flushed 2 times
Flushed 3 times
Flushed 4 times
Flushed 5 times
Flushed 6 times
Flushed 7 times
Flushed 8 times
Flushed 9 times
Flushed 10 times
Flushed 11 times
Done. Flushed 11 times, destroyed 1145 threads
[       OK ] DBTest.ThreadLocalPtrDeadlock (37 ms)
[ RUN      ] DBTest.LargeBlockSizeTest
[       OK ] DBTest.LargeBlockSizeTest (29 ms)
[ RUN      ] DBTest.CreationTimeOfOldestFile
[       OK ] DBTest.CreationTimeOfOldestFile (54 ms)
[ RUN      ] DBTest.MemoryUsageWithMaxWriteBufferSizeToMaintain
[       OK ] DBTest.MemoryUsageWithMaxWriteBufferSizeToMaintain (73 ms)
[ RUN      ] DBTest.ShuttingDownNotBlockStalledWrites
[       OK ] DBTest.ShuttingDownNotBlockStalledWrites (2063 ms)
[ RUN      ] DBTest.FileReadSampledStats
[       OK ] DBTest.FileReadSampledStats (27 ms)
[ RUN      ] DBTest.FileCollapsibleEntryReadSampledStats
[       OK ] DBTest.FileCollapsibleEntryReadSampledStats (35 ms)
[----------] 112 tests from DBTest (111718 ms total)

[----------] 80 tests from MultiThreaded/MultiThreadedDBTest
[ RUN      ] MultiThreaded/MultiThreadedDBTest.MultiThreaded/0
... starting thread 0
... starting thread 1
... starting thread 2
... starting thread 3
... starting thread 4
... starting thread 6
... starting thread 5
... starting thread 7
... starting thread 8
... starting thread 9
... stopping thread 5 after 21240 ops
... stopping thread 1 after 21166 ops
... stopping thread 4 after 21077 ops
... stopping thread 2 after 21095 ops
... stopping thread 3 after 21276 ops
... stopping thread 8 after 21101 ops
... stopping thread 6 after 21141 ops
... stopping thread 0 after 21120 ops
... stopping thread 9 after 21070 ops
... stopping thread 7 after 21297 ops
[       OK ] MultiThreaded/MultiThreadedDBTest.MultiThreaded/0 (10165 ms)
[ RUN      ] MultiThreaded/MultiThreadedDBTest.MultiThreaded/1
... starting thread 0
... starting thread 1
... starting thread 2
... starting thread 3
... starting thread 4
... starting thread 5
... starting thread 6
... starting thread 7
... starting thread 8
... starting thread 9
... stopping thread 1 after 20767 ops
... stopping thread 0 after 20695 ops
... stopping thread 4 after 20677 ops
... stopping thread 3 after 20831 ops
... stopping thread 7 after 20824 ops
... stopping thread 6 after 20708 ops
... stopping thread 9 after 20649 ops
... stopping thread 5 after 20810 ops
... stopping thread 2 after 20677 ops
... stopping thread 8 after 20721 ops
[       OK ] MultiThreaded/MultiThreadedDBTest.MultiThreaded/1 (10187 ms)
[ RUN      ] MultiThreaded/MultiThreadedDBTest.MultiThreaded/2
... starting thread 0
... starting thread 2
... starting thread 1
... starting thread 3
... starting thread 4
... starting thread 5
... starting thread 6
... starting thread 7
... starting thread 8
... starting thread 9
... stopping thread 2 after 21100 ops
... stopping thread 0 after 21126 ops
... stopping thread 1 after 21207 ops
... stopping thread 4 after 21081 ops
... stopping thread 5 after 21206 ops
... stopping thread 7 after 21297 ops
... stopping thread 3 after 21264 ops
... stopping thread 6 after 21106 ops
... stopping thread 9 after 21054 ops
... stopping thread 8 after 21115 ops
[       OK ] MultiThreaded/MultiThreadedDBTest.MultiThreaded/2 (10162 ms)
[ RUN      ] MultiThreaded/MultiThreadedDBTest.MultiThreaded/3
... starting thread 0
... starting thread 1
... starting thread 2
... starting thread 3
... starting thread 4
... starting thread 5
... starting thread 6
... starting thread 7
... starting thread 8
... starting thread 9
... stopping thread 0 after 20961 ops
... stopping thread 1 after 21006 ops
... stopping thread 2 after 20944 ops
... stopping thread 8 after 20952 ops
... stopping thread 5 after 21086 ops
... stopping thread 9 after 20857 ops
... stopping thread 7 after 21143 ops
... stopping thread 6 after 20918 ops
... stopping thread 4 after 20915 ops
... stopping thread 3 after 21073 ops
[       OK ] MultiThreaded/MultiThreadedDBTest.MultiThreaded/3 (10186 ms)
[ RUN      ] MultiThreaded/MultiThreadedDBTest.MultiThreaded/4
... starting thread 0
... starting thread 2
... starting thread 1
... starting thread 3
... starting thread 4
... starting thread 5
... starting thread 6
... starting thread 7
... starting thread 8
... starting thread 9
... stopping thread 1 after 21202 ops
... stopping thread 0 after 21199 ops
... stopping thread 6 after 21183 ops
... stopping thread 4 after 21065 ops
... stopping thread 5 after 21263 ops
... stopping thread 3 after 21292 ops
... stopping thread 2 after 21143 ops
... stopping thread 7 after 21342 ops
... stopping thread 9 after 21111 ops
... stopping thread 8 after 21133 ops
[       OK ] MultiThreaded/MultiThreadedDBTest.MultiThreaded/4 (10187 ms)
[ RUN      ] MultiThreaded/MultiThreadedDBTest.MultiThreaded/5
... starting thread 0
... starting thread 1
... starting thread 2
... starting thread 3
... starting thread 4
... starting thread 5
... starting thread 6
... starting thread 7
... starting thread 8
... starting thread 9
... stopping thread 0 after 20675 ops
... stopping thread 3 after 20814 ops
... stopping thread 2 after 20670 ops
... stopping thread 4 after 20668 ops
... stopping thread 1 after 20696 ops
... stopping thread 7 after 20853 ops
... stopping thread 8 after 20678 ops
... stopping thread 5 after 20784 ops
... stopping thread 9 after 20615 ops
... stopping thread 6 after 20656 ops
[       OK ] MultiThreaded/MultiThreadedDBTest.MultiThreaded/5 (10226 ms)
[ RUN      ] MultiThreaded/MultiThreadedDBTest.MultiThreaded/6
... starting thread 0
... starting thread 1
... starting thread 2
... starting thread 3
... starting thread 4
... starting thread 5
... starting thread 6
... starting thread 7
... starting thread 8
... starting thread 9
... stopping thread 0 after 21089 ops
... stopping thread 4 after 21076 ops
... stopping thread 7 after 21280 ops
... stopping thread 2 after 21078 ops
... stopping thread 6 after 21096 ops
... stopping thread 9 after 20968 ops
... stopping thread 1 after 21144 ops
... stopping thread 5 after 21192 ops
... stopping thread 3 after 21249 ops
... stopping thread 8 after 21084 ops
[       OK ] MultiThreaded/MultiThreadedDBTest.MultiThreaded/6 (10191 ms)
[ RUN      ] MultiThreaded/MultiThreadedDBTest.MultiThreaded/7
... starting thread 0
... starting thread 1
... starting thread 2
... starting thread 3
... starting thread 4
... starting thread 5
... starting thread 6
... starting thread 7
... starting thread 8
... starting thread 9
... stopping thread 3 after 21917 ops
... stopping thread 2 after 21717 ops
... stopping thread 1 after 21793 ops
... stopping thread 5 after 21857 ops
... stopping thread 0 after 21706 ops
... stopping thread 4 after 21706 ops
... stopping thread 8 after 21723 ops
... stopping thread 7 after 21916 ops
... stopping thread 6 after 21754 ops
... stopping thread 9 after 21685 ops
[       OK ] MultiThreaded/MultiThreadedDBTest.MultiThreaded/7 (10156 ms)
[ RUN      ] MultiThreaded/MultiThreadedDBTest.MultiThreaded/8
... starting thread 0
... starting thread 1
... starting thread 2
... starting thread 3
... starting thread 4
... starting thread 5
... starting thread 6
... starting thread 7
... starting thread 8
... starting thread 9
... stopping thread 3 after 21926 ops
... stopping thread 2 after 21725 ops
... stopping thread 0 after 21748 ops
... stopping thread 1 after 21813 ops
... stopping thread 7 after 21935 ops
... stopping thread 9 after 21727 ops
... stopping thread 5 after 21877 ops
... stopping thread 4 after 21758 ops
... stopping thread 6 after 21810 ops
... stopping thread 8 after 21778 ops
[       OK ] MultiThreaded/MultiThreadedDBTest.MultiThreaded/8 (10162 ms)
[ RUN      ] MultiThreaded/MultiThreadedDBTest.MultiThreaded/9
... starting thread 0
... starting thread 1
... starting thread 2
... starting thread 3
... starting thread 4
... starting thread 5
... starting thread 6
... starting thread 7
... starting thread 8
... starting thread 9
... stopping thread 7 after 21117 ops
... stopping thread 0 after 20933 ops
... stopping thread 8 after 20924 ops
... stopping thread 4 after 20912 ops
... stopping thread 3 after 21082 ops
... stopping thread 5 after 21085 ops
... stopping thread 2 after 20910 ops
... stopping thread 9 after 20860 ops
... stopping thread 1 after 21030 ops
... stopping thread 6 after 20912 ops
[       OK ] MultiThreaded/MultiThreadedDBTest.MultiThreaded/9 (10157 ms)
[ RUN      ] MultiThreaded/MultiThreadedDBTest.MultiThreaded/10
... starting thread 0
... starting thread 1
... starting thread 2
... starting thread 3
... starting thread 5
... starting thread 6
... starting thread 4
... starting thread 7
... starting thread 8
... starting thread 9
... stopping thread 1 after 20996 ops
... stopping thread 0 after 20918 ops
... stopping thread 3 after 21099 ops
... stopping thread 5 after 21017 ops
... stopping thread 6 after 20955 ops
... stopping thread 2 after 20961 ops
... stopping thread 9 after 20878 ops
... stopping thread 8 after 20939 ops
... stopping thread 4 after 20881 ops
... stopping thread 7 after 21129 ops
[       OK ] MultiThreaded/MultiThreadedDBTest.MultiThreaded/10 (10206 ms)
[ RUN      ] MultiThreaded/MultiThreadedDBTest.MultiThreaded/11
... starting thread 0
... starting thread 1
... starting thread 2
... starting thread 3
... starting thread 4
... starting thread 5
... starting thread 6
... starting thread 7
... starting thread 8
... starting thread 9
... stopping thread 1 after 21067 ops
... stopping thread 0 after 21035 ops
... stopping thread 4 after 21023 ops
... stopping thread 3 after 21098 ops
... stopping thread 2 after 20968 ops
... stopping thread 9 after 20937 ops
... stopping thread 7 after 21189 ops
... stopping thread 5 after 21058 ops
... stopping thread 6 after 20999 ops
... stopping thread 8 after 20977 ops
[       OK ] MultiThreaded/MultiThreadedDBTest.MultiThreaded/11 (10159 ms)
[ RUN      ] MultiThreaded/MultiThreadedDBTest.MultiThreaded/12
... starting thread 0
... starting thread 1
... starting thread 2
... starting thread 4
... starting thread 3
... starting thread 5
... starting thread 6
... starting thread 7
... starting thread 8
... starting thread 9
... stopping thread 0 after 21355 ops
... stopping thread 5 after 21504 ops
... stopping thread 1 after 21420 ops
... stopping thread 3 after 21524 ops
... stopping thread 9 after 21303 ops
... stopping thread 7 after 21552 ops
... stopping thread 4 after 21368 ops
... stopping thread 6 after 21368 ops
... stopping thread 2 after 21372 ops
... stopping thread 8 after 21324 ops
[       OK ] MultiThreaded/MultiThreadedDBTest.MultiThreaded/12 (10134 ms)
[ RUN      ] MultiThreaded/MultiThreadedDBTest.MultiThreaded/13
... starting thread 0
... starting thread 1
... starting thread 2
... starting thread 3
... starting thread 4
... starting thread 5
... starting thread 6
... starting thread 7
... starting thread 8
... starting thread 9
... stopping thread 6 after 21508 ops
... stopping thread 3 after 21655 ops
... stopping thread 7 after 21658 ops
... stopping thread 2 after 21455 ops
... stopping thread 0 after 21503 ops
... stopping thread 8 after 21480 ops
... stopping thread 1 after 21480 ops
... stopping thread 5 after 21594 ops
... stopping thread 9 after 21428 ops
... stopping thread 4 after 21504 ops
[       OK ] MultiThreaded/MultiThreadedDBTest.MultiThreaded/13 (10144 ms)
[ RUN      ] MultiThreaded/MultiThreadedDBTest.MultiThreaded/14
... starting thread 0
... starting thread 1
... starting thread 2
... starting thread 3
... starting thread 4
... starting thread 5
... starting thread 6
... starting thread 7
... starting thread 8
... starting thread 9
... stopping thread 9 after 1056 ops
... stopping thread 1 after 1055 ops
... stopping thread 0 after 1036 ops
... stopping thread 2 after 995 ops
... stopping thread 3 after 1047 ops
... stopping thread 7 after 1052 ops
... stopping thread 5 after 1017 ops
... stopping thread 6 after 1010 ops
... stopping thread 4 after 1048 ops
... stopping thread 8 after 1064 ops
[       OK ] MultiThreaded/MultiThreadedDBTest.MultiThreaded/14 (10178 ms)
[ RUN      ] MultiThreaded/MultiThreadedDBTest.MultiThreaded/15
... starting thread 0
... starting thread 1
... starting thread 2
... starting thread 3
... starting thread 4
... starting thread 5
... starting thread 6
... starting thread 7
... starting thread 8
... starting thread 9
... stopping thread 9 after 1049 ops
... stopping thread 0 after 1019 ops
... stopping thread 6 after 1012 ops
... stopping thread 2 after 980 ops
... stopping thread 8 after 1063 ops
... stopping thread 1 after 1051 ops
... stopping thread 7 after 1045 ops
... stopping thread 5 after 1008 ops
... stopping thread 4 after 1048 ops
... stopping thread 3 after 1034 ops
[       OK ] MultiThreaded/MultiThreadedDBTest.MultiThreaded/15 (10186 ms)
[ RUN      ] MultiThreaded/MultiThreadedDBTest.MultiThreaded/16
... starting thread 0
... starting thread 1
... starting thread 2
... starting thread 3
... starting thread 4
... starting thread 5
... starting thread 6
... starting thread 7
... starting thread 8
... starting thread 9
... stopping thread 0 after 10141 ops
... stopping thread 4 after 10213 ops
... stopping thread 9 after 10100 ops
... stopping thread 3 after 10073 ops
... stopping thread 1 after 10393 ops
... stopping thread 8 after 10022 ops
... stopping thread 6 after 10337 ops
... stopping thread 7 after 10300 ops
... stopping thread 2 after 10045 ops
... stopping thread 5 after 10233 ops
[       OK ] MultiThreaded/MultiThreadedDBTest.MultiThreaded/16 (10160 ms)
[ RUN      ] MultiThreaded/MultiThreadedDBTest.MultiThreaded/17
... starting thread 0
... starting thread 1
... starting thread 2
... starting thread 3
... starting thread 4
... starting thread 5
... starting thread 6
... starting thread 7
... starting thread 8
... starting thread 9
... stopping thread 2 after 10602 ops
... stopping thread 3 after 10624 ops
... stopping thread 4 after 10754 ops
... stopping thread 8 after 10570 ops
... stopping thread 0 after 10691 ops
... stopping thread 7 after 10829 ops
... stopping thread 9 after 10629 ops
... stopping thread 1 after 10897 ops
... stopping thread 5 after 10736 ops
... stopping thread 6 after 10825 ops
[       OK ] MultiThreaded/MultiThreadedDBTest.MultiThreaded/17 (10161 ms)
[ RUN      ] MultiThreaded/MultiThreadedDBTest.MultiThreaded/18
... starting thread 0
... starting thread 1
... starting thread 2
... starting thread 3
... starting thread 4
... starting thread 5
... starting thread 6
... starting thread 7
... starting thread 8
... starting thread 9
... stopping thread 0 after 21398 ops
... stopping thread 2 after 21389 ops
... stopping thread 5 after 21555 ops
... stopping thread 9 after 21386 ops
... stopping thread 1 after 21472 ops
... stopping thread 6 after 21427 ops
... stopping thread 4 after 21390 ops
... stopping thread 3 after 21579 ops
... stopping thread 8 after 21392 ops
... stopping thread 7 after 21570 ops
[       OK ] MultiThreaded/MultiThreadedDBTest.MultiThreaded/18 (10166 ms)
[ RUN      ] MultiThreaded/MultiThreadedDBTest.MultiThreaded/19
... starting thread 0
... starting thread 1
... starting thread 2
... starting thread 3
... starting thread 4
... starting thread 5
... starting thread 6
... starting thread 7
... starting thread 8
... starting thread 9
... stopping thread 4 after 20950 ops
... stopping thread 9 after 20955 ops
... stopping thread 1 after 21041 ops
... stopping thread 3 after 21107 ops
... stopping thread 5 after 21078 ops
... stopping thread 6 after 20981 ops
... stopping thread 8 after 21001 ops
... stopping thread 2 after 21010 ops
... stopping thread 0 after 21010 ops
... stopping thread 7 after 21162 ops
[       OK ] MultiThreaded/MultiThreadedDBTest.MultiThreaded/19 (10168 ms)
[ RUN      ] MultiThreaded/MultiThreadedDBTest.MultiThreaded/20
... starting thread 0
... starting thread 1
... starting thread 2
... starting thread 3
... starting thread 4
... starting thread 5
... starting thread 6
... starting thread 7
... starting thread 8
... starting thread 9
... stopping thread 1 after 21651 ops
... stopping thread 3 after 21765 ops
... stopping thread 4 after 21591 ops
... stopping thread 5 after 21753 ops
... stopping thread 6 after 21636 ops
... stopping thread 2 after 21607 ops
... stopping thread 7 after 21758 ops
... stopping thread 0 after 21586 ops
... stopping thread 8 after 21570 ops
... stopping thread 9 after 21510 ops
[       OK ] MultiThreaded/MultiThreadedDBTest.MultiThreaded/20 (10169 ms)
[ RUN      ] MultiThreaded/MultiThreadedDBTest.MultiThreaded/21
... starting thread 0
... starting thread 1
... starting thread 2
... starting thread 3
... starting thread 4
... starting thread 5
... starting thread 6
... starting thread 7
... starting thread 8
... starting thread 9
... stopping thread 2 after 21444 ops
... stopping thread 0 after 21430 ops
... stopping thread 6 after 21464 ops
... stopping thread 7 after 21588 ops
... stopping thread 1 after 21488 ops
... stopping thread 5 after 21520 ops
... stopping thread 4 after 21408 ops
... stopping thread 3 after 21616 ops
... stopping thread 9 after 21405 ops
... stopping thread 8 after 21422 ops
[       OK ] MultiThreaded/MultiThreadedDBTest.MultiThreaded/21 (10176 ms)
[ RUN      ] MultiThreaded/MultiThreadedDBTest.MultiThreaded/22
... starting thread 0
... starting thread 2
... starting thread 1
... starting thread 3
... starting thread 4
... starting thread 5
... starting thread 6
... starting thread 7
... starting thread 8
... starting thread 9
... stopping thread 5 after 21873 ops
... stopping thread 1 after 21773 ops
... stopping thread 3 after 21935 ops
... stopping thread 6 after 21712 ops
... stopping thread 0 after 21736 ops
... stopping thread 4 after 21712 ops
... stopping thread 9 after 21724 ops
... stopping thread 8 after 21736 ops
... stopping thread 2 after 21725 ops
... stopping thread 7 after 21871 ops
[       OK ] MultiThreaded/MultiThreadedDBTest.MultiThreaded/22 (10190 ms)
[ RUN      ] MultiThreaded/MultiThreadedDBTest.MultiThreaded/23
... starting thread 0
... starting thread 1
... starting thread 2
... starting thread 3
... starting thread 4
... starting thread 5
... starting thread 6
... starting thread 7
... starting thread 8
... starting thread 9
... stopping thread 4 after 21680 ops
... stopping thread 8 after 21702 ops
... stopping thread 0 after 21706 ops
... stopping thread 2 after 21680 ops
... stopping thread 1 after 21795 ops
... stopping thread 9 after 21690 ops
... stopping thread 5 after 21821 ops
... stopping thread 7 after 21912 ops
... stopping thread 6 after 21713 ops
... stopping thread 3 after 21860 ops
[       OK ] MultiThreaded/MultiThreadedDBTest.MultiThreaded/23 (10180 ms)
[ RUN      ] MultiThreaded/MultiThreadedDBTest.MultiThreaded/24
... starting thread 0
... starting thread 1
... starting thread 2
... starting thread 3
... starting thread 4
... starting thread 6
... starting thread 5
... starting thread 7
... starting thread 8
... starting thread 9
... stopping thread 0 after 21158 ops
... stopping thread 5 after 21220 ops
... stopping thread 2 after 21060 ops
... stopping thread 3 after 21257 ops
... stopping thread 1 after 21144 ops
... stopping thread 6 after 21141 ops
... stopping thread 7 after 21290 ops
... stopping thread 4 after 21091 ops
... stopping thread 9 after 21038 ops
... stopping thread 8 after 21067 ops
[       OK ] MultiThreaded/MultiThreadedDBTest.MultiThreaded/24 (10195 ms)
[ RUN      ] MultiThreaded/MultiThreadedDBTest.MultiThreaded/25
... starting thread 0
... starting thread 1
... starting thread 2
... starting thread 3
... starting thread 4
... starting thread 5
... starting thread 6
... starting thread 7
... starting thread 8
... starting thread 9
... stopping thread 2 after 21520 ops
... stopping thread 5 after 21660 ops
... stopping thread 3 after 21676 ops
... stopping thread 0 after 21510 ops
... stopping thread 9 after 21449 ops
... stopping thread 8 after 21545 ops
... stopping thread 6 after 21539 ops
... stopping thread 7 after 21729 ops
... stopping thread 4 after 21493 ops
... stopping thread 1 after 21552 ops
[       OK ] MultiThreaded/MultiThreadedDBTest.MultiThreaded/25 (10164 ms)
[ RUN      ] MultiThreaded/MultiThreadedDBTest.MultiThreaded/26
... starting thread 0
... starting thread 1
... starting thread 2
... starting thread 3
... starting thread 4
... starting thread 5
... starting thread 6
... starting thread 7
... starting thread 8
... starting thread 9
... stopping thread 0 after 21203 ops
... stopping thread 2 after 21196 ops
... stopping thread 6 after 21200 ops
... stopping thread 1 after 21246 ops
... stopping thread 4 after 21174 ops
... stopping thread 9 after 21093 ops
... stopping thread 5 after 21360 ops
... stopping thread 7 after 21376 ops
... stopping thread 3 after 21320 ops
... stopping thread 8 after 21176 ops
[       OK ] MultiThreaded/MultiThreadedDBTest.MultiThreaded/26 (10186 ms)
[ RUN      ] MultiThreaded/MultiThreadedDBTest.MultiThreaded/27
... starting thread 0
... starting thread 1
... starting thread 2
... starting thread 3
... starting thread 4
... starting thread 5
... starting thread 6
... starting thread 7
... starting thread 8
... starting thread 9
... stopping thread 2 after 20833 ops
... stopping thread 1 after 20940 ops
... stopping thread 0 after 20864 ops
... stopping thread 5 after 20954 ops
... stopping thread 9 after 20826 ops
... stopping thread 4 after 20883 ops
... stopping thread 3 after 21008 ops
... stopping thread 6 after 20891 ops
... stopping thread 7 after 21058 ops
... stopping thread 8 after 20901 ops
[       OK ] MultiThreaded/MultiThreadedDBTest.MultiThreaded/27 (10217 ms)
[ RUN      ] MultiThreaded/MultiThreadedDBTest.MultiThreaded/28
... starting thread 0
... starting thread 1
... starting thread 2
... starting thread 3
... starting thread 4
... starting thread 5
... starting thread 6
... starting thread 7
... starting thread 8
... starting thread 9
... stopping thread 1 after 21316 ops
... stopping thread 5 after 21422 ops
... stopping thread 3 after 21436 ops
... stopping thread 0 after 21323 ops
... stopping thread 2 after 21267 ops
... stopping thread 4 after 21296 ops
... stopping thread 7 after 21508 ops
... stopping thread 8 after 21286 ops
... stopping thread 9 after 21270 ops
... stopping thread 6 after 21291 ops
[       OK ] MultiThreaded/MultiThreadedDBTest.MultiThreaded/28 (10179 ms)
[ RUN      ] MultiThreaded/MultiThreadedDBTest.MultiThreaded/29
... starting thread 0
... starting thread 1
... starting thread 2
... starting thread 3
... starting thread 4
... starting thread 5
... starting thread 6
... starting thread 7
... starting thread 8
... starting thread 9
... stopping thread 5 after 20932 ops
... stopping thread 1 after 20838 ops
... stopping thread 7 after 20997 ops
... stopping thread 6 after 20823 ops
... stopping thread 4 after 20771 ops
... stopping thread 2 after 20832 ops
... stopping thread 3 after 20957 ops
... stopping thread 0 after 20820 ops
... stopping thread 8 after 20828 ops
... stopping thread 9 after 20731 ops
[       OK ] MultiThreaded/MultiThreadedDBTest.MultiThreaded/29 (10189 ms)
[ RUN      ] MultiThreaded/MultiThreadedDBTest.MultiThreaded/30
... starting thread 0
... starting thread 1
... starting thread 2
... starting thread 3
... starting thread 4
... starting thread 5
... starting thread 6
... starting thread 7
... starting thread 8
... starting thread 9
... stopping thread 0 after 22069 ops
... stopping thread 3 after 22230 ops
... stopping thread 7 after 22280 ops
... stopping thread 6 after 22154 ops
... stopping thread 8 after 22159 ops
... stopping thread 4 after 22074 ops
... stopping thread 1 after 22157 ops
... stopping thread 5 after 22237 ops
... stopping thread 2 after 22080 ops
... stopping thread 9 after 22082 ops
[       OK ] MultiThreaded/MultiThreadedDBTest.MultiThreaded/30 (10151 ms)
[ RUN      ] MultiThreaded/MultiThreadedDBTest.MultiThreaded/31
... starting thread 0
... starting thread 1
... starting thread 2
... starting thread 3
... starting thread 4
... starting thread 5
... starting thread 6
... starting thread 8
... starting thread 7
... starting thread 9
... stopping thread 2 after 21410 ops
... stopping thread 8 after 21413 ops
... stopping thread 0 after 21457 ops
... stopping thread 7 after 21635 ops
... stopping thread 9 after 21389 ops
... stopping thread 3 after 21578 ops
... stopping thread 6 after 21407 ops
... stopping thread 1 after 21466 ops
... stopping thread 5 after 21522 ops
... stopping thread 4 after 21388 ops
[       OK ] MultiThreaded/MultiThreadedDBTest.MultiThreaded/31 (10193 ms)
[ RUN      ] MultiThreaded/MultiThreadedDBTest.MultiThreaded/32
... starting thread 0
... starting thread 1
... starting thread 2
... starting thread 3
... starting thread 4
... starting thread 5
... starting thread 6
... starting thread 7
... starting thread 8
... starting thread 9
... stopping thread 2 after 21468 ops
... stopping thread 4 after 21473 ops
... stopping thread 0 after 21499 ops
... stopping thread 7 after 21639 ops
... stopping thread 3 after 21657 ops
... stopping thread 8 after 21453 ops
... stopping thread 9 after 21434 ops
... stopping thread 1 after 21512 ops
... stopping thread 6 after 21501 ops
... stopping thread 5 after 21585 ops
[       OK ] MultiThreaded/MultiThreadedDBTest.MultiThreaded/32 (10204 ms)
[ RUN      ] MultiThreaded/MultiThreadedDBTest.MultiThreaded/33
... starting thread 0
... starting thread 1
... starting thread 2
... starting thread 3
... starting thread 4
... starting thread 5
... starting thread 6
... starting thread 7
... starting thread 8
... starting thread 9
... stopping thread 5 after 21781 ops
... stopping thread 3 after 21859 ops
... stopping thread 1 after 21751 ops
... stopping thread 2 after 21633 ops
... stopping thread 6 after 21683 ops
... stopping thread 0 after 21651 ops
... stopping thread 9 after 21656 ops
... stopping thread 4 after 21644 ops
... stopping thread 8 after 21645 ops
... stopping thread 7 after 21867 ops
[       OK ] MultiThreaded/MultiThreadedDBTest.MultiThreaded/33 (10178 ms)
[ RUN      ] MultiThreaded/MultiThreadedDBTest.MultiThreaded/34
... starting thread 0
... starting thread 1
... starting thread 2
... starting thread 3
... starting thread 4
... starting thread 5
... starting thread 6
... starting thread 7
... starting thread 8
... starting thread 9
... stopping thread 4 after 21389 ops
... stopping thread 2 after 21381 ops
... stopping thread 0 after 21381 ops
... stopping thread 6 after 21335 ops
... stopping thread 5 after 21485 ops
... stopping thread 1 after 21415 ops
... stopping thread 3 after 21519 ops
... stopping thread 7 after 21556 ops
... stopping thread 9 after 21296 ops
... stopping thread 8 after 21317 ops
[       OK ] MultiThreaded/MultiThreadedDBTest.MultiThreaded/34 (10164 ms)
[ RUN      ] MultiThreaded/MultiThreadedDBTest.MultiThreaded/35
... starting thread 0
... starting thread 2
... starting thread 1
... starting thread 3
... starting thread 4
... starting thread 5
... starting thread 6
... starting thread 7
... starting thread 8
... starting thread 9
... stopping thread 1 after 21786 ops
... stopping thread 6 after 21753 ops
... stopping thread 5 after 21879 ops
... stopping thread 2 after 21711 ops
... stopping thread 0 after 21731 ops
... stopping thread 9 after 21685 ops
... stopping thread 4 after 21719 ops
... stopping thread 7 after 21888 ops
... stopping thread 3 after 21923 ops
... stopping thread 8 after 21727 ops
[       OK ] MultiThreaded/MultiThreadedDBTest.MultiThreaded/35 (10192 ms)
[ RUN      ] MultiThreaded/MultiThreadedDBTest.MultiThreaded/36
... starting thread 0
... starting thread 1
... starting thread 2
... starting thread 3
... starting thread 4
... starting thread 5
... starting thread 6
... starting thread 7
... starting thread 8
... starting thread 9
... stopping thread 0 after 5693 ops
... stopping thread 8 after 5576 ops
... stopping thread 2 after 5562 ops
... stopping thread 5 after 5679 ops
... stopping thread 1 after 5831 ops
... stopping thread 7 after 5718 ops
... stopping thread 6 after 5822 ops
... stopping thread 4 after 5669 ops
... stopping thread 3 after 5730 ops
... stopping thread 9 after 5620 ops
[       OK ] MultiThreaded/MultiThreadedDBTest.MultiThreaded/36 (10175 ms)
[ RUN      ] MultiThreaded/MultiThreadedDBTest.MultiThreaded/37
... starting thread 0
... starting thread 1
... starting thread 2
... starting thread 3
... starting thread 4
... starting thread 5
... starting thread 6
... starting thread 7
... starting thread 8
... starting thread 9
... stopping thread 4 after 5856 ops
... stopping thread 9 after 5791 ops
... stopping thread 5 after 5865 ops
... stopping thread 0 after 5879 ops
... stopping thread 1 after 6022 ops
... stopping thread 7 after 5904 ops
... stopping thread 6 after 5980 ops
... stopping thread 8 after 5729 ops
... stopping thread 3 after 5900 ops
... stopping thread 2 after 5738 ops
[       OK ] MultiThreaded/MultiThreadedDBTest.MultiThreaded/37 (10179 ms)
[ RUN      ] MultiThreaded/MultiThreadedDBTest.MultiThreaded/38
... starting thread 0
... starting thread 1
... starting thread 2
... starting thread 3
... starting thread 4
... starting thread 5
... starting thread 6
... starting thread 7
... starting thread 8
... starting thread 9
... stopping thread 0 after 21644 ops
... stopping thread 4 after 21601 ops
... stopping thread 1 after 21669 ops
... stopping thread 3 after 21838 ops
... stopping thread 7 after 21819 ops
... stopping thread 2 after 21646 ops
... stopping thread 5 after 21781 ops
... stopping thread 6 after 21662 ops
... stopping thread 8 after 21648 ops
... stopping thread 9 after 21574 ops
[       OK ] MultiThreaded/MultiThreadedDBTest.MultiThreaded/38 (10182 ms)
[ RUN      ] MultiThreaded/MultiThreadedDBTest.MultiThreaded/39
... starting thread 0
... starting thread 1
... starting thread 2
... starting thread 3
... starting thread 4
... starting thread 5
... starting thread 6
... starting thread 7
... starting thread 8
... starting thread 9
... stopping thread 2 after 22006 ops
... stopping thread 0 after 21989 ops
... stopping thread 1 after 22064 ops
... stopping thread 6 after 22101 ops
... stopping thread 5 after 22227 ops
... stopping thread 8 after 22000 ops
... stopping thread 3 after 22166 ops
... stopping thread 9 after 21983 ops
... stopping thread 7 after 22166 ops
... stopping thread 4 after 22019 ops
[       OK ] MultiThreaded/MultiThreadedDBTest.MultiThreaded/39 (10172 ms)
[ RUN      ] MultiThreaded/MultiThreadedDBTest.MultiThreaded/40
... starting thread 0
... starting thread 1
... starting thread 2
... starting thread 3
... starting thread 4
... starting thread 5
... starting thread 6
... starting thread 7
... starting thread 8
... starting thread 9
... stopping thread 0 after 22066 ops
... stopping thread 4 after 22036 ops
... stopping thread 5 after 22208 ops
... stopping thread 7 after 22231 ops
... stopping thread 2 after 22044 ops
... stopping thread 1 after 22119 ops
... stopping thread 3 after 22227 ops
... stopping thread 9 after 22046 ops
... stopping thread 6 after 22141 ops
... stopping thread 8 after 22094 ops
[       OK ] MultiThreaded/MultiThreadedDBTest.MultiThreaded/40 (10180 ms)
[ RUN      ] MultiThreaded/MultiThreadedDBTest.MultiThreaded/41
... starting thread 0
... starting thread 1
... starting thread 2
... starting thread 3
... starting thread 4
... starting thread 5
... starting thread 6
... starting thread 7
... starting thread 8
... starting thread 9
... stopping thread 1 after 21736 ops
... stopping thread 4 after 21620 ops
... stopping thread 6 after 21689 ops
... stopping thread 0 after 21690 ops
... stopping thread 2 after 21650 ops
... stopping thread 3 after 21849 ops
... stopping thread 7 after 21885 ops
... stopping thread 9 after 21632 ops
... stopping thread 5 after 21774 ops
... stopping thread 8 after 21663 ops
[       OK ] MultiThreaded/MultiThreadedDBTest.MultiThreaded/41 (10178 ms)
[ RUN      ] MultiThreaded/MultiThreadedDBTest.MultiThreaded/42
... starting thread 0
... starting thread 1
... starting thread 2
... starting thread 3
... starting thread 4
... starting thread 5
... starting thread 6
... starting thread 7
... starting thread 8
... starting thread 9
... stopping thread 3 after 21860 ops
... stopping thread 0 after 21679 ops
... stopping thread 5 after 21804 ops
... stopping thread 4 after 21666 ops
... stopping thread 1 after 21718 ops
... stopping thread 8 after 21670 ops
... stopping thread 6 after 21667 ops
... stopping thread 2 after 21677 ops
... stopping thread 7 after 21851 ops
... stopping thread 9 after 21610 ops
[       OK ] MultiThreaded/MultiThreadedDBTest.MultiThreaded/42 (10171 ms)
[ RUN      ] MultiThreaded/MultiThreadedDBTest.MultiThreaded/43
... starting thread 0
... starting thread 1
... starting thread 2
... starting thread 3
... starting thread 4
... starting thread 5
... starting thread 6
... starting thread 7
... starting thread 8
... starting thread 9
... stopping thread 4 after 21238 ops
... stopping thread 1 after 21319 ops
... stopping thread 6 after 21290 ops
... stopping thread 2 after 21254 ops
... stopping thread 7 after 21491 ops
... stopping thread 5 after 21401 ops
... stopping thread 9 after 21223 ops
... stopping thread 8 after 21239 ops
... stopping thread 3 after 21412 ops
... stopping thread 0 after 21289 ops
[       OK ] MultiThreaded/MultiThreadedDBTest.MultiThreaded/43 (10174 ms)
[ RUN      ] MultiThreaded/MultiThreadedDBTest.MultiThreaded/44
... starting thread 0
... starting thread 1
... starting thread 2
... starting thread 3
... starting thread 4
... starting thread 5
... starting thread 6
... starting thread 7
... starting thread 8
... starting thread 9
... stopping thread 2 after 22009 ops
... stopping thread 5 after 22228 ops
... stopping thread 8 after 22035 ops
... stopping thread 4 after 22064 ops
... stopping thread 6 after 22148 ops
... stopping thread 1 after 22157 ops
... stopping thread 7 after 22252 ops
... stopping thread 0 after 22083 ops
... stopping thread 9 after 22060 ops
... stopping thread 3 after 22237 ops
[       OK ] MultiThreaded/MultiThreadedDBTest.MultiThreaded/44 (10183 ms)
[ RUN      ] MultiThreaded/MultiThreadedDBTest.MultiThreaded/45
... starting thread 0
... starting thread 1
... starting thread 2
... starting thread 3
... starting thread 4
... starting thread 5
... starting thread 6
... starting thread 7
... starting thread 8
... starting thread 9
... stopping thread 0 after 21672 ops
... stopping thread 5 after 21840 ops
... stopping thread 7 after 21892 ops
... stopping thread 2 after 21644 ops
... stopping thread 3 after 21861 ops
... stopping thread 6 after 21720 ops
... stopping thread 4 after 21661 ops
... stopping thread 9 after 21666 ops
... stopping thread 1 after 21752 ops
... stopping thread 8 after 21705 ops
[       OK ] MultiThreaded/MultiThreadedDBTest.MultiThreaded/45 (10211 ms)
[ RUN      ] MultiThreaded/MultiThreadedDBTest.MultiThreaded/46
... starting thread 0
... starting thread 1
... starting thread 2
... starting thread 3
... starting thread 4
... starting thread 5
... starting thread 6
... starting thread 7
... starting thread 8
... starting thread 9
... stopping thread 2 after 21830 ops
... stopping thread 6 after 21882 ops
... stopping thread 8 after 21918 ops
... stopping thread 0 after 21892 ops
... stopping thread 5 after 22012 ops
... stopping thread 3 after 22078 ops
... stopping thread 7 after 22022 ops
... stopping thread 1 after 21955 ops
... stopping thread 4 after 21879 ops
... stopping thread 9 after 21861 ops
[       OK ] MultiThreaded/MultiThreadedDBTest.MultiThreaded/46 (10170 ms)
[ RUN      ] MultiThreaded/MultiThreadedDBTest.MultiThreaded/47
... starting thread 0
... starting thread 1
... starting thread 2
... starting thread 3
... starting thread 4
... starting thread 5
... starting thread 6
... starting thread 7
... starting thread 8
... starting thread 9
... stopping thread 1 after 22202 ops
... stopping thread 2 after 22129 ops
... stopping thread 3 after 22325 ops
... stopping thread 0 after 22152 ops
... stopping thread 4 after 22166 ops
... stopping thread 7 after 22331 ops
... stopping thread 8 after 22171 ops
... stopping thread 6 after 22146 ops
... stopping thread 9 after 22105 ops
... stopping thread 5 after 22265 ops
[       OK ] MultiThreaded/MultiThreadedDBTest.MultiThreaded/47 (10189 ms)
[ RUN      ] MultiThreaded/MultiThreadedDBTest.MultiThreaded/48
... starting thread 0
... starting thread 1
... starting thread 2
... starting thread 3
... starting thread 4
... starting thread 5
... starting thread 6
... starting thread 7
... starting thread 8
... starting thread 9
... stopping thread 8 after 22076 ops
... stopping thread 1 after 22142 ops
... stopping thread 0 after 22049 ops
... stopping thread 7 after 22239 ops
... stopping thread 4 after 22031 ops
... stopping thread 2 after 22083 ops
... stopping thread 5 after 22237 ops
... stopping thread 6 after 22130 ops
... stopping thread 9 after 22032 ops
... stopping thread 3 after 22227 ops
[       OK ] MultiThreaded/MultiThreadedDBTest.MultiThreaded/48 (10190 ms)
[ RUN      ] MultiThreaded/MultiThreadedDBTest.MultiThreaded/49
... starting thread 0
... starting thread 1
... starting thread 2
... starting thread 3
... starting thread 4
... starting thread 5
... starting thread 6
... starting thread 7
... starting thread 8
... starting thread 9
... stopping thread 2 after 21745 ops
... stopping thread 3 after 21930 ops
... stopping thread 1 after 21840 ops
... stopping thread 4 after 21739 ops
... stopping thread 0 after 21784 ops
... stopping thread 9 after 21724 ops
... stopping thread 6 after 21826 ops
... stopping thread 7 after 21912 ops
... stopping thread 5 after 21877 ops
... stopping thread 8 after 21766 ops
[       OK ] MultiThreaded/MultiThreadedDBTest.MultiThreaded/49 (10165 ms)
[ RUN      ] MultiThreaded/MultiThreadedDBTest.MultiThreaded/50
... starting thread 0
... starting thread 1
... starting thread 2
... starting thread 3
... starting thread 4
... starting thread 5
... starting thread 6
... starting thread 7
... starting thread 8
... starting thread 9
... stopping thread 2 after 22027 ops
... stopping thread 0 after 22083 ops
... stopping thread 1 after 22114 ops
... stopping thread 6 after 22146 ops
... stopping thread 5 after 22261 ops
... stopping thread 9 after 22095 ops
... stopping thread 7 after 22267 ops
... stopping thread 3 after 22249 ops
... stopping thread 8 after 22148 ops
... stopping thread 4 after 22085 ops
[       OK ] MultiThreaded/MultiThreadedDBTest.MultiThreaded/50 (10205 ms)
[ RUN      ] MultiThreaded/MultiThreadedDBTest.MultiThreaded/51
... starting thread 0
... starting thread 1
... starting thread 2
... starting thread 3
... starting thread 4
... starting thread 5
... starting thread 6
... starting thread 7
... starting thread 8
... starting thread 9
... stopping thread 1 after 21222 ops
... stopping thread 0 after 21131 ops
... stopping thread 7 after 21379 ops
... stopping thread 9 after 21102 ops
... stopping thread 5 after 21238 ops
... stopping thread 4 after 21119 ops
... stopping thread 3 after 21329 ops
... stopping thread 8 after 21168 ops
... stopping thread 6 after 21181 ops
... stopping thread 2 after 21148 ops
[       OK ] MultiThreaded/MultiThreadedDBTest.MultiThreaded/51 (10197 ms)
[ RUN      ] MultiThreaded/MultiThreadedDBTest.MultiThreaded/52
... starting thread 0
... starting thread 1
... starting thread 2
... starting thread 3
... starting thread 4
... starting thread 5
... starting thread 6
... starting thread 7
... starting thread 8
... starting thread 9
... stopping thread 2 after 21274 ops
... stopping thread 1 after 21391 ops
... stopping thread 4 after 21297 ops
... stopping thread 5 after 21446 ops
... stopping thread 3 after 21420 ops
... stopping thread 0 after 21291 ops
... stopping thread 8 after 21277 ops
... stopping thread 6 after 21308 ops
... stopping thread 7 after 21495 ops
... stopping thread 9 after 21237 ops
[       OK ] MultiThreaded/MultiThreadedDBTest.MultiThreaded/52 (10170 ms)
[ RUN      ] MultiThreaded/MultiThreadedDBTest.MultiThreaded/53
... starting thread 0
... starting thread 2
... starting thread 1
... starting thread 3
... starting thread 4
... starting thread 5
... starting thread 6
... starting thread 7
... starting thread 8
... starting thread 9
... stopping thread 3 after 21533 ops
... stopping thread 0 after 21376 ops
... stopping thread 4 after 21397 ops
... stopping thread 5 after 21464 ops
... stopping thread 2 after 21327 ops
... stopping thread 9 after 21308 ops
... stopping thread 1 after 21409 ops
... stopping thread 8 after 21315 ops
... stopping thread 7 after 21514 ops
... stopping thread 6 after 21330 ops
[       OK ] MultiThreaded/MultiThreadedDBTest.MultiThreaded/53 (10166 ms)
[ RUN      ] MultiThreaded/MultiThreadedDBTest.MultiThreaded/54
... starting thread 0
... starting thread 1
... starting thread 2
... starting thread 3
... starting thread 4
... starting thread 5
... starting thread 6
... starting thread 7
... starting thread 8
... starting thread 9
... stopping thread 1 after 22246 ops
... stopping thread 0 after 22147 ops
... stopping thread 6 after 22248 ops
... stopping thread 5 after 22322 ops
... stopping thread 3 after 22335 ops
... stopping thread 7 after 22339 ops
... stopping thread 4 after 22123 ops
... stopping thread 2 after 22156 ops
... stopping thread 9 after 22148 ops
... stopping thread 8 after 22224 ops
[       OK ] MultiThreaded/MultiThreadedDBTest.MultiThreaded/54 (10172 ms)
[ RUN      ] MultiThreaded/MultiThreadedDBTest.MultiThreaded/55
... starting thread 0
... starting thread 1
... starting thread 2
... starting thread 3
... starting thread 4
... starting thread 5
... starting thread 6
... starting thread 7
... starting thread 8
... starting thread 9
... stopping thread 0 after 22162 ops
... stopping thread 1 after 22219 ops
... stopping thread 4 after 22073 ops
... stopping thread 9 after 22102 ops
... stopping thread 7 after 22267 ops
... stopping thread 2 after 22083 ops
... stopping thread 8 after 22178 ops
... stopping thread 5 after 22298 ops
... stopping thread 3 after 22290 ops
... stopping thread 6 after 22171 ops
[       OK ] MultiThreaded/MultiThreadedDBTest.MultiThreaded/55 (10185 ms)
[ RUN      ] MultiThreaded/MultiThreadedDBTest.MultiThreaded/56
[       OK ] MultiThreaded/MultiThreadedDBTest.MultiThreaded/56 (15 ms)
[ RUN      ] MultiThreaded/MultiThreadedDBTest.MultiThreaded/57
[       OK ] MultiThreaded/MultiThreadedDBTest.MultiThreaded/57 (11 ms)
[ RUN      ] MultiThreaded/MultiThreadedDBTest.MultiThreaded/58
... starting thread 0
... starting thread 2
... starting thread 1
... starting thread 3
... starting thread 4
... starting thread 5
... starting thread 6
... starting thread 7
... starting thread 8
... starting thread 9
... stopping thread 1 after 24796 ops
... stopping thread 0 after 24739 ops
... stopping thread 2 after 24759 ops
... stopping thread 7 after 24859 ops
... stopping thread 5 after 24869 ops
... stopping thread 8 after 24772 ops
... stopping thread 6 after 24772 ops
... stopping thread 3 after 24902 ops
... stopping thread 9 after 24711 ops
... stopping thread 4 after 24769 ops
[       OK ] MultiThreaded/MultiThreadedDBTest.MultiThreaded/58 (10148 ms)
[ RUN      ] MultiThreaded/MultiThreadedDBTest.MultiThreaded/59
... starting thread 0
... starting thread 1
... starting thread 2
... starting thread 3
... starting thread 4
... starting thread 5
... starting thread 6
... starting thread 7
... starting thread 8
... starting thread 9
... stopping thread 0 after 24710 ops
... stopping thread 6 after 24814 ops
... stopping thread 3 after 24823 ops
... stopping thread 1 after 24751 ops
... stopping thread 4 after 24734 ops
... stopping thread 2 after 24765 ops
... stopping thread 9 after 24642 ops
... stopping thread 5 after 24786 ops
... stopping thread 7 after 24886 ops
... stopping thread 8 after 24695 ops
[       OK ] MultiThreaded/MultiThreadedDBTest.MultiThreaded/59 (10163 ms)
[ RUN      ] MultiThreaded/MultiThreadedDBTest.MultiThreaded/60
... starting thread 0
... starting thread 1
... starting thread 2
... starting thread 3
... starting thread 4
... starting thread 5
... starting thread 6
... starting thread 7
... starting thread 8
... starting thread 9
... stopping thread 1 after 21740 ops
... stopping thread 3 after 21837 ops
... stopping thread 2 after 21679 ops
... stopping thread 6 after 21684 ops
... stopping thread 4 after 21643 ops
... stopping thread 8 after 21712 ops
... stopping thread 9 after 21672 ops
... stopping thread 0 after 21690 ops
... stopping thread 7 after 21879 ops
... stopping thread 5 after 21828 ops
[       OK ] MultiThreaded/MultiThreadedDBTest.MultiThreaded/60 (10181 ms)
[ RUN      ] MultiThreaded/MultiThreadedDBTest.MultiThreaded/61
... starting thread 0
... starting thread 1
... starting thread 2
... starting thread 3
... starting thread 4
... starting thread 5
... starting thread 6
... starting thread 7
... starting thread 8
... starting thread 9
... stopping thread 3 after 22067 ops
... stopping thread 1 after 21991 ops
... stopping thread 5 after 22111 ops
... stopping thread 0 after 21900 ops
... stopping thread 4 after 21941 ops
... stopping thread 6 after 21919 ops
... stopping thread 2 after 21897 ops
... stopping thread 8 after 21873 ops
... stopping thread 9 after 21886 ops
... stopping thread 7 after 22080 ops
[       OK ] MultiThreaded/MultiThreadedDBTest.MultiThreaded/61 (10171 ms)
[ RUN      ] MultiThreaded/MultiThreadedDBTest.MultiThreaded/62
... starting thread 0
... starting thread 1
... starting thread 2
... starting thread 3
... starting thread 4
... starting thread 5
... starting thread 6
... starting thread 7
... starting thread 8
... starting thread 9
... stopping thread 0 after 22111 ops
... stopping thread 1 after 22157 ops
... stopping thread 2 after 22096 ops
... stopping thread 3 after 22317 ops
... stopping thread 5 after 22264 ops
... stopping thread 6 after 22171 ops
... stopping thread 8 after 22172 ops
... stopping thread 9 after 22114 ops
... stopping thread 4 after 22102 ops
... stopping thread 7 after 22292 ops
[       OK ] MultiThreaded/MultiThreadedDBTest.MultiThreaded/62 (10174 ms)
[ RUN      ] MultiThreaded/MultiThreadedDBTest.MultiThreaded/63
... starting thread 0
... starting thread 1
... starting thread 2
... starting thread 3
... starting thread 4
... starting thread 5
... starting thread 6
... starting thread 7
... starting thread 8
... starting thread 9
... stopping thread 8 after 21323 ops
... stopping thread 1 after 21455 ops
... stopping thread 4 after 21418 ops
... stopping thread 6 after 21414 ops
... stopping thread 0 after 21375 ops
... stopping thread 2 after 21352 ops
... stopping thread 7 after 21623 ops
... stopping thread 5 after 21516 ops
... stopping thread 9 after 21328 ops
... stopping thread 3 after 21514 ops
[       OK ] MultiThreaded/MultiThreadedDBTest.MultiThreaded/63 (10169 ms)
[ RUN      ] MultiThreaded/MultiThreadedDBTest.MultiThreaded/64
... starting thread 0
... starting thread 1
... starting thread 2
... starting thread 3
... starting thread 4
... starting thread 5
... starting thread 6
... starting thread 7
... starting thread 8
... starting thread 9
... stopping thread 4 after 21678 ops
... stopping thread 3 after 21882 ops
... stopping thread 0 after 21679 ops
... stopping thread 1 after 21794 ops
... stopping thread 7 after 21933 ops
... stopping thread 2 after 21679 ops
... stopping thread 8 after 21699 ops
... stopping thread 5 after 21833 ops
... stopping thread 6 after 21680 ops
... stopping thread 9 after 21658 ops
[       OK ] MultiThreaded/MultiThreadedDBTest.MultiThreaded/64 (10180 ms)
[ RUN      ] MultiThreaded/MultiThreadedDBTest.MultiThreaded/65
... starting thread 0
... starting thread 1
... starting thread 2
... starting thread 3
... starting thread 4
... starting thread 5
... starting thread 6
... starting thread 7
... starting thread 8
... starting thread 9
... stopping thread 2 after 21917 ops
... stopping thread 1 after 22007 ops
... stopping thread 3 after 22113 ops
... stopping thread 4 after 21906 ops
... stopping thread 6 after 22001 ops
... stopping thread 0 after 21947 ops
... stopping thread 5 after 22047 ops
... stopping thread 8 after 21911 ops
... stopping thread 7 after 22137 ops
... stopping thread 9 after 21894 ops
[       OK ] MultiThreaded/MultiThreadedDBTest.MultiThreaded/65 (10197 ms)
[ RUN      ] MultiThreaded/MultiThreadedDBTest.MultiThreaded/66
... starting thread 0
... starting thread 1
... starting thread 2
... starting thread 3
... starting thread 4
... starting thread 5
... starting thread 6
... starting thread 7
... starting thread 8
... starting thread 9
... stopping thread 1 after 22110 ops
... stopping thread 2 after 22020 ops
... stopping thread 5 after 22128 ops
... stopping thread 4 after 21982 ops
... stopping thread 8 after 21997 ops
... stopping thread 6 after 22069 ops
... stopping thread 0 after 22008 ops
... stopping thread 9 after 22018 ops
... stopping thread 3 after 22192 ops
... stopping thread 7 after 22176 ops
[       OK ] MultiThreaded/MultiThreadedDBTest.MultiThreaded/66 (10172 ms)
[ RUN      ] MultiThreaded/MultiThreadedDBTest.MultiThreaded/67
... starting thread 0
... starting thread 1
... starting thread 2
... starting thread 3
... starting thread 4
... starting thread 5
... starting thread 6
... starting thread 7
... starting thread 8
... starting thread 9
... stopping thread 2 after 21772 ops
... stopping thread 4 after 21693 ops
... stopping thread 0 after 21764 ops
... stopping thread 6 after 21754 ops
... stopping thread 1 after 21808 ops
... stopping thread 3 after 21893 ops
... stopping thread 5 after 21898 ops
... stopping thread 7 after 21912 ops
... stopping thread 8 after 21788 ops
... stopping thread 9 after 21718 ops
[       OK ] MultiThreaded/MultiThreadedDBTest.MultiThreaded/67 (10178 ms)
[ RUN      ] MultiThreaded/MultiThreadedDBTest.MultiThreaded/68
... starting thread 0
... starting thread 1
... starting thread 2
... starting thread 3
... starting thread 4
... starting thread 5
... starting thread 6
... starting thread 7
... starting thread 8
... starting thread 9
... stopping thread 1 after 22021 ops
... stopping thread 6 after 22058 ops
... stopping thread 0 after 21965 ops
... stopping thread 2 after 21962 ops
... stopping thread 3 after 22161 ops
... stopping thread 9 after 21952 ops
... stopping thread 4 after 21929 ops
... stopping thread 7 after 22154 ops
... stopping thread 5 after 22142 ops
... stopping thread 8 after 22036 ops
[       OK ] MultiThreaded/MultiThreadedDBTest.MultiThreaded/68 (10161 ms)
[ RUN      ] MultiThreaded/MultiThreadedDBTest.MultiThreaded/69
... starting thread 0
... starting thread 1
... starting thread 2
... starting thread 3
... starting thread 4
... starting thread 5
... starting thread 6
... starting thread 7
... starting thread 8
... starting thread 9
... stopping thread 0 after 21941 ops
... stopping thread 2 after 21964 ops
... stopping thread 1 after 22062 ops
... stopping thread 6 after 22079 ops
... stopping thread 3 after 22173 ops
... stopping thread 9 after 21980 ops
... stopping thread 7 after 22170 ops
... stopping thread 4 after 21956 ops
... stopping thread 5 after 22148 ops
... stopping thread 8 after 22000 ops
[       OK ] MultiThreaded/MultiThreadedDBTest.MultiThreaded/69 (10171 ms)
[ RUN      ] MultiThreaded/MultiThreadedDBTest.MultiThreaded/70
... starting thread 0
... starting thread 1
... starting thread 2
... starting thread 3
... starting thread 4
... starting thread 5
... starting thread 6
... starting thread 7
... starting thread 8
... starting thread 9
... stopping thread 7 after 22433 ops
... stopping thread 1 after 22347 ops
... stopping thread 2 after 22246 ops
... stopping thread 6 after 22342 ops
... stopping thread 0 after 22252 ops
... stopping thread 3 after 22415 ops
... stopping thread 5 after 22453 ops
... stopping thread 9 after 22252 ops
... stopping thread 4 after 22202 ops
... stopping thread 8 after 22338 ops
[       OK ] MultiThreaded/MultiThreadedDBTest.MultiThreaded/70 (10208 ms)
[ RUN      ] MultiThreaded/MultiThreadedDBTest.MultiThreaded/71
... starting thread 0
... starting thread 2
... starting thread 3
... starting thread 1
... starting thread 4
... starting thread 5
... starting thread 6
... starting thread 7
... starting thread 8
... starting thread 9
... stopping thread 1 after 21805 ops
... stopping thread 0 after 21716 ops
... stopping thread 6 after 21763 ops
... stopping thread 2 after 21711 ops
... stopping thread 5 after 21859 ops
... stopping thread 9 after 21718 ops
... stopping thread 4 after 21782 ops
... stopping thread 8 after 21759 ops
... stopping thread 3 after 21918 ops
... stopping thread 7 after 21911 ops
[       OK ] MultiThreaded/MultiThreadedDBTest.MultiThreaded/71 (10216 ms)
[ RUN      ] MultiThreaded/MultiThreadedDBTest.MultiThreaded/72
... starting thread 0
... starting thread 1
... starting thread 2
... starting thread 3
... starting thread 4
... starting thread 5
... starting thread 6
... starting thread 7
... starting thread 8
... starting thread 9
... stopping thread 1 after 22368 ops
... stopping thread 0 after 22356 ops
... stopping thread 3 after 22522 ops
... stopping thread 9 after 22285 ops
... stopping thread 7 after 22536 ops
... stopping thread 2 after 22271 ops
... stopping thread 5 after 22492 ops
... stopping thread 6 after 22410 ops
... stopping thread 4 after 22313 ops
... stopping thread 8 after 22406 ops
[       OK ] MultiThreaded/MultiThreadedDBTest.MultiThreaded/72 (10177 ms)
[ RUN      ] MultiThreaded/MultiThreadedDBTest.MultiThreaded/73
... starting thread 0
... starting thread 1
... starting thread 2
... starting thread 3
... starting thread 4
... starting thread 5
... starting thread 6
... starting thread 7
... starting thread 8
... starting thread 9
... stopping thread 5 after 22372 ops
... stopping thread 3 after 22360 ops
... stopping thread 4 after 22155 ops
... stopping thread 6 after 22228 ops
... stopping thread 9 after 22196 ops
... stopping thread 2 after 22137 ops
... stopping thread 7 after 22353 ops
... stopping thread 1 after 22255 ops
... stopping thread 0 after 22236 ops
... stopping thread 8 after 22262 ops
[       OK ] MultiThreaded/MultiThreadedDBTest.MultiThreaded/73 (10196 ms)
[ RUN      ] MultiThreaded/MultiThreadedDBTest.MultiThreaded/74
... starting thread 0
... starting thread 1
... starting thread 2
... starting thread 3
... starting thread 4
... starting thread 5
... starting thread 6
... starting thread 7
... starting thread 8
... starting thread 9
... stopping thread 5 after 22200 ops
... stopping thread 0 after 21978 ops
... stopping thread 3 after 22152 ops
... stopping thread 1 after 22114 ops
... stopping thread 7 after 22186 ops
... stopping thread 6 after 22041 ops
... stopping thread 4 after 22033 ops
... stopping thread 2 after 21989 ops
... stopping thread 9 after 21936 ops
... stopping thread 8 after 22013 ops
[       OK ] MultiThreaded/MultiThreadedDBTest.MultiThreaded/74 (10179 ms)
[ RUN      ] MultiThreaded/MultiThreadedDBTest.MultiThreaded/75
... starting thread 0
... starting thread 1
... starting thread 2
... starting thread 3
... starting thread 4
... starting thread 5
... starting thread 6
... starting thread 7
... starting thread 8
... starting thread 9
... stopping thread 0 after 22221 ops
... stopping thread 3 after 22331 ops
... stopping thread 6 after 22283 ops
... stopping thread 1 after 22254 ops
... stopping thread 2 after 22130 ops
... stopping thread 5 after 22388 ops
... stopping thread 9 after 22179 ops
... stopping thread 7 after 22330 ops
... stopping thread 8 after 22202 ops
... stopping thread 4 after 22213 ops
[       OK ] MultiThreaded/MultiThreadedDBTest.MultiThreaded/75 (10168 ms)
[ RUN      ] MultiThreaded/MultiThreadedDBTest.MultiThreaded/76
... starting thread 0
... starting thread 1
... starting thread 2
... starting thread 3
... starting thread 4
... starting thread 5
... starting thread 6
... starting thread 7
... starting thread 8
... starting thread 9
... stopping thread 2 after 13871 ops
... stopping thread 5 after 14024 ops
... stopping thread 3 after 13897 ops
... stopping thread 6 after 13982 ops
... stopping thread 0 after 13926 ops
... stopping thread 9 after 13894 ops
... stopping thread 7 after 14140 ops
... stopping thread 8 after 13851 ops
... stopping thread 1 after 14097 ops
... stopping thread 4 after 13917 ops
[       OK ] MultiThreaded/MultiThreadedDBTest.MultiThreaded/76 (10157 ms)
[ RUN      ] MultiThreaded/MultiThreadedDBTest.MultiThreaded/77
... starting thread 0
... starting thread 1
... starting thread 2
... starting thread 3
... starting thread 4
... starting thread 5
... starting thread 6
... starting thread 7
... starting thread 8
... starting thread 9
... stopping thread 0 after 13266 ops
... stopping thread 3 after 13258 ops
... stopping thread 9 after 13274 ops
... stopping thread 5 after 13387 ops
... stopping thread 1 after 13448 ops
... stopping thread 7 after 13519 ops
... stopping thread 2 after 13251 ops
... stopping thread 8 after 13249 ops
... stopping thread 4 after 13251 ops
... stopping thread 6 after 13351 ops
[       OK ] MultiThreaded/MultiThreadedDBTest.MultiThreaded/77 (10147 ms)
[ RUN      ] MultiThreaded/MultiThreadedDBTest.MultiThreaded/78
... starting thread 0
... starting thread 1
... starting thread 2
... starting thread 3
... starting thread 4
... starting thread 5
... starting thread 6
... starting thread 7
... starting thread 8
... starting thread 9
... stopping thread 2 after 22128 ops
... stopping thread 0 after 22139 ops
... stopping thread 3 after 22322 ops
... stopping thread 5 after 22320 ops
... stopping thread 8 after 22214 ops
... stopping thread 7 after 22312 ops
... stopping thread 1 after 22215 ops
... stopping thread 4 after 22135 ops
... stopping thread 6 after 22217 ops
... stopping thread 9 after 22132 ops
[       OK ] MultiThreaded/MultiThreadedDBTest.MultiThreaded/78 (10196 ms)
[ RUN      ] MultiThreaded/MultiThreadedDBTest.MultiThreaded/79
... starting thread 0
... starting thread 1
... starting thread 2
... starting thread 3
... starting thread 4
... starting thread 5
... starting thread 6
... starting thread 7
... starting thread 8
... starting thread 9
... stopping thread 1 after 22072 ops
... stopping thread 7 after 22129 ops
... stopping thread 6 after 21981 ops
... stopping thread 3 after 22153 ops
... stopping thread 2 after 21922 ops
... stopping thread 8 after 21984 ops
... stopping thread 0 after 21965 ops
... stopping thread 9 after 21958 ops
... stopping thread 5 after 22120 ops
... stopping thread 4 after 21969 ops
[       OK ] MultiThreaded/MultiThreadedDBTest.MultiThreaded/79 (10178 ms)
[----------] 80 tests from MultiThreaded/MultiThreadedDBTest (793896 ms total)

[----------] 39 tests from DBTestRandomized/DBTestRandomized
[ RUN      ] DBTestRandomized/DBTestRandomized.Randomized/0
[       OK ] DBTestRandomized/DBTestRandomized.Randomized/0 (3956 ms)
[ RUN      ] DBTestRandomized/DBTestRandomized.Randomized/1
[       OK ] DBTestRandomized/DBTestRandomized.Randomized/1 (2360 ms)
[ RUN      ] DBTestRandomized/DBTestRandomized.Randomized/2
[       OK ] DBTestRandomized/DBTestRandomized.Randomized/2 (2280 ms)
[ RUN      ] DBTestRandomized/DBTestRandomized.Randomized/3
[       OK ] DBTestRandomized/DBTestRandomized.Randomized/3 (3291 ms)
[ RUN      ] DBTestRandomized/DBTestRandomized.Randomized/4
[       OK ] DBTestRandomized/DBTestRandomized.Randomized/4 (3362 ms)
[ RUN      ] DBTestRandomized/DBTestRandomized.Randomized/5
[       OK ] DBTestRandomized/DBTestRandomized.Randomized/5 (3640 ms)
[ RUN      ] DBTestRandomized/DBTestRandomized.Randomized/6
[       OK ] DBTestRandomized/DBTestRandomized.Randomized/6 (3289 ms)
[ RUN      ] DBTestRandomized/DBTestRandomized.Randomized/7
[       OK ] DBTestRandomized/DBTestRandomized.Randomized/7 (3728 ms)
[ RUN      ] DBTestRandomized/DBTestRandomized.Randomized/8
[       OK ] DBTestRandomized/DBTestRandomized.Randomized/8 (3755 ms)
[ RUN      ] DBTestRandomized/DBTestRandomized.Randomized/9
[       OK ] DBTestRandomized/DBTestRandomized.Randomized/9 (3883 ms)
[ RUN      ] DBTestRandomized/DBTestRandomized.Randomized/10
[       OK ] DBTestRandomized/DBTestRandomized.Randomized/10 (3759 ms)
[ RUN      ] DBTestRandomized/DBTestRandomized.Randomized/11
[       OK ] DBTestRandomized/DBTestRandomized.Randomized/11 (3661 ms)
[ RUN      ] DBTestRandomized/DBTestRandomized.Randomized/12
[       OK ] DBTestRandomized/DBTestRandomized.Randomized/12 (3739 ms)
[ RUN      ] DBTestRandomized/DBTestRandomized.Randomized/13
[       OK ] DBTestRandomized/DBTestRandomized.Randomized/13 (3774 ms)
[ RUN      ] DBTestRandomized/DBTestRandomized.Randomized/14
[       OK ] DBTestRandomized/DBTestRandomized.Randomized/14 (3708 ms)
[ RUN      ] DBTestRandomized/DBTestRandomized.Randomized/15
[       OK ] DBTestRandomized/DBTestRandomized.Randomized/15 (3677 ms)
[ RUN      ] DBTestRandomized/DBTestRandomized.Randomized/16
[       OK ] DBTestRandomized/DBTestRandomized.Randomized/16 (3719 ms)
[ RUN      ] DBTestRandomized/DBTestRandomized.Randomized/17
[       OK ] DBTestRandomized/DBTestRandomized.Randomized/17 (3747 ms)
[ RUN      ] DBTestRandomized/DBTestRandomized.Randomized/18
[       OK ] DBTestRandomized/DBTestRandomized.Randomized/18 (3865 ms)
[ RUN      ] DBTestRandomized/DBTestRandomized.Randomized/19
[       OK ] DBTestRandomized/DBTestRandomized.Randomized/19 (3825 ms)
[ RUN      ] DBTestRandomized/DBTestRandomized.Randomized/20
[       OK ] DBTestRandomized/DBTestRandomized.Randomized/20 (3866 ms)
[ RUN      ] DBTestRandomized/DBTestRandomized.Randomized/21
[       OK ] DBTestRandomized/DBTestRandomized.Randomized/21 (5492 ms)
[ RUN      ] DBTestRandomized/DBTestRandomized.Randomized/22
[       OK ] DBTestRandomized/DBTestRandomized.Randomized/22 (3735 ms)
[ RUN      ] DBTestRandomized/DBTestRandomized.Randomized/23
[       OK ] DBTestRandomized/DBTestRandomized.Randomized/23 (3694 ms)
[ RUN      ] DBTestRandomized/DBTestRandomized.Randomized/24
[       OK ] DBTestRandomized/DBTestRandomized.Randomized/24 (3715 ms)
[ RUN      ] DBTestRandomized/DBTestRandomized.Randomized/25
[       OK ] DBTestRandomized/DBTestRandomized.Randomized/25 (3689 ms)
[ RUN      ] DBTestRandomized/DBTestRandomized.Randomized/26
[       OK ] DBTestRandomized/DBTestRandomized.Randomized/26 (3894 ms)
[ RUN      ] DBTestRandomized/DBTestRandomized.Randomized/27
[       OK ] DBTestRandomized/DBTestRandomized.Randomized/27 (3667 ms)
[ RUN      ] DBTestRandomized/DBTestRandomized.Randomized/28
[       OK ] DBTestRandomized/DBTestRandomized.Randomized/28 (4364 ms)
[ RUN      ] DBTestRandomized/DBTestRandomized.Randomized/29
[       OK ] DBTestRandomized/DBTestRandomized.Randomized/29 (3683 ms)
[ RUN      ] DBTestRandomized/DBTestRandomized.Randomized/30
[       OK ] DBTestRandomized/DBTestRandomized.Randomized/30 (3790 ms)
[ RUN      ] DBTestRandomized/DBTestRandomized.Randomized/31
[       OK ] DBTestRandomized/DBTestRandomized.Randomized/31 (3813 ms)
[ RUN      ] DBTestRandomized/DBTestRandomized.Randomized/32
[       OK ] DBTestRandomized/DBTestRandomized.Randomized/32 (3711 ms)
[ RUN      ] DBTestRandomized/DBTestRandomized.Randomized/33
[       OK ] DBTestRandomized/DBTestRandomized.Randomized/33 (3639 ms)
[ RUN      ] DBTestRandomized/DBTestRandomized.Randomized/34
[       OK ] DBTestRandomized/DBTestRandomized.Randomized/34 (3805 ms)
[ RUN      ] DBTestRandomized/DBTestRandomized.Randomized/35
[       OK ] DBTestRandomized/DBTestRandomized.Randomized/35 (3895 ms)
[ RUN      ] DBTestRandomized/DBTestRandomized.Randomized/36
[       OK ] DBTestRandomized/DBTestRandomized.Randomized/36 (3742 ms)
[ RUN      ] DBTestRandomized/DBTestRandomized.Randomized/37
[       OK ] DBTestRandomized/DBTestRandomized.Randomized/37 (3645 ms)
[ RUN      ] DBTestRandomized/DBTestRandomized.Randomized/38
[       OK ] DBTestRandomized/DBTestRandomized.Randomized/38 (3667 ms)
[----------] 39 tests from DBTestRandomized/DBTestRandomized (144525 ms total)

[----------] 32 tests from DBTestWithParam/DBTestWithParam
[ RUN      ] DBTestWithParam/DBTestWithParam.FIFOCompactionTest/0
[       OK ] DBTestWithParam/DBTestWithParam.FIFOCompactionTest/0 (106 ms)
[ RUN      ] DBTestWithParam/DBTestWithParam.FIFOCompactionTest/1
[       OK ] DBTestWithParam/DBTestWithParam.FIFOCompactionTest/1 (104 ms)
[ RUN      ] DBTestWithParam/DBTestWithParam.FIFOCompactionTest/2
[       OK ] DBTestWithParam/DBTestWithParam.FIFOCompactionTest/2 (104 ms)
[ RUN      ] DBTestWithParam/DBTestWithParam.FIFOCompactionTest/3
[       OK ] DBTestWithParam/DBTestWithParam.FIFOCompactionTest/3 (100 ms)
[ RUN      ] DBTestWithParam/DBTestWithParam.ThreadStatusSingleCompaction/0
[       OK ] DBTestWithParam/DBTestWithParam.ThreadStatusSingleCompaction/0 (84 ms)
[ RUN      ] DBTestWithParam/DBTestWithParam.ThreadStatusSingleCompaction/1
[       OK ] DBTestWithParam/DBTestWithParam.ThreadStatusSingleCompaction/1 (81 ms)
[ RUN      ] DBTestWithParam/DBTestWithParam.ThreadStatusSingleCompaction/2
[       OK ] DBTestWithParam/DBTestWithParam.ThreadStatusSingleCompaction/2 (80 ms)
[ RUN      ] DBTestWithParam/DBTestWithParam.ThreadStatusSingleCompaction/3
[       OK ] DBTestWithParam/DBTestWithParam.ThreadStatusSingleCompaction/3 (79 ms)
[ RUN      ] DBTestWithParam/DBTestWithParam.PreShutdownManualCompaction/0
[       OK ] DBTestWithParam/DBTestWithParam.PreShutdownManualCompaction/0 (91 ms)
[ RUN      ] DBTestWithParam/DBTestWithParam.PreShutdownManualCompaction/1
[       OK ] DBTestWithParam/DBTestWithParam.PreShutdownManualCompaction/1 (91 ms)
[ RUN      ] DBTestWithParam/DBTestWithParam.PreShutdownManualCompaction/2
[       OK ] DBTestWithParam/DBTestWithParam.PreShutdownManualCompaction/2 (90 ms)
[ RUN      ] DBTestWithParam/DBTestWithParam.PreShutdownManualCompaction/3
[       OK ] DBTestWithParam/DBTestWithParam.PreShutdownManualCompaction/3 (90 ms)
[ RUN      ] DBTestWithParam/DBTestWithParam.PreShutdownMultipleCompaction/0
[       OK ] DBTestWithParam/DBTestWithParam.PreShutdownMultipleCompaction/0 (39 ms)
[ RUN      ] DBTestWithParam/DBTestWithParam.PreShutdownMultipleCompaction/1
[       OK ] DBTestWithParam/DBTestWithParam.PreShutdownMultipleCompaction/1 (39 ms)
[ RUN      ] DBTestWithParam/DBTestWithParam.PreShutdownMultipleCompaction/2
[       OK ] DBTestWithParam/DBTestWithParam.PreShutdownMultipleCompaction/2 (40 ms)
[ RUN      ] DBTestWithParam/DBTestWithParam.PreShutdownMultipleCompaction/3
[       OK ] DBTestWithParam/DBTestWithParam.PreShutdownMultipleCompaction/3 (39 ms)
[ RUN      ] DBTestWithParam/DBTestWithParam.PreShutdownCompactionMiddle/0
[       OK ] DBTestWithParam/DBTestWithParam.PreShutdownCompactionMiddle/0 (38 ms)
[ RUN      ] DBTestWithParam/DBTestWithParam.PreShutdownCompactionMiddle/1
[       OK ] DBTestWithParam/DBTestWithParam.PreShutdownCompactionMiddle/1 (40 ms)
[ RUN      ] DBTestWithParam/DBTestWithParam.PreShutdownCompactionMiddle/2
[       OK ] DBTestWithParam/DBTestWithParam.PreShutdownCompactionMiddle/2 (42 ms)
[ RUN      ] DBTestWithParam/DBTestWithParam.PreShutdownCompactionMiddle/3
[       OK ] DBTestWithParam/DBTestWithParam.PreShutdownCompactionMiddle/3 (42 ms)
[ RUN      ] DBTestWithParam/DBTestWithParam.MergeCompactionTimeTest/0
[       OK ] DBTestWithParam/DBTestWithParam.MergeCompactionTimeTest/0 (2567 ms)
[ RUN      ] DBTestWithParam/DBTestWithParam.MergeCompactionTimeTest/1
[       OK ] DBTestWithParam/DBTestWithParam.MergeCompactionTimeTest/1 (2494 ms)
[ RUN      ] DBTestWithParam/DBTestWithParam.MergeCompactionTimeTest/2
[       OK ] DBTestWithParam/DBTestWithParam.MergeCompactionTimeTest/2 (2643 ms)
[ RUN      ] DBTestWithParam/DBTestWithParam.MergeCompactionTimeTest/3
[       OK ] DBTestWithParam/DBTestWithParam.MergeCompactionTimeTest/3 (2487 ms)
[ RUN      ] DBTestWithParam/DBTestWithParam.FilterCompactionTimeTest/0
[       OK ] DBTestWithParam/DBTestWithParam.FilterCompactionTimeTest/0 (45 ms)
[ RUN      ] DBTestWithParam/DBTestWithParam.FilterCompactionTimeTest/1
[       OK ] DBTestWithParam/DBTestWithParam.FilterCompactionTimeTest/1 (39 ms)
[ RUN      ] DBTestWithParam/DBTestWithParam.FilterCompactionTimeTest/2
[       OK ] DBTestWithParam/DBTestWithParam.FilterCompactionTimeTest/2 (39 ms)
[ RUN      ] DBTestWithParam/DBTestWithParam.FilterCompactionTimeTest/3
[       OK ] DBTestWithParam/DBTestWithParam.FilterCompactionTimeTest/3 (51 ms)
[ RUN      ] DBTestWithParam/DBTestWithParam.CompactionTotalTimeTest/0
[       OK ] DBTestWithParam/DBTestWithParam.CompactionTotalTimeTest/0 (129 ms)
[ RUN      ] DBTestWithParam/DBTestWithParam.CompactionTotalTimeTest/1
[       OK ] DBTestWithParam/DBTestWithParam.CompactionTotalTimeTest/1 (127 ms)
[ RUN      ] DBTestWithParam/DBTestWithParam.CompactionTotalTimeTest/2
[       OK ] DBTestWithParam/DBTestWithParam.CompactionTotalTimeTest/2 (126 ms)
[ RUN      ] DBTestWithParam/DBTestWithParam.CompactionTotalTimeTest/3
[       OK ] DBTestWithParam/DBTestWithParam.CompactionTotalTimeTest/3 (127 ms)
[----------] 32 tests from DBTestWithParam/DBTestWithParam (12295 ms total)

[----------] 24 tests from OpenFilesAsync/OpenFilesAsyncTest
[ RUN      ] OpenFilesAsync/OpenFilesAsyncTest.ConcurrentFileAccess/0
[       OK ] OpenFilesAsync/OpenFilesAsyncTest.ConcurrentFileAccess/0 (60 ms)
[ RUN      ] OpenFilesAsync/OpenFilesAsyncTest.ConcurrentFileAccess/1
[       OK ] OpenFilesAsync/OpenFilesAsyncTest.ConcurrentFileAccess/1 (44 ms)
[ RUN      ] OpenFilesAsync/OpenFilesAsyncTest.ConcurrentFileAccess/2
[       OK ] OpenFilesAsync/OpenFilesAsyncTest.ConcurrentFileAccess/2 (56 ms)
[ RUN      ] OpenFilesAsync/OpenFilesAsyncTest.ConcurrentFileAccess/3
[       OK ] OpenFilesAsync/OpenFilesAsyncTest.ConcurrentFileAccess/3 (44 ms)
[ RUN      ] OpenFilesAsync/OpenFilesAsyncTest.AfterRead/0
[       OK ] OpenFilesAsync/OpenFilesAsyncTest.AfterRead/0 (58 ms)
[ RUN      ] OpenFilesAsync/OpenFilesAsyncTest.AfterRead/1
[       OK ] OpenFilesAsync/OpenFilesAsyncTest.AfterRead/1 (44 ms)
[ RUN      ] OpenFilesAsync/OpenFilesAsyncTest.AfterRead/2
[       OK ] OpenFilesAsync/OpenFilesAsyncTest.AfterRead/2 (58 ms)
[ RUN      ] OpenFilesAsync/OpenFilesAsyncTest.AfterRead/3
[       OK ] OpenFilesAsync/OpenFilesAsyncTest.AfterRead/3 (44 ms)
[ RUN      ] OpenFilesAsync/OpenFilesAsyncTest.BeforeRead/0
[       OK ] OpenFilesAsync/OpenFilesAsyncTest.BeforeRead/0 (56 ms)
[ RUN      ] OpenFilesAsync/OpenFilesAsyncTest.BeforeRead/1
[       OK ] OpenFilesAsync/OpenFilesAsyncTest.BeforeRead/1 (45 ms)
[ RUN      ] OpenFilesAsync/OpenFilesAsyncTest.BeforeRead/2
[       OK ] OpenFilesAsync/OpenFilesAsyncTest.BeforeRead/2 (56 ms)
[ RUN      ] OpenFilesAsync/OpenFilesAsyncTest.BeforeRead/3
[       OK ] OpenFilesAsync/OpenFilesAsyncTest.BeforeRead/3 (44 ms)
[ RUN      ] OpenFilesAsync/OpenFilesAsyncTest.Shutdown/0
[       OK ] OpenFilesAsync/OpenFilesAsyncTest.Shutdown/0 (40 ms)
[ RUN      ] OpenFilesAsync/OpenFilesAsyncTest.Shutdown/1
[       OK ] OpenFilesAsync/OpenFilesAsyncTest.Shutdown/1 (34 ms)
[ RUN      ] OpenFilesAsync/OpenFilesAsyncTest.Shutdown/2
[       OK ] OpenFilesAsync/OpenFilesAsyncTest.Shutdown/2 (39 ms)
[ RUN      ] OpenFilesAsync/OpenFilesAsyncTest.Shutdown/3
[       OK ] OpenFilesAsync/OpenFilesAsyncTest.Shutdown/3 (35 ms)
[ RUN      ] OpenFilesAsync/OpenFilesAsyncTest.Error/0
[       OK ] OpenFilesAsync/OpenFilesAsyncTest.Error/0 (65 ms)
[ RUN      ] OpenFilesAsync/OpenFilesAsyncTest.Error/1
[       OK ] OpenFilesAsync/OpenFilesAsyncTest.Error/1 (53 ms)
[ RUN      ] OpenFilesAsync/OpenFilesAsyncTest.Error/2
[       OK ] OpenFilesAsync/OpenFilesAsyncTest.Error/2 (67 ms)
[ RUN      ] OpenFilesAsync/OpenFilesAsyncTest.Error/3
[       OK ] OpenFilesAsync/OpenFilesAsyncTest.Error/3 (53 ms)
[ RUN      ] OpenFilesAsync/OpenFilesAsyncTest.DropColumnFamily/0
[       OK ] OpenFilesAsync/OpenFilesAsyncTest.DropColumnFamily/0 (143 ms)
[ RUN      ] OpenFilesAsync/OpenFilesAsyncTest.DropColumnFamily/1
[       OK ] OpenFilesAsync/OpenFilesAsyncTest.DropColumnFamily/1 (11 ms)
[ RUN      ] OpenFilesAsync/OpenFilesAsyncTest.DropColumnFamily/2
[       OK ] OpenFilesAsync/OpenFilesAsyncTest.DropColumnFamily/2 (141 ms)
[ RUN      ] OpenFilesAsync/OpenFilesAsyncTest.DropColumnFamily/3
[       OK ] OpenFilesAsync/OpenFilesAsyncTest.DropColumnFamily/3 (11 ms)
[----------] 24 tests from OpenFilesAsync/OpenFilesAsyncTest (1305 ms total)

[----------] Global test environment tear-down
[==========] 287 tests from 5 test cases ran. (1063739 ms total)
[  PASSED  ] 286 tests.
[  FAILED  ] 1 test, listed below:
[  FAILED  ] DBTest.PurgeInfoLogs

 1 FAILED TEST
  YOU HAVE 4 DISABLED TESTS

