FAIL original_parameters w=2 h=5 stride=6 channels=3 vu=0 bgr=0 status=0 mismatch=17 first=0 got=255 expected=100
FAIL original_parameters w=2 h=5 stride=6 channels=3 vu=0 bgr=1 status=0 mismatch=15 first=1 got=122 expected=154
FAIL original_parameters w=2 h=5 stride=6 channels=3 vu=1 bgr=0 status=0 mismatch=13 first=2 got=204 expected=176
FAIL original_parameters w=2 h=5 stride=6 channels=3 vu=1 bgr=1 status=0 mismatch=16 first=0 got=0 expected=147
FAIL original_parameters w=2 h=5 stride=6 channels=4 vu=0 bgr=0 status=0 mismatch=18 first=1 got=25 expected=32
FAIL original_parameters w=2 h=5 stride=6 channels=4 vu=0 bgr=1 status=0 mismatch=17 first=1 got=70 expected=143
FAIL original_parameters w=2 h=5 stride=6 channels=4 vu=1 bgr=0 status=0 mismatch=19 first=1 got=144 expected=171
FAIL original_parameters w=2 h=5 stride=6 channels=4 vu=1 bgr=1 status=0 mismatch=20 first=0 got=0 expected=205
FAIL original_parameters w=2 h=11 stride=6 channels=3 vu=0 bgr=0 status=0 mismatch=38 first=0 got=255 expected=219
FAIL original_parameters w=2 h=11 stride=6 channels=3 vu=0 bgr=1 status=0 mismatch=39 first=1 got=164 expected=255
FAIL original_parameters w=2 h=11 stride=6 channels=3 vu=1 bgr=0 status=0 mismatch=40 first=1 got=36 expected=23
FAIL original_parameters w=2 h=11 stride=6 channels=3 vu=1 bgr=1 status=0 mismatch=39 first=0 got=255 expected=18
FAIL original_parameters w=2 h=11 stride=6 channels=4 vu=0 bgr=0 status=0 mismatch=32 first=0 got=239 expected=191
FAIL original_parameters w=2 h=11 stride=6 channels=4 vu=0 bgr=1 status=0 mismatch=33 first=1 got=120 expected=136
FAIL original_parameters w=2 h=11 stride=6 channels=4 vu=1 bgr=0 status=0 mismatch=27 first=1 got=178 expected=179
FAIL original_parameters w=2 h=11 stride=6 channels=4 vu=1 bgr=1 status=0 mismatch=34 first=0 got=255 expected=57
FAIL original_parameters w=4 h=5 stride=8 channels=3 vu=0 bgr=0 status=0 mismatch=35 first=0 got=0 expected=42
FAIL original_parameters w=4 h=5 stride=8 channels=3 vu=0 bgr=1 status=0 mismatch=31 first=2 got=0 expected=32
FAIL original_parameters w=4 h=5 stride=8 channels=3 vu=1 bgr=0 status=0 mismatch=20 first=1 got=165 expected=208
FAIL original_parameters w=4 h=5 stride=8 channels=3 vu=1 bgr=1 status=0 mismatch=34 first=0 got=198 expected=49
FAIL original_parameters w=4 h=5 stride=8 channels=4 vu=0 bgr=0 status=0 mismatch=31 first=1 got=76 expected=85
FAIL original_parameters w=4 h=5 stride=8 channels=4 vu=0 bgr=1 status=0 mismatch=39 first=1 got=128 expected=255
FAIL original_parameters w=4 h=5 stride=8 channels=4 vu=1 bgr=0 status=0 mismatch=35 first=1 got=103 expected=81
FAIL original_parameters w=4 h=5 stride=8 channels=4 vu=1 bgr=1 status=0 mismatch=35 first=0 got=57 expected=255
FAIL original_parameters w=4 h=11 stride=8 channels=3 vu=0 bgr=0 status=0 mismatch=79 first=1 got=175 expected=114
FAIL original_parameters w=4 h=11 stride=8 channels=3 vu=0 bgr=1 status=0 mismatch=80 first=1 got=255 expected=169
FAIL original_parameters w=4 h=11 stride=8 channels=3 vu=1 bgr=0 status=0 mismatch=78 first=1 got=45 expected=93
FAIL original_parameters w=4 h=11 stride=8 channels=3 vu=1 bgr=1 status=0 mismatch=73 first=0 got=218 expected=137
FAIL original_parameters w=4 h=11 stride=8 channels=4 vu=0 bgr=0 status=0 mismatch=73 first=0 got=0 expected=186
FAIL original_parameters w=4 h=11 stride=8 channels=4 vu=0 bgr=1 status=0 mismatch=69 first=1 got=142 expected=220
FAIL original_parameters w=4 h=11 stride=8 channels=4 vu=1 bgr=0 status=0 mismatch=73 first=1 got=252 expected=231
FAIL original_parameters w=4 h=11 stride=8 channels=4 vu=1 bgr=1 status=0 mismatch=68 first=0 got=255 expected=170
FAIL original_parameters w=6 h=5 stride=10 channels=3 vu=0 bgr=0 status=0 mismatch=49 first=0 got=198 expected=89
FAIL original_parameters w=6 h=5 stride=10 channels=3 vu=0 bgr=1 status=0 mismatch=52 first=1 got=63 expected=151
FAIL original_parameters w=6 h=5 stride=10 channels=3 vu=1 bgr=0 status=0 mismatch=54 first=1 got=0 expected=28
FAIL original_parameters w=6 h=5 stride=10 channels=3 vu=1 bgr=1 status=0 mismatch=48 first=0 got=134 expected=0
FAIL original_parameters w=6 h=5 stride=10 channels=4 vu=0 bgr=0 status=0 mismatch=54 first=1 got=45 expected=71
FAIL original_parameters w=6 h=5 stride=10 channels=4 vu=0 bgr=1 status=0 mismatch=56 first=1 got=199 expected=255
FAIL original_parameters w=6 h=5 stride=10 channels=4 vu=1 bgr=0 status=0 mismatch=53 first=1 got=34 expected=16
FAIL original_parameters w=6 h=5 stride=10 channels=4 vu=1 bgr=1 status=0 mismatch=47 first=0 got=255 expected=89
FAIL original_parameters w=6 h=11 stride=10 channels=3 vu=0 bgr=0 status=0 mismatch=102 first=0 got=163 expected=227
FAIL original_parameters w=6 h=11 stride=10 channels=3 vu=0 bgr=1 status=0 mismatch=108 first=1 got=215 expected=163
FAIL original_parameters w=6 h=11 stride=10 channels=3 vu=1 bgr=0 status=0 mismatch=106 first=1 got=9 expected=60
FAIL original_parameters w=6 h=11 stride=10 channels=3 vu=1 bgr=1 status=0 mismatch=108 first=1 got=117 expected=111
FAIL original_parameters w=6 h=11 stride=10 channels=4 vu=0 bgr=0 status=0 mismatch=113 first=0 got=229 expected=57
FAIL original_parameters w=6 h=11 stride=10 channels=4 vu=0 bgr=1 status=0 mismatch=117 first=1 got=156 expected=163
FAIL original_parameters w=6 h=11 stride=10 channels=4 vu=1 bgr=0 status=0 mismatch=103 first=1 got=117 expected=126
FAIL original_parameters w=6 h=11 stride=10 channels=4 vu=1 bgr=1 status=0 mismatch=109 first=0 got=255 expected=0
FAIL original_parameters w=18 h=5 stride=22 channels=3 vu=0 bgr=0 status=0 mismatch=146 first=0 got=255 expected=216
FAIL original_parameters w=18 h=5 stride=22 channels=3 vu=0 bgr=1 status=0 mismatch=168 first=1 got=222 expected=59
FAIL original_parameters w=18 h=5 stride=22 channels=3 vu=1 bgr=0 status=0 mismatch=135 first=2 got=255 expected=56
FAIL original_parameters w=18 h=5 stride=22 channels=3 vu=1 bgr=1 status=0 mismatch=146 first=0 got=169 expected=0
FAIL original_parameters w=18 h=5 stride=22 channels=4 vu=0 bgr=0 status=0 mismatch=141 first=1 got=182 expected=170
FAIL original_parameters w=18 h=5 stride=22 channels=4 vu=0 bgr=1 status=0 mismatch=150 first=1 got=245 expected=187
FAIL original_parameters w=18 h=5 stride=22 channels=4 vu=1 bgr=0 status=0 mismatch=150 first=1 got=86 expected=8
FAIL original_parameters w=18 h=5 stride=22 channels=4 vu=1 bgr=1 status=0 mismatch=146 first=0 got=150 expected=0
FAIL original_parameters w=18 h=11 stride=22 channels=3 vu=0 bgr=0 status=0 mismatch=357 first=0 got=77 expected=154
FAIL original_parameters w=18 h=11 stride=22 channels=3 vu=0 bgr=1 status=0 mismatch=344 first=1 got=225 expected=174
FAIL original_parameters w=18 h=11 stride=22 channels=3 vu=1 bgr=0 status=0 mismatch=321 first=1 got=0 expected=16
FAIL original_parameters w=18 h=11 stride=22 channels=3 vu=1 bgr=1 status=0 mismatch=316 first=0 got=255 expected=183
FAIL original_parameters w=18 h=11 stride=22 channels=4 vu=0 bgr=0 status=0 mismatch=344 first=1 got=158 expected=173
FAIL original_parameters w=18 h=11 stride=22 channels=4 vu=0 bgr=1 status=0 mismatch=336 first=1 got=3 expected=97
FAIL original_parameters w=18 h=11 stride=22 channels=4 vu=1 bgr=0 status=0 mismatch=302 first=1 got=161 expected=188
FAIL original_parameters w=18 h=11 stride=22 channels=4 vu=1 bgr=1 status=0 mismatch=312 first=0 got=182 expected=7
FAIL original_parameters w=33 h=2 stride=37 channels=3 vu=0 bgr=0 status=0 mismatch=114 first=0 got=234 expected=205
FAIL original_parameters w=33 h=2 stride=37 channels=3 vu=0 bgr=1 status=0 mismatch=116 first=1 got=166 expected=253
FAIL original_parameters w=33 h=2 stride=37 channels=3 vu=1 bgr=0 status=0 mismatch=112 first=1 got=236 expected=228
FAIL original_parameters w=33 h=2 stride=37 channels=3 vu=1 bgr=1 status=0 mismatch=111 first=0 got=177 expected=255
FAIL original_parameters w=33 h=2 stride=37 channels=4 vu=0 bgr=0 status=0 mismatch=102 first=0 got=139 expected=255
FAIL original_parameters w=33 h=2 stride=37 channels=4 vu=0 bgr=1 status=0 mismatch=112 first=1 got=109 expected=77
FAIL original_parameters w=33 h=2 stride=37 channels=4 vu=1 bgr=0 status=0 mismatch=100 first=1 got=110 expected=183
FAIL original_parameters w=33 h=2 stride=37 channels=4 vu=1 bgr=1 status=0 mismatch=110 first=0 got=0 expected=72
FAIL original_parameters w=33 h=5 stride=37 channels=3 vu=0 bgr=0 status=0 mismatch=349 first=1 got=178 expected=148
FAIL original_parameters w=33 h=5 stride=37 channels=3 vu=0 bgr=1 status=0 mismatch=341 first=1 got=240 expected=255
FAIL original_parameters w=33 h=5 stride=37 channels=3 vu=1 bgr=0 status=0 mismatch=331 first=1 got=90 expected=100
FAIL original_parameters w=33 h=5 stride=37 channels=3 vu=1 bgr=1 status=0 mismatch=323 first=0 got=255 expected=40
FAIL original_parameters w=33 h=5 stride=37 channels=4 vu=0 bgr=0 status=0 mismatch=343 first=0 got=255 expected=150
FAIL original_parameters w=33 h=5 stride=37 channels=4 vu=0 bgr=1 status=0 mismatch=331 first=1 got=94 expected=104
FAIL original_parameters w=33 h=5 stride=37 channels=4 vu=1 bgr=0 status=0 mismatch=333 first=1 got=197 expected=227
FAIL original_parameters w=33 h=5 stride=37 channels=4 vu=1 bgr=1 status=0 mismatch=340 first=0 got=209 expected=236
FAIL original_parameters w=33 h=11 stride=37 channels=3 vu=0 bgr=0 status=0 mismatch=746 first=0 got=230 expected=103
FAIL original_parameters w=33 h=11 stride=37 channels=3 vu=0 bgr=1 status=0 mismatch=757 first=1 got=29 expected=126
FAIL original_parameters w=33 h=11 stride=37 channels=3 vu=1 bgr=0 status=0 mismatch=733 first=1 got=78 expected=19
FAIL original_parameters w=33 h=11 stride=37 channels=3 vu=1 bgr=1 status=0 mismatch=737 first=0 got=255 expected=177
FAIL original_parameters w=33 h=11 stride=37 channels=4 vu=0 bgr=0 status=0 mismatch=748 first=1 got=212 expected=253
FAIL original_parameters w=33 h=11 stride=37 channels=4 vu=0 bgr=1 status=0 mismatch=762 first=1 got=84 expected=21
FAIL original_parameters w=33 h=11 stride=37 channels=4 vu=1 bgr=0 status=0 mismatch=734 first=1 got=189 expected=148
FAIL original_parameters w=33 h=11 stride=37 channels=4 vu=1 bgr=1 status=0 mismatch=731 first=0 got=30 expected=44
FAIL original_parameters w=33 h=16 stride=37 channels=3 vu=0 bgr=0 status=0 mismatch=646 first=198 got=240 expected=56
FAIL original_parameters w=33 h=16 stride=37 channels=3 vu=0 bgr=1 status=0 mismatch=667 first=199 got=180 expected=98
FAIL original_parameters w=33 h=16 stride=37 channels=3 vu=1 bgr=0 status=0 mismatch=679 first=198 got=255 expected=241
FAIL original_parameters w=33 h=16 stride=37 channels=3 vu=1 bgr=1 status=0 mismatch=659 first=198 got=255 expected=144
FAIL original_parameters w=33 h=16 stride=37 channels=4 vu=0 bgr=0 status=0 mismatch=672 first=264 got=255 expected=237
FAIL original_parameters w=33 h=16 stride=37 channels=4 vu=0 bgr=1 status=0 mismatch=671 first=265 got=40 expected=114
FAIL original_parameters w=33 h=16 stride=37 channels=4 vu=1 bgr=0 status=0 mismatch=676 first=264 got=0 expected=255
FAIL original_parameters w=33 h=16 stride=37 channels=4 vu=1 bgr=1 status=0 mismatch=651 first=264 got=255 expected=178
FAIL even_decode w=2 h=6 stride=6 channels=3 vu=0 bgr=0 status=0 mismatch=8 first=12 got=205 expected=0
FAIL even_encode w=2 h=6 stride=6 channels=3 vu=0 bgr=0 status=0 mismatch=1 first=48 got=0 expected=128
FAIL even_decode w=2 h=6 stride=6 channels=3 vu=0 bgr=1 status=0 mismatch=5 first=13 got=148 expected=134
FAIL even_encode w=2 h=6 stride=6 channels=3 vu=0 bgr=1 status=0 mismatch=1 first=48 got=0 expected=128
FAIL even_decode w=2 h=6 stride=6 channels=3 vu=1 bgr=0 status=0 mismatch=4 first=13 got=91 expected=95
FAIL even_encode w=2 h=6 stride=6 channels=3 vu=1 bgr=0 status=0 mismatch=1 first=48 got=0 expected=128
FAIL even_decode w=2 h=6 stride=6 channels=3 vu=1 bgr=1 status=0 mismatch=4 first=12 got=195 expected=183
FAIL even_encode w=2 h=6 stride=6 channels=3 vu=1 bgr=1 status=0 mismatch=1 first=48 got=0 expected=128
FAIL even_decode w=2 h=6 stride=6 channels=4 vu=0 bgr=0 status=0 mismatch=6 first=16 got=0 expected=84
FAIL even_encode w=2 h=6 stride=6 channels=4 vu=0 bgr=0 status=0 mismatch=1 first=48 got=0 expected=128
FAIL even_decode w=2 h=6 stride=6 channels=4 vu=0 bgr=1 status=0 mismatch=4 first=17 got=198 expected=202
FAIL even_encode w=2 h=6 stride=6 channels=4 vu=0 bgr=1 status=0 mismatch=1 first=48 got=0 expected=128
FAIL even_decode w=2 h=6 stride=6 channels=4 vu=1 bgr=0 status=0 mismatch=6 first=17 got=162 expected=182
FAIL even_encode w=2 h=6 stride=6 channels=4 vu=1 bgr=0 status=0 mismatch=1 first=48 got=0 expected=128
FAIL even_decode w=2 h=6 stride=6 channels=4 vu=1 bgr=1 status=0 mismatch=8 first=16 got=255 expected=42
FAIL even_encode w=2 h=6 stride=6 channels=4 vu=1 bgr=1 status=0 mismatch=1 first=48 got=0 expected=128
FAIL even_decode w=2 h=10 stride=6 channels=3 vu=0 bgr=0 status=0 mismatch=16 first=12 got=239 expected=255
FAIL even_encode w=2 h=10 stride=6 channels=3 vu=0 bgr=0 status=0 mismatch=2 first=78 got=0 expected=128
FAIL even_decode w=2 h=10 stride=6 channels=3 vu=0 bgr=1 status=0 mismatch=16 first=13 got=0 expected=136
FAIL even_encode w=2 h=10 stride=6 channels=3 vu=0 bgr=1 status=0 mismatch=2 first=78 got=0 expected=128
FAIL even_decode w=2 h=10 stride=6 channels=3 vu=1 bgr=0 status=0 mismatch=12 first=13 got=164 expected=106
FAIL even_encode w=2 h=10 stride=6 channels=3 vu=1 bgr=0 status=0 mismatch=2 first=78 got=0 expected=128
FAIL even_decode w=2 h=10 stride=6 channels=3 vu=1 bgr=1 status=0 mismatch=12 first=12 got=47 expected=19
FAIL even_encode w=2 h=10 stride=6 channels=3 vu=1 bgr=1 status=0 mismatch=2 first=78 got=0 expected=128
FAIL even_decode w=2 h=10 stride=6 channels=4 vu=0 bgr=0 status=0 mismatch=16 first=16 got=252 expected=51
FAIL even_encode w=2 h=10 stride=6 channels=4 vu=0 bgr=0 status=0 mismatch=2 first=78 got=0 expected=128
FAIL even_decode w=2 h=10 stride=6 channels=4 vu=0 bgr=1 status=0 mismatch=10 first=17 got=44 expected=96
FAIL even_encode w=2 h=10 stride=6 channels=4 vu=0 bgr=1 status=0 mismatch=2 first=78 got=0 expected=128
FAIL even_decode w=2 h=10 stride=6 channels=4 vu=1 bgr=0 status=0 mismatch=16 first=17 got=122 expected=180
FAIL even_encode w=2 h=10 stride=6 channels=4 vu=1 bgr=0 status=0 mismatch=2 first=78 got=0 expected=128
FAIL even_decode w=2 h=10 stride=6 channels=4 vu=1 bgr=1 status=0 mismatch=15 first=16 got=0 expected=71
FAIL even_encode w=2 h=10 stride=6 channels=4 vu=1 bgr=1 status=0 mismatch=2 first=78 got=0 expected=128
FAIL even_decode w=4 h=6 stride=8 channels=3 vu=0 bgr=0 status=0 mismatch=13 first=24 got=42 expected=126
FAIL even_encode w=4 h=6 stride=8 channels=3 vu=0 bgr=0 status=0 mismatch=2 first=64 got=0 expected=128
FAIL even_decode w=4 h=6 stride=8 channels=3 vu=0 bgr=1 status=0 mismatch=16 first=25 got=255 expected=150
FAIL even_encode w=4 h=6 stride=8 channels=3 vu=0 bgr=1 status=0 mismatch=2 first=64 got=0 expected=128
FAIL even_decode w=4 h=6 stride=8 channels=3 vu=1 bgr=0 status=0 mismatch=10 first=25 got=199 expected=217
FAIL even_encode w=4 h=6 stride=8 channels=3 vu=1 bgr=0 status=0 mismatch=2 first=64 got=0 expected=128
FAIL even_decode w=4 h=6 stride=8 channels=3 vu=1 bgr=1 status=0 mismatch=13 first=24 got=0 expected=255
FAIL even_encode w=4 h=6 stride=8 channels=3 vu=1 bgr=1 status=0 mismatch=2 first=64 got=0 expected=128
FAIL even_decode w=4 h=6 stride=8 channels=4 vu=0 bgr=0 status=0 mismatch=11 first=33 got=130 expected=59
FAIL even_encode w=4 h=6 stride=8 channels=4 vu=0 bgr=0 status=0 mismatch=2 first=64 got=0 expected=128
FAIL even_decode w=4 h=6 stride=8 channels=4 vu=0 bgr=1 status=0 mismatch=10 first=33 got=113 expected=122
FAIL even_encode w=4 h=6 stride=8 channels=4 vu=0 bgr=1 status=0 mismatch=2 first=64 got=0 expected=128
FAIL even_decode w=4 h=6 stride=8 channels=4 vu=1 bgr=0 status=0 mismatch=15 first=33 got=0 expected=57
FAIL even_encode w=4 h=6 stride=8 channels=4 vu=1 bgr=0 status=0 mismatch=2 first=64 got=0 expected=128
FAIL even_decode w=4 h=6 stride=8 channels=4 vu=1 bgr=1 status=0 mismatch=11 first=32 got=0 expected=29
FAIL even_encode w=4 h=6 stride=8 channels=4 vu=1 bgr=1 status=0 mismatch=2 first=64 got=0 expected=128
FAIL even_decode w=4 h=10 stride=8 channels=3 vu=0 bgr=0 status=0 mismatch=29 first=24 got=161 expected=19
FAIL even_encode w=4 h=10 stride=8 channels=3 vu=0 bgr=0 status=0 mismatch=4 first=104 got=0 expected=128
FAIL even_decode w=4 h=10 stride=8 channels=3 vu=0 bgr=1 status=0 mismatch=24 first=26 got=46 expected=177
FAIL even_encode w=4 h=10 stride=8 channels=3 vu=0 bgr=1 status=0 mismatch=4 first=104 got=0 expected=128
FAIL even_decode w=4 h=10 stride=8 channels=3 vu=1 bgr=0 status=0 mismatch=27 first=25 got=168 expected=231
FAIL even_encode w=4 h=10 stride=8 channels=3 vu=1 bgr=0 status=0 mismatch=4 first=104 got=0 expected=128
FAIL even_decode w=4 h=10 stride=8 channels=3 vu=1 bgr=1 status=0 mismatch=26 first=25 got=101 expected=94
FAIL even_encode w=4 h=10 stride=8 channels=3 vu=1 bgr=1 status=0 mismatch=4 first=104 got=0 expected=128
FAIL even_decode w=4 h=10 stride=8 channels=4 vu=0 bgr=0 status=0 mismatch=26 first=32 got=19 expected=0
FAIL even_encode w=4 h=10 stride=8 channels=4 vu=0 bgr=0 status=0 mismatch=4 first=104 got=0 expected=128
FAIL even_decode w=4 h=10 stride=8 channels=4 vu=0 bgr=1 status=0 mismatch=28 first=33 got=163 expected=0
FAIL even_encode w=4 h=10 stride=8 channels=4 vu=0 bgr=1 status=0 mismatch=4 first=104 got=0 expected=128
FAIL even_decode w=4 h=10 stride=8 channels=4 vu=1 bgr=0 status=0 mismatch=24 first=33 got=188 expected=217
FAIL even_encode w=4 h=10 stride=8 channels=4 vu=1 bgr=0 status=0 mismatch=4 first=104 got=0 expected=128
FAIL even_decode w=4 h=10 stride=8 channels=4 vu=1 bgr=1 status=0 mismatch=28 first=32 got=1 expected=255
FAIL even_encode w=4 h=10 stride=8 channels=4 vu=1 bgr=1 status=0 mismatch=4 first=104 got=0 expected=128
FAIL even_decode w=6 h=6 stride=10 channels=3 vu=0 bgr=0 status=0 mismatch=23 first=36 got=211 expected=222
FAIL even_encode w=6 h=6 stride=10 channels=3 vu=0 bgr=0 status=0 mismatch=3 first=80 got=0 expected=128
FAIL even_decode w=6 h=6 stride=10 channels=3 vu=0 bgr=1 status=0 mismatch=21 first=37 got=75 expected=64
FAIL even_encode w=6 h=6 stride=10 channels=3 vu=0 bgr=1 status=0 mismatch=3 first=80 got=0 expected=128
FAIL even_decode w=6 h=6 stride=10 channels=3 vu=1 bgr=0 status=0 mismatch=21 first=37 got=229 expected=194
FAIL even_encode w=6 h=6 stride=10 channels=3 vu=1 bgr=0 status=0 mismatch=3 first=80 got=0 expected=128
FAIL even_decode w=6 h=6 stride=10 channels=3 vu=1 bgr=1 status=0 mismatch=21 first=36 got=255 expected=111
FAIL even_encode w=6 h=6 stride=10 channels=3 vu=1 bgr=1 status=0 mismatch=3 first=80 got=0 expected=128
FAIL even_decode w=6 h=6 stride=10 channels=4 vu=0 bgr=0 status=0 mismatch=18 first=48 got=0 expected=45
FAIL even_encode w=6 h=6 stride=10 channels=4 vu=0 bgr=0 status=0 mismatch=3 first=80 got=0 expected=128
FAIL even_decode w=6 h=6 stride=10 channels=4 vu=0 bgr=1 status=0 mismatch=17 first=49 got=225 expected=204
FAIL even_encode w=6 h=6 stride=10 channels=4 vu=0 bgr=1 status=0 mismatch=3 first=80 got=0 expected=128
FAIL even_decode w=6 h=6 stride=10 channels=4 vu=1 bgr=0 status=0 mismatch=19 first=50 got=0 expected=137
FAIL even_encode w=6 h=6 stride=10 channels=4 vu=1 bgr=0 status=0 mismatch=3 first=80 got=0 expected=128
FAIL even_decode w=6 h=6 stride=10 channels=4 vu=1 bgr=1 status=0 mismatch=20 first=48 got=137 expected=88
FAIL even_encode w=6 h=6 stride=10 channels=4 vu=1 bgr=1 status=0 mismatch=3 first=80 got=0 expected=128
FAIL even_decode w=6 h=10 stride=10 channels=3 vu=0 bgr=0 status=0 mismatch=39 first=37 got=89 expected=67
FAIL even_encode w=6 h=10 stride=10 channels=3 vu=0 bgr=0 status=0 mismatch=6 first=130 got=0 expected=128
FAIL even_decode w=6 h=10 stride=10 channels=3 vu=0 bgr=1 status=0 mismatch=43 first=37 got=74 expected=56
FAIL even_encode w=6 h=10 stride=10 channels=3 vu=0 bgr=1 status=0 mismatch=6 first=130 got=0 expected=128
FAIL even_decode w=6 h=10 stride=10 channels=3 vu=1 bgr=0 status=0 mismatch=38 first=37 got=27 expected=59
FAIL even_encode w=6 h=10 stride=10 channels=3 vu=1 bgr=0 status=0 mismatch=6 first=130 got=0 expected=128
FAIL even_decode w=6 h=10 stride=10 channels=3 vu=1 bgr=1 status=0 mismatch=38 first=37 got=151 expected=147
FAIL even_encode w=6 h=10 stride=10 channels=3 vu=1 bgr=1 status=0 mismatch=6 first=130 got=0 expected=128
FAIL even_decode w=6 h=10 stride=10 channels=4 vu=0 bgr=0 status=0 mismatch=43 first=48 got=112 expected=255
FAIL even_encode w=6 h=10 stride=10 channels=4 vu=0 bgr=0 status=0 mismatch=6 first=130 got=0 expected=128
FAIL even_decode w=6 h=10 stride=10 channels=4 vu=0 bgr=1 status=0 mismatch=41 first=49 got=255 expected=228
FAIL even_encode w=6 h=10 stride=10 channels=4 vu=0 bgr=1 status=0 mismatch=6 first=130 got=0 expected=128
FAIL even_decode w=6 h=10 stride=10 channels=4 vu=1 bgr=0 status=0 mismatch=39 first=49 got=255 expected=237
FAIL even_encode w=6 h=10 stride=10 channels=4 vu=1 bgr=0 status=0 mismatch=6 first=130 got=0 expected=128
FAIL even_decode w=6 h=10 stride=10 channels=4 vu=1 bgr=1 status=0 mismatch=33 first=48 got=50 expected=70
FAIL even_encode w=6 h=10 stride=10 channels=4 vu=1 bgr=1 status=0 mismatch=6 first=130 got=0 expected=128
FAIL even_decode w=18 h=6 stride=22 channels=3 vu=0 bgr=0 status=0 mismatch=59 first=109 got=101 expected=99
FAIL even_encode w=18 h=6 stride=22 channels=3 vu=0 bgr=0 status=0 mismatch=4 first=181 got=0 expected=128
FAIL even_decode w=18 h=6 stride=22 channels=3 vu=0 bgr=1 status=0 mismatch=52 first=109 got=0 expected=23
FAIL even_encode w=18 h=6 stride=22 channels=3 vu=0 bgr=1 status=0 mismatch=4 first=181 got=0 expected=128
FAIL even_decode w=18 h=6 stride=22 channels=3 vu=1 bgr=0 status=0 mismatch=51 first=109 got=196 expected=169
FAIL even_encode w=18 h=6 stride=22 channels=3 vu=1 bgr=0 status=0 mismatch=4 first=181 got=0 expected=128
FAIL even_decode w=18 h=6 stride=22 channels=3 vu=1 bgr=1 status=0 mismatch=56 first=108 got=0 expected=255
FAIL even_encode w=18 h=6 stride=22 channels=3 vu=1 bgr=1 status=0 mismatch=4 first=181 got=0 expected=128
FAIL even_decode w=18 h=6 stride=22 channels=4 vu=0 bgr=0 status=0 mismatch=59 first=144 got=232 expected=255
FAIL even_encode w=18 h=6 stride=22 channels=4 vu=0 bgr=0 status=0 mismatch=4 first=181 got=0 expected=128
FAIL even_decode w=18 h=6 stride=22 channels=4 vu=0 bgr=1 status=0 mismatch=62 first=146 got=142 expected=160
FAIL even_encode w=18 h=6 stride=22 channels=4 vu=0 bgr=1 status=0 mismatch=4 first=181 got=0 expected=128
FAIL even_decode w=18 h=6 stride=22 channels=4 vu=1 bgr=0 status=0 mismatch=59 first=145 got=168 expected=140
FAIL even_encode w=18 h=6 stride=22 channels=4 vu=1 bgr=0 status=0 mismatch=4 first=181 got=0 expected=128
FAIL even_decode w=18 h=6 stride=22 channels=4 vu=1 bgr=1 status=0 mismatch=54 first=144 got=0 expected=226
FAIL even_encode w=18 h=6 stride=22 channels=4 vu=1 bgr=1 status=0 mismatch=4 first=181 got=0 expected=128
FAIL even_decode w=18 h=10 stride=22 channels=3 vu=0 bgr=0 status=0 mismatch=117 first=109 got=142 expected=156
FAIL even_encode w=18 h=10 stride=22 channels=3 vu=0 bgr=0 status=0 mismatch=8 first=291 got=0 expected=128
FAIL even_decode w=18 h=10 stride=22 channels=3 vu=0 bgr=1 status=0 mismatch=126 first=109 got=104 expected=0
FAIL even_encode w=18 h=10 stride=22 channels=3 vu=0 bgr=1 status=0 mismatch=8 first=291 got=0 expected=128
FAIL even_decode w=18 h=10 stride=22 channels=3 vu=1 bgr=0 status=0 mismatch=109 first=109 got=127 expected=150
FAIL even_encode w=18 h=10 stride=22 channels=3 vu=1 bgr=0 status=0 mismatch=8 first=291 got=0 expected=128
FAIL even_decode w=18 h=10 stride=22 channels=3 vu=1 bgr=1 status=0 mismatch=124 first=108 got=242 expected=255
FAIL even_encode w=18 h=10 stride=22 channels=3 vu=1 bgr=1 status=0 mismatch=8 first=291 got=0 expected=128
FAIL even_decode w=18 h=10 stride=22 channels=4 vu=0 bgr=0 status=0 mismatch=117 first=144 got=110 expected=227
FAIL even_encode w=18 h=10 stride=22 channels=4 vu=0 bgr=0 status=0 mismatch=8 first=291 got=0 expected=128
FAIL even_decode w=18 h=10 stride=22 channels=4 vu=0 bgr=1 status=0 mismatch=131 first=146 got=127 expected=109
FAIL even_encode w=18 h=10 stride=22 channels=4 vu=0 bgr=1 status=0 mismatch=8 first=291 got=0 expected=128
FAIL even_decode w=18 h=10 stride=22 channels=4 vu=1 bgr=0 status=0 mismatch=118 first=145 got=244 expected=255
FAIL even_encode w=18 h=10 stride=22 channels=4 vu=1 bgr=0 status=0 mismatch=8 first=291 got=0 expected=128
FAIL even_decode w=18 h=10 stride=22 channels=4 vu=1 bgr=1 status=0 mismatch=111 first=144 got=0 expected=146
FAIL even_encode w=18 h=10 stride=22 channels=4 vu=1 bgr=1 status=0 mismatch=8 first=291 got=0 expected=128
FAIL even_decode w=34 h=6 stride=38 channels=3 vu=0 bgr=0 status=0 mismatch=114 first=204 got=171 expected=125
FAIL even_encode w=34 h=6 stride=38 channels=3 vu=0 bgr=0 status=0 mismatch=4 first=317 got=0 expected=128
FAIL even_decode w=34 h=6 stride=38 channels=3 vu=0 bgr=1 status=0 mismatch=120 first=205 got=160 expected=255
FAIL even_encode w=34 h=6 stride=38 channels=3 vu=0 bgr=1 status=0 mismatch=4 first=317 got=0 expected=128
FAIL even_decode w=34 h=6 stride=38 channels=3 vu=1 bgr=0 status=0 mismatch=112 first=206 got=180 expected=0
FAIL even_encode w=34 h=6 stride=38 channels=3 vu=1 bgr=0 status=0 mismatch=4 first=317 got=0 expected=128
FAIL even_decode w=34 h=6 stride=38 channels=3 vu=1 bgr=1 status=0 mismatch=116 first=204 got=181 expected=82
FAIL even_encode w=34 h=6 stride=38 channels=3 vu=1 bgr=1 status=0 mismatch=4 first=317 got=0 expected=128
FAIL even_decode w=34 h=6 stride=38 channels=4 vu=0 bgr=0 status=0 mismatch=105 first=272 got=151 expected=59
FAIL even_encode w=34 h=6 stride=38 channels=4 vu=0 bgr=0 status=0 mismatch=4 first=317 got=0 expected=128
FAIL even_decode w=34 h=6 stride=38 channels=4 vu=0 bgr=1 status=0 mismatch=114 first=274 got=115 expected=176
FAIL even_encode w=34 h=6 stride=38 channels=4 vu=0 bgr=1 status=0 mismatch=4 first=317 got=0 expected=128
FAIL even_decode w=34 h=6 stride=38 channels=4 vu=1 bgr=0 status=0 mismatch=101 first=273 got=99 expected=28
FAIL even_encode w=34 h=6 stride=38 channels=4 vu=1 bgr=0 status=0 mismatch=4 first=317 got=0 expected=128
FAIL even_decode w=34 h=6 stride=38 channels=4 vu=1 bgr=1 status=0 mismatch=110 first=272 got=218 expected=0
FAIL even_encode w=34 h=6 stride=38 channels=4 vu=1 bgr=1 status=0 mismatch=4 first=317 got=0 expected=128
FAIL even_decode w=34 h=10 stride=38 channels=3 vu=0 bgr=0 status=0 mismatch=242 first=204 got=255 expected=66
FAIL even_encode w=34 h=10 stride=38 channels=3 vu=0 bgr=0 status=0 mismatch=8 first=507 got=0 expected=128
FAIL even_decode w=34 h=10 stride=38 channels=3 vu=0 bgr=1 status=0 mismatch=222 first=205 got=255 expected=239
FAIL even_encode w=34 h=10 stride=38 channels=3 vu=0 bgr=1 status=0 mismatch=8 first=507 got=0 expected=128
FAIL even_decode w=34 h=10 stride=38 channels=3 vu=1 bgr=0 status=0 mismatch=220 first=205 got=79 expected=62
FAIL even_encode w=34 h=10 stride=38 channels=3 vu=1 bgr=0 status=0 mismatch=8 first=507 got=0 expected=128
FAIL even_decode w=34 h=10 stride=38 channels=3 vu=1 bgr=1 status=0 mismatch=219 first=204 got=0 expected=172
FAIL even_encode w=34 h=10 stride=38 channels=3 vu=1 bgr=1 status=0 mismatch=8 first=507 got=0 expected=128
FAIL even_decode w=34 h=10 stride=38 channels=4 vu=0 bgr=0 status=0 mismatch=244 first=272 got=166 expected=96
FAIL even_encode w=34 h=10 stride=38 channels=4 vu=0 bgr=0 status=0 mismatch=8 first=507 got=0 expected=128
FAIL even_decode w=34 h=10 stride=38 channels=4 vu=0 bgr=1 status=0 mismatch=235 first=273 got=228 expected=123
FAIL even_encode w=34 h=10 stride=38 channels=4 vu=0 bgr=1 status=0 mismatch=8 first=507 got=0 expected=128
FAIL even_decode w=34 h=10 stride=38 channels=4 vu=1 bgr=0 status=0 mismatch=200 first=274 got=145 expected=0
FAIL even_encode w=34 h=10 stride=38 channels=4 vu=1 bgr=0 status=0 mismatch=8 first=507 got=0 expected=128
FAIL even_decode w=34 h=10 stride=38 channels=4 vu=1 bgr=1 status=0 mismatch=220 first=273 got=172 expected=170
FAIL even_encode w=34 h=10 stride=38 channels=4 vu=1 bgr=1 status=0 mismatch=8 first=507 got=0 expected=128
SUMMARY original_parameters total=160 passed=64 failed=96
SUMMARY even_decode total=480 passed=400 failed=80
SUMMARY even_encode total=480 passed=400 failed=80
